******************************************************************************
                  TI ARM Linker PC v15.12.3                    
******************************************************************************
>> Linked Fri Jul 29 00:01:30 2016

OUTPUT FILE NAME:   <encoder_test.out>
ENTRY POINT SYMBOL: "_c_int00"  address: 00001475


MEMORY CONFIGURATION

         name            origin    length      used     unused   attr    fill
----------------------  --------  ---------  --------  --------  ----  --------
  FLASH                 00000000   00040000  00001bfc  0003e404  R  X
  SRAM                  20000000   00008000  00000634  000079cc  RW X


SEGMENT ALLOCATION MAP

run origin  load origin   length   init length attrs members
----------  ----------- ---------- ----------- ----- -------
00000000    00000000    00001bfc   00001bfc    r-x
  00000000    00000000    0000026c   0000026c    r-- .intvecs
  0000026c    0000026c    00001650   00001650    r-x .text
  000018bc    000018bc    000002f4   000002f4    r-- .const
  00001bb0    00001bb0    0000004c   0000004c    r-- .cinit
20000000    20000000    00000634   00000000    rw-
  20000000    20000000    00000400   00000000    rw- .stack
  20000400    20000400    00000200   00000000    rw- .sysmem
  20000600    20000600    00000030   00000000    rw- .data
  20000630    20000630    00000004   00000000    rw- .bss


SECTION ALLOCATION MAP

 output                                  attributes/
section   page    origin      length       input sections
--------  ----  ----------  ----------   ----------------
.intvecs   0    00000000    0000026c     
                  00000000    0000026c     tm4c123gh6pm_startup_ccs.obj (.intvecs)

.text      0    0000026c    00001650     
                  0000026c    0000049c     uartstdio.obj (.text)
                  00000708    000003dc     rtsv7M4_T_le_v4SPD16_eabi.lib : memory.obj (.text)
                  00000ae4    000002e4     AMSPositionEncoder.obj (.text)
                  00000dc8    00000132     driverlib.lib : gpio.obj (.text:GPIOPadConfigSet)
                  00000efa    00000002     rtsv7M4_T_le_v4SPD16_eabi.lib : i_div0.obj (.text)
                  00000efc    00000110     driverlib.lib : sysctl.obj (.text:SysCtlClockGet)
                  0000100c    000000f4                   : sysctl.obj (.text:SysCtlClockSet)
                  00001100    000000c4     main.obj (.text)
                  000011c4    000000bc     rtsv7M4_T_le_v4SPD16_eabi.lib : typeinfo_.obj (.text)
                  00001280    0000009c                                   : memcpy_t2.obj (.text)
                  0000131c    0000007a                                   : memset_t2.obj (.text)
                  00001396    00000002                                   : mpu_init.obj (.text)
                  00001398    00000070                                   : autoinit.obj (.text)
                  00001408    0000006a                                   : copy_decompress_rle.obj (.text)
                  00001472    00000002                                   : newhandler.obj (.text)
                  00001474    00000054                                   : boot.obj (.text)
                  000014c8    00000054                                   : exit.obj (.text)
                  0000151c    0000004c     driverlib.lib : i2c.obj (.text:I2CMasterInitExpClk)
                  00001568    0000004c     rtsv7M4_T_le_v4SPD16_eabi.lib : cpy_tbl.obj (.text)
                  000015b4    00000048     driverlib.lib : gpio.obj (.text:GPIOPinConfigure)
                  000015fc    00000046                   : uart.obj (.text:UARTConfigSetExpClk)
                  00001642    00000040     rtsv7M4_T_le_v4SPD16_eabi.lib : u_divt2.obj (.text)
                  00001682    00000002                                   : startup.obj (.text)
                  00001684    00000038     PositionEncoder.obj (.text)
                  000016bc    00000038     driverlib.lib : sysctl.obj (.text:SysCtlPeripheralPresent)
                  000016f4    00000034                   : sysctl.obj (.text:SysCtlPeripheralEnable)
                  00001728    00000030     rtsv7M4_T_le_v4SPD16_eabi.lib : new_.obj (.text)
                  00001758    0000002a     driverlib.lib : gpio.obj (.text:GPIODirModeSet)
                  00001782    00000002     --HOLE-- [fill = 0]
                  00001784    00000020                   : uart.obj (.text:UARTDisable)
                  000017a4    00000018     rtsv7M4_T_le_v4SPD16_eabi.lib : args_main.obj (.text)
                  000017bc    00000014     driverlib.lib : systick.obj (.text:SysTickEnable)
                  000017d0    00000014                   : uart.obj (.text:UARTEnable)
                  000017e4    00000014     rtsv7M4_T_le_v4SPD16_eabi.lib : _lock.obj (.text)
                  000017f8    00000012     driverlib.lib : gpio.obj (.text:GPIOPinTypeI2C)
                  0000180a    00000012                   : gpio.obj (.text:GPIOPinTypeI2CSCL)
                  0000181c    00000012                   : gpio.obj (.text:GPIOPinTypeUART)
                  0000182e    00000002     --HOLE-- [fill = 0]
                  00001830    00000010                   : systick.obj (.text:SysTickPeriodSet)
                  00001840    0000000e     rtsv7M4_T_le_v4SPD16_eabi.lib : copy_decompress_none.obj (.text:decompress:none)
                  0000184e    0000000c     tm4c123gh6pm_startup_ccs.obj (.text)
                  0000185a    0000000a     driverlib.lib : i2c.obj (.text:I2CMasterEnable)
                  00001864    0000000a                   : uart.obj (.text:UARTCharGet)
                  0000186e    0000000a                   : uart.obj (.text:UARTCharPut)
                  00001878    00000008                   : i2c.obj (.text:I2CMasterBusy)
                  00001880    00000008                   : i2c.obj (.text:I2CMasterSlaveAddrSet)
                  00001888    00000008     rtsv7M4_T_le_v4SPD16_eabi.lib : delete.obj (.text)
                  00001890    00000006     driverlib.lib : sysctl.obj (.text:SysCtlDelay)
                  00001896    00000006                   : uart.obj (.text:UARTClockSourceSet)
                  0000189c    00000006     rtsv7M4_T_le_v4SPD16_eabi.lib : copy_decompress_rle.obj (.text:decompress:rle24)
                  000018a2    00000006                                   : pure_virt.obj (.text)
                  000018a8    00000004     driverlib.lib : i2c.obj (.text:I2CMasterControl)
                  000018ac    00000004                   : i2c.obj (.text:I2CMasterDataGet)
                  000018b0    00000004                   : i2c.obj (.text:I2CMasterDataPut)
                  000018b4    00000004     rtsv7M4_T_le_v4SPD16_eabi.lib : error.obj (.text)
                  000018b8    00000004                                   : pre_init.obj (.text)

.const     0    000018bc    000002f4     
                  000018bc    00000090     driverlib.lib : gpio.obj (.const:g_pui32GPIOBaseAddrs)
                  0000194c    0000006c                   : sysctl.obj (.const:g_pui32Xtals)
                  000019b8    00000028     rtsv7M4_T_le_v4SPD16_eabi.lib : typeinfo_.obj (.const:.typeinfo:_ZTSN10__cxxabiv123__fundamental_type_infoE)
                  000019e0    00000025                                   : typeinfo_.obj (.const:.typeinfo:_ZTSN10__cxxabiv120__si_class_type_infoE)
                  00001a05    00000024                                   : typeinfo_.obj (.const:.typeinfo:_ZTSN10__cxxabiv119__pointer_type_infoE)
                  00001a29    00000022                                   : typeinfo_.obj (.const:.typeinfo:_ZTSN10__cxxabiv117__class_type_infoE)
                  00001a4b    00000022                                   : typeinfo_.obj (.const:.typeinfo:_ZTSN10__cxxabiv117__pbase_type_infoE)
                  00001a6d    00000015     AMSPositionEncoder.obj (.const:.typeinfo:_ZTS18AMSPositionEncoder)
                  00001a82    00000002     rtsv7M4_T_le_v4SPD16_eabi.lib : typeinfo_.obj (.const:.typeinfo:_ZTSe)
                  00001a84    00000014     PositionEncoder.obj (.const:_ZTV15PositionEncoder)
                  00001a98    00000014     AMSPositionEncoder.obj (.const:_ZTV18AMSPositionEncoder)
                  00001aac    00000012     uartstdio.obj (.const:.string)
                  00001abe    00000012     PositionEncoder.obj (.const:.typeinfo:_ZTS15PositionEncoder)
                  00001ad0    00000010     rtsv7M4_T_le_v4SPD16_eabi.lib : typeinfo_.obj (.const:.typeinfo:_ZTIPKe)
                  00001ae0    00000010                                   : typeinfo_.obj (.const:_ZTVN10__cxxabiv117__class_type_infoE)
                  00001af0    00000010                                   : typeinfo_.obj (.const:_ZTVN10__cxxabiv119__pointer_type_infoE)
                  00001b00    00000010                                   : typeinfo_.obj (.const:_ZTVN10__cxxabiv120__si_class_type_infoE)
                  00001b10    00000010                                   : typeinfo_.obj (.const:_ZTVN10__cxxabiv123__fundamental_type_infoE)
                  00001b20    0000000d                                   : typeinfo_.obj (.const:.typeinfo:_ZTSSt9type_info)
                  00001b2d    00000003     --HOLE-- [fill = 0]
                  00001b30    0000000c     AMSPositionEncoder.obj (.const:.typeinfo:_ZTI18AMSPositionEncoder)
                  00001b3c    0000000c     rtsv7M4_T_le_v4SPD16_eabi.lib : typeinfo_.obj (.const:.typeinfo:_ZTIN10__cxxabiv117__class_type_infoE)
                  00001b48    0000000c                                   : typeinfo_.obj (.const:.typeinfo:_ZTIN10__cxxabiv117__pbase_type_infoE)
                  00001b54    0000000c                                   : typeinfo_.obj (.const:.typeinfo:_ZTIN10__cxxabiv119__pointer_type_infoE)
                  00001b60    0000000c                                   : typeinfo_.obj (.const:.typeinfo:_ZTIN10__cxxabiv120__si_class_type_infoE)
                  00001b6c    0000000c                                   : typeinfo_.obj (.const:.typeinfo:_ZTIN10__cxxabiv123__fundamental_type_infoE)
                  00001b78    0000000c     uartstdio.obj (.const:g_ui32UARTBase)
                  00001b84    0000000c     uartstdio.obj (.const:g_ui32UARTPeriph)
                  00001b90    00000008     PositionEncoder.obj (.const:.typeinfo:_ZTI15PositionEncoder)
                  00001b98    00000008     rtsv7M4_T_le_v4SPD16_eabi.lib : typeinfo_.obj (.const:.typeinfo:_ZTISt9type_info)
                  00001ba0    00000008                                   : typeinfo_.obj (.const:.typeinfo:_ZTIe)
                  00001ba8    00000004                                   : typeinfo_.obj (.const:.typeinfo:_ZTSPKe)
                  00001bac    00000004     uartstdio.obj (.const)

.cinit     0    00001bb0    0000004c     
                  00001bb0    00000021     (.cinit..data.load) [load image, compression = rle]
                  00001bd1    00000007     --HOLE-- [fill = 0]
                  00001bd8    00000009     (.cinit..bss.load) [load image, compression = rle]
                  00001be1    00000003     --HOLE-- [fill = 0]
                  00001be4    00000008     (__TI_handler_table)
                  00001bec    00000010     (__TI_cinit_table)

.init_array 
*          0    00000000    00000000     UNINITIALIZED

.stack     0    20000000    00000400     UNINITIALIZED
                  20000000    00000400     --HOLE--

.sysmem    0    20000400    00000200     UNINITIALIZED
                  20000400    00000008     rtsv7M4_T_le_v4SPD16_eabi.lib : memory.obj (.sysmem)
                  20000408    000001f8     --HOLE--

.data      0    20000600    00000030     UNINITIALIZED
                  20000600    0000000c     rtsv7M4_T_le_v4SPD16_eabi.lib : exit.obj (.data:$O1$$)
                  2000060c    0000000c                                   : memory.obj (.data:$O1$$)
                  20000618    00000008                                   : _lock.obj (.data:$O1$$)
                  20000620    00000005     uartstdio.obj (.data)
                  20000625    00000003     --HOLE--
                  20000628    00000004     rtsv7M4_T_le_v4SPD16_eabi.lib : stkdepth_vars.obj (.data)
                  2000062c    00000004                                   : vars.obj (.data)

.bss       0    20000630    00000004     UNINITIALIZED
                  20000630    00000004     (.common:_ZSt16__dummy_typeinfo)

MODULE SUMMARY

       Module                         code   ro data   rw data
       ------                         ----   -------   -------
    .\
       tm4c123gh6pm_startup_ccs.obj   12     620       0      
       main.obj                       196    0         0      
    +--+------------------------------+------+---------+---------+
       Total:                         208    620       0      
                                                              
    .\Encoder\
       AMSPositionEncoder.obj         740    53        0      
       PositionEncoder.obj            56     46        0      
    +--+------------------------------+------+---------+---------+
       Total:                         796    99        0      
                                                              
    .\utils\
       uartstdio.obj                  1180   46        5      
    +--+------------------------------+------+---------+---------+
       Total:                         1180   46        5      
                                                              
    C:\ti\TivaWare_C_Series-2.1.2.111\driverlib\ccs\Debug\driverlib.lib
       sysctl.obj                     630    108       0      
       gpio.obj                       474    144       0      
       uart.obj                       148    0         0      
       i2c.obj                        114    0         0      
       systick.obj                    36     0         0      
    +--+------------------------------+------+---------+---------+
       Total:                         1402   252       0      
                                                              
    C:\ti\ccsv6\tools\compiler\arm_15.12.3.LTS\lib\rtsv7M4_T_le_v4SPD16_eabi.lib
       memory.obj                     988    0         12     
       typeinfo_.obj                  188    356       4      
       memcpy_t2.obj                  156    0         0      
       memset_t2.obj                  122    0         0      
       autoinit.obj                   112    0         0      
       copy_decompress_rle.obj        112    0         0      
       exit.obj                       84     0         12     
       boot.obj                       84     0         0      
       cpy_tbl.obj                    76     0         0      
       u_divt2.obj                    64     0         0      
       new_.obj                       48     0         0      
       _lock.obj                      20     0         8      
       args_main.obj                  24     0         0      
       copy_decompress_none.obj       14     0         0      
       delete.obj                     8      0         0      
       pure_virt.obj                  6      0         0      
       error.obj                      4      0         0      
       pre_init.obj                   4      0         0      
       stkdepth_vars.obj              0      0         4      
       vars.obj                       0      0         4      
       i_div0.obj                     2      0         0      
       mpu_init.obj                   2      0         0      
       newhandler.obj                 2      0         0      
       startup.obj                    2      0         0      
    +--+------------------------------+------+---------+---------+
       Total:                         2122   356       44     
                                                              
       Heap:                          0      0         512    
       Stack:                         0      0         1024   
       Linker Generated:              0      66        0      
    +--+------------------------------+------+---------+---------+
       Grand Total:                   5708   1439      1585   


LINKER GENERATED COPY TABLES

__TI_cinit_table @ 00001bec records: 2, size/record: 8, table size: 16
	.data: load addr=00001bb0, load size=00000021 bytes, run addr=20000600, run size=00000030 bytes, compression=rle
	.bss: load addr=00001bd8, load size=00000009 bytes, run addr=20000630, run size=00000004 bytes, compression=rle


LINKER GENERATED HANDLER TABLE

__TI_handler_table @ 00001be4 records: 2, size/record: 4, table size: 8
	index: 0, handler: __TI_decompress_rle24
	index: 1, handler: __TI_decompress_none


GLOBAL SYMBOLS: SORTED ALPHABETICALLY BY Name 

address   name                                              
-------   ----                                              
000014c9  C$$EXIT                                           
00001759  GPIODirModeSet                                    
00000dc9  GPIOPadConfigSet                                  
000015b5  GPIOPinConfigure                                  
000017f9  GPIOPinTypeI2C                                    
0000180b  GPIOPinTypeI2CSCL                                 
0000181d  GPIOPinTypeUART                                   
00001879  I2CMasterBusy                                     
000018a9  I2CMasterControl                                  
000018ad  I2CMasterDataGet                                  
000018b1  I2CMasterDataPut                                  
0000185b  I2CMasterEnable                                   
0000151d  I2CMasterInitExpClk                               
00001881  I2CMasterSlaveAddrSet                             
0000184f  ResetISR                                          
UNDEFED   SHT$$INIT_ARRAY$$Base                             
UNDEFED   SHT$$INIT_ARRAY$$Limit                            
00000efd  SysCtlClockGet                                    
0000100d  SysCtlClockSet                                    
00001891  SysCtlDelay                                       
000016f5  SysCtlPeripheralEnable                            
000016bd  SysCtlPeripheralPresent                           
000017bd  SysTickEnable                                     
00001831  SysTickPeriodSet                                  
00001865  UARTCharGet                                       
0000186f  UARTCharPut                                       
00001897  UARTClockSourceSet                                
000015fd  UARTConfigSetExpClk                               
00001785  UARTDisable                                       
000017d1  UARTEnable                                        
0000026d  UARTStdioConfig                                   
000003b3  UARTgetc                                          
000002f9  UARTgets                                          
000006d3  UARTprintf                                        
000003d9  UARTvprintf                                       
000002b3  UARTwrite                                         
00001101  _Z11InitConsolev                                  
00001473  _Z21__default_new_handlerv                        
00001271  _ZN10__cxxabiv116__enum_type_infoD0Ev             
0000126f  _ZN10__cxxabiv116__enum_type_infoD1Ev             
0000126f  _ZN10__cxxabiv116__enum_type_infoD2Ev             
00001267  _ZN10__cxxabiv117__array_type_infoD0Ev            
00001265  _ZN10__cxxabiv117__array_type_infoD1Ev            
00001265  _ZN10__cxxabiv117__array_type_infoD2Ev            
0000125d  _ZN10__cxxabiv117__class_type_infoD0Ev            
0000125b  _ZN10__cxxabiv117__class_type_infoD1Ev            
0000125b  _ZN10__cxxabiv117__class_type_infoD2Ev            
00001253  _ZN10__cxxabiv117__pbase_type_infoD0Ev            
00001251  _ZN10__cxxabiv117__pbase_type_infoD1Ev            
00001251  _ZN10__cxxabiv117__pbase_type_infoD2Ev            
00001249  _ZN10__cxxabiv119__pointer_type_infoD0Ev          
00001247  _ZN10__cxxabiv119__pointer_type_infoD1Ev          
00001247  _ZN10__cxxabiv119__pointer_type_infoD2Ev          
0000123f  _ZN10__cxxabiv120__function_type_infoD0Ev         
0000123d  _ZN10__cxxabiv120__function_type_infoD1Ev         
0000123d  _ZN10__cxxabiv120__function_type_infoD2Ev         
00001235  _ZN10__cxxabiv120__si_class_type_infoD0Ev         
00001233  _ZN10__cxxabiv120__si_class_type_infoD1Ev         
00001233  _ZN10__cxxabiv120__si_class_type_infoD2Ev         
0000122b  _ZN10__cxxabiv121__vmi_class_type_infoD0Ev        
00001229  _ZN10__cxxabiv121__vmi_class_type_infoD1Ev        
00001229  _ZN10__cxxabiv121__vmi_class_type_infoD2Ev        
00001221  _ZN10__cxxabiv123__fundamental_type_infoD0Ev      
0000121f  _ZN10__cxxabiv123__fundamental_type_infoD1Ev      
0000121f  _ZN10__cxxabiv123__fundamental_type_infoD2Ev      
00001217  _ZN10__cxxabiv129__pointer_to_member_type_infoD0Ev
00001215  _ZN10__cxxabiv129__pointer_to_member_type_infoD1Ev
00001215  _ZN10__cxxabiv129__pointer_to_member_type_infoD2Ev
00001685  _ZN15PositionEncoderC1Ev                          
00001685  _ZN15PositionEncoderC2Ev                          
000016a3  _ZN15PositionEncoderD0Ev                          
00001697  _ZN15PositionEncoderD1Ev                          
00001697  _ZN15PositionEncoderD2Ev                          
00000bc5  _ZN18AMSPositionEncoder10I2CReceiveEjh            
00000b23  _ZN18AMSPositionEncoder11getPositionEv            
00000b53  _ZN18AMSPositionEncoder11readZeroPosEv            
00000c1d  _ZN18AMSPositionEncoder16I2CReceive2BytesEjh      
00000cbf  _ZN18AMSPositionEncoder7I2CSendEhhz               
00000b83  _ZN18AMSPositionEncoder8InitI2C0Ev                
00000ae5  _ZN18AMSPositionEncoderC1Ev                       
00000ae5  _ZN18AMSPositionEncoderC2Ev                       
00000b0d  _ZN18AMSPositionEncoderD0Ev                       
00000aff  _ZN18AMSPositionEncoderD1Ev                       
00000aff  _ZN18AMSPositionEncoderD2Ev                       
000011d7  _ZNKSt9type_info4nameEv                           
00001207  _ZNKSt9type_info6beforeERKS_                      
000011f1  _ZNKSt9type_infoeqERKS_                           
000011db  _ZNKSt9type_infoneERKS_                           
000011cf  _ZNSt9type_infoD0Ev                               
000011cd  _ZNSt9type_infoD1Ev                               
000011cd  _ZNSt9type_infoD2Ev                               
20000630  _ZSt16__dummy_typeinfo                            
000011c5  _ZSt21__gen_dummy_typeinfosv                      
00001b90  _ZTI15PositionEncoder                             
00001b30  _ZTI18AMSPositionEncoder                          
00001b3c  _ZTIN10__cxxabiv117__class_type_infoE             
00001b48  _ZTIN10__cxxabiv117__pbase_type_infoE             
00001b54  _ZTIN10__cxxabiv119__pointer_type_infoE           
00001b60  _ZTIN10__cxxabiv120__si_class_type_infoE          
00001b6c  _ZTIN10__cxxabiv123__fundamental_type_infoE       
00001ad0  _ZTIPKe                                           
00001b98  _ZTISt9type_info                                  
00001ba0  _ZTIe                                             
00001abe  _ZTS15PositionEncoder                             
00001a6d  _ZTS18AMSPositionEncoder                          
00001a29  _ZTSN10__cxxabiv117__class_type_infoE             
00001a4b  _ZTSN10__cxxabiv117__pbase_type_infoE             
00001a05  _ZTSN10__cxxabiv119__pointer_type_infoE           
000019e0  _ZTSN10__cxxabiv120__si_class_type_infoE          
000019b8  _ZTSN10__cxxabiv123__fundamental_type_infoE       
00001ba8  _ZTSPKe                                           
00001b20  _ZTSSt9type_info                                  
00001a82  _ZTSe                                             
00001a84  _ZTV15PositionEncoder                             
00001a98  _ZTV18AMSPositionEncoder                          
00001ae0  _ZTVN10__cxxabiv117__class_type_infoE             
00001af0  _ZTVN10__cxxabiv119__pointer_type_infoE           
00001b00  _ZTVN10__cxxabiv120__si_class_type_infoE          
00001b10  _ZTVN10__cxxabiv123__fundamental_type_infoE       
00001889  _ZdlPv                                            
00001729  _Znwj                                             
20000400  __STACK_END                                       
00000400  __STACK_SIZE                                      
20000200  __STACK_TOP                                       
00000200  __SYSMEM_SIZE                                     
00001bec  __TI_CINIT_Base                                   
00001bfc  __TI_CINIT_Limit                                  
00001be4  __TI_Handler_Table_Base                           
00001bec  __TI_Handler_Table_Limit                          
00001399  __TI_auto_init                                    
20000600  __TI_cleanup_ptr                                  
00001841  __TI_decompress_none                              
0000189d  __TI_decompress_rle24                             
20000604  __TI_dtors_ptr                                    
20000608  __TI_enable_exit_profile_output                   
ffffffff  __TI_pprof_out_hndl                               
ffffffff  __TI_prof_data_size                               
ffffffff  __TI_prof_data_start                              
00000000  __TI_static_base__                                
000018b5  __abort_execution                                 
00000efb  __aeabi_idiv0                                     
0000131d  __aeabi_memclr                                    
0000131d  __aeabi_memclr4                                   
0000131d  __aeabi_memclr8                                   
00001281  __aeabi_memcpy                                    
00001281  __aeabi_memcpy4                                   
00001281  __aeabi_memcpy8                                   
0000131f  __aeabi_memset                                    
0000131f  __aeabi_memset4                                   
0000131f  __aeabi_memset8                                   
00001643  __aeabi_uidiv                                     
00001643  __aeabi_uidivmod                                  
ffffffff  __binit__                                         
ffffffff  __c_args__                                        
000018a3  __cxa_pure_virtual                                
00001397  __mpu_init                                        
20000000  __stack                                           
000017a5  _args_main                                        
00001475  _c_int00                                          
20000618  _lock                                             
2000062c  _new_handler                                      
000017f3  _nop                                              
000017eb  _register_lock                                    
000017e5  _register_unlock                                  
20000400  _sys_memory                                       
00001683  _system_post_cinit                                
000018b9  _system_pre_init                                  
2000061c  _unlock                                           
000014cd  abort                                             
ffffffff  binit                                             
00000ab1  calloc                                            
00001569  copy_in                                           
000014d5  exit                                              
000007ff  free                                              
00000000  g_pfnVectors                                      
0000113d  main                                              
20000628  main_func_sp                                      
00000797  malloc                                            
000009cd  memalign                                          
00001281  memcpy                                            
00001325  memset                                            
00000709  minit                                             
000008c1  realloc                                           


GLOBAL SYMBOLS: SORTED BY Symbol Address 

address   name                                              
-------   ----                                              
00000000  __TI_static_base__                                
00000000  g_pfnVectors                                      
00000200  __SYSMEM_SIZE                                     
0000026d  UARTStdioConfig                                   
000002b3  UARTwrite                                         
000002f9  UARTgets                                          
000003b3  UARTgetc                                          
000003d9  UARTvprintf                                       
00000400  __STACK_SIZE                                      
000006d3  UARTprintf                                        
00000709  minit                                             
00000797  malloc                                            
000007ff  free                                              
000008c1  realloc                                           
000009cd  memalign                                          
00000ab1  calloc                                            
00000ae5  _ZN18AMSPositionEncoderC1Ev                       
00000ae5  _ZN18AMSPositionEncoderC2Ev                       
00000aff  _ZN18AMSPositionEncoderD1Ev                       
00000aff  _ZN18AMSPositionEncoderD2Ev                       
00000b0d  _ZN18AMSPositionEncoderD0Ev                       
00000b23  _ZN18AMSPositionEncoder11getPositionEv            
00000b53  _ZN18AMSPositionEncoder11readZeroPosEv            
00000b83  _ZN18AMSPositionEncoder8InitI2C0Ev                
00000bc5  _ZN18AMSPositionEncoder10I2CReceiveEjh            
00000c1d  _ZN18AMSPositionEncoder16I2CReceive2BytesEjh      
00000cbf  _ZN18AMSPositionEncoder7I2CSendEhhz               
00000dc9  GPIOPadConfigSet                                  
00000efb  __aeabi_idiv0                                     
00000efd  SysCtlClockGet                                    
0000100d  SysCtlClockSet                                    
00001101  _Z11InitConsolev                                  
0000113d  main                                              
000011c5  _ZSt21__gen_dummy_typeinfosv                      
000011cd  _ZNSt9type_infoD1Ev                               
000011cd  _ZNSt9type_infoD2Ev                               
000011cf  _ZNSt9type_infoD0Ev                               
000011d7  _ZNKSt9type_info4nameEv                           
000011db  _ZNKSt9type_infoneERKS_                           
000011f1  _ZNKSt9type_infoeqERKS_                           
00001207  _ZNKSt9type_info6beforeERKS_                      
00001215  _ZN10__cxxabiv129__pointer_to_member_type_infoD1Ev
00001215  _ZN10__cxxabiv129__pointer_to_member_type_infoD2Ev
00001217  _ZN10__cxxabiv129__pointer_to_member_type_infoD0Ev
0000121f  _ZN10__cxxabiv123__fundamental_type_infoD1Ev      
0000121f  _ZN10__cxxabiv123__fundamental_type_infoD2Ev      
00001221  _ZN10__cxxabiv123__fundamental_type_infoD0Ev      
00001229  _ZN10__cxxabiv121__vmi_class_type_infoD1Ev        
00001229  _ZN10__cxxabiv121__vmi_class_type_infoD2Ev        
0000122b  _ZN10__cxxabiv121__vmi_class_type_infoD0Ev        
00001233  _ZN10__cxxabiv120__si_class_type_infoD1Ev         
00001233  _ZN10__cxxabiv120__si_class_type_infoD2Ev         
00001235  _ZN10__cxxabiv120__si_class_type_infoD0Ev         
0000123d  _ZN10__cxxabiv120__function_type_infoD1Ev         
0000123d  _ZN10__cxxabiv120__function_type_infoD2Ev         
0000123f  _ZN10__cxxabiv120__function_type_infoD0Ev         
00001247  _ZN10__cxxabiv119__pointer_type_infoD1Ev          
00001247  _ZN10__cxxabiv119__pointer_type_infoD2Ev          
00001249  _ZN10__cxxabiv119__pointer_type_infoD0Ev          
00001251  _ZN10__cxxabiv117__pbase_type_infoD1Ev            
00001251  _ZN10__cxxabiv117__pbase_type_infoD2Ev            
00001253  _ZN10__cxxabiv117__pbase_type_infoD0Ev            
0000125b  _ZN10__cxxabiv117__class_type_infoD1Ev            
0000125b  _ZN10__cxxabiv117__class_type_infoD2Ev            
0000125d  _ZN10__cxxabiv117__class_type_infoD0Ev            
00001265  _ZN10__cxxabiv117__array_type_infoD1Ev            
00001265  _ZN10__cxxabiv117__array_type_infoD2Ev            
00001267  _ZN10__cxxabiv117__array_type_infoD0Ev            
0000126f  _ZN10__cxxabiv116__enum_type_infoD1Ev             
0000126f  _ZN10__cxxabiv116__enum_type_infoD2Ev             
00001271  _ZN10__cxxabiv116__enum_type_infoD0Ev             
00001281  __aeabi_memcpy                                    
00001281  __aeabi_memcpy4                                   
00001281  __aeabi_memcpy8                                   
00001281  memcpy                                            
0000131d  __aeabi_memclr                                    
0000131d  __aeabi_memclr4                                   
0000131d  __aeabi_memclr8                                   
0000131f  __aeabi_memset                                    
0000131f  __aeabi_memset4                                   
0000131f  __aeabi_memset8                                   
00001325  memset                                            
00001397  __mpu_init                                        
00001399  __TI_auto_init                                    
00001473  _Z21__default_new_handlerv                        
00001475  _c_int00                                          
000014c9  C$$EXIT                                           
000014cd  abort                                             
000014d5  exit                                              
0000151d  I2CMasterInitExpClk                               
00001569  copy_in                                           
000015b5  GPIOPinConfigure                                  
000015fd  UARTConfigSetExpClk                               
00001643  __aeabi_uidiv                                     
00001643  __aeabi_uidivmod                                  
00001683  _system_post_cinit                                
00001685  _ZN15PositionEncoderC1Ev                          
00001685  _ZN15PositionEncoderC2Ev                          
00001697  _ZN15PositionEncoderD1Ev                          
00001697  _ZN15PositionEncoderD2Ev                          
000016a3  _ZN15PositionEncoderD0Ev                          
000016bd  SysCtlPeripheralPresent                           
000016f5  SysCtlPeripheralEnable                            
00001729  _Znwj                                             
00001759  GPIODirModeSet                                    
00001785  UARTDisable                                       
000017a5  _args_main                                        
000017bd  SysTickEnable                                     
000017d1  UARTEnable                                        
000017e5  _register_unlock                                  
000017eb  _register_lock                                    
000017f3  _nop                                              
000017f9  GPIOPinTypeI2C                                    
0000180b  GPIOPinTypeI2CSCL                                 
0000181d  GPIOPinTypeUART                                   
00001831  SysTickPeriodSet                                  
00001841  __TI_decompress_none                              
0000184f  ResetISR                                          
0000185b  I2CMasterEnable                                   
00001865  UARTCharGet                                       
0000186f  UARTCharPut                                       
00001879  I2CMasterBusy                                     
00001881  I2CMasterSlaveAddrSet                             
00001889  _ZdlPv                                            
00001891  SysCtlDelay                                       
00001897  UARTClockSourceSet                                
0000189d  __TI_decompress_rle24                             
000018a3  __cxa_pure_virtual                                
000018a9  I2CMasterControl                                  
000018ad  I2CMasterDataGet                                  
000018b1  I2CMasterDataPut                                  
000018b5  __abort_execution                                 
000018b9  _system_pre_init                                  
000019b8  _ZTSN10__cxxabiv123__fundamental_type_infoE       
000019e0  _ZTSN10__cxxabiv120__si_class_type_infoE          
00001a05  _ZTSN10__cxxabiv119__pointer_type_infoE           
00001a29  _ZTSN10__cxxabiv117__class_type_infoE             
00001a4b  _ZTSN10__cxxabiv117__pbase_type_infoE             
00001a6d  _ZTS18AMSPositionEncoder                          
00001a82  _ZTSe                                             
00001a84  _ZTV15PositionEncoder                             
00001a98  _ZTV18AMSPositionEncoder                          
00001abe  _ZTS15PositionEncoder                             
00001ad0  _ZTIPKe                                           
00001ae0  _ZTVN10__cxxabiv117__class_type_infoE             
00001af0  _ZTVN10__cxxabiv119__pointer_type_infoE           
00001b00  _ZTVN10__cxxabiv120__si_class_type_infoE          
00001b10  _ZTVN10__cxxabiv123__fundamental_type_infoE       
00001b20  _ZTSSt9type_info                                  
00001b30  _ZTI18AMSPositionEncoder                          
00001b3c  _ZTIN10__cxxabiv117__class_type_infoE             
00001b48  _ZTIN10__cxxabiv117__pbase_type_infoE             
00001b54  _ZTIN10__cxxabiv119__pointer_type_infoE           
00001b60  _ZTIN10__cxxabiv120__si_class_type_infoE          
00001b6c  _ZTIN10__cxxabiv123__fundamental_type_infoE       
00001b90  _ZTI15PositionEncoder                             
00001b98  _ZTISt9type_info                                  
00001ba0  _ZTIe                                             
00001ba8  _ZTSPKe                                           
00001be4  __TI_Handler_Table_Base                           
00001bec  __TI_CINIT_Base                                   
00001bec  __TI_Handler_Table_Limit                          
00001bfc  __TI_CINIT_Limit                                  
20000000  __stack                                           
20000200  __STACK_TOP                                       
20000400  __STACK_END                                       
20000400  _sys_memory                                       
20000600  __TI_cleanup_ptr                                  
20000604  __TI_dtors_ptr                                    
20000608  __TI_enable_exit_profile_output                   
20000618  _lock                                             
2000061c  _unlock                                           
20000628  main_func_sp                                      
2000062c  _new_handler                                      
20000630  _ZSt16__dummy_typeinfo                            
ffffffff  __TI_pprof_out_hndl                               
ffffffff  __TI_prof_data_size                               
ffffffff  __TI_prof_data_start                              
ffffffff  __binit__                                         
ffffffff  __c_args__                                        
ffffffff  binit                                             
UNDEFED   SHT$$INIT_ARRAY$$Base                             
UNDEFED   SHT$$INIT_ARRAY$$Limit                            

[183 symbols]
