<?xml version="1.0"?>
<link_info>
   <banner>TI ARM Linker PC v15.12.3.LTS</banner>
   <copyright>Copyright (c) 1996-2015 Texas Instruments Incorporated</copyright>
   <link_time>0x579a4f82</link_time>
   <link_errors>0x0</link_errors>
   <output_file>encoder_test.out</output_file>
   <entry_point>
      <name>_c_int00</name>
      <address>0x1475</address>
   </entry_point>
   <input_file_list>
      <input_file id="fl-2">
         <path>.\</path>
         <kind>object</kind>
         <file>main.obj</file>
         <name>main.obj</name>
      </input_file>
      <input_file id="fl-3">
         <path>.\</path>
         <kind>object</kind>
         <file>tm4c123gh6pm_startup_ccs.obj</file>
         <name>tm4c123gh6pm_startup_ccs.obj</name>
      </input_file>
      <input_file id="fl-4">
         <path>.\utils\</path>
         <kind>object</kind>
         <file>uartstdio.obj</file>
         <name>uartstdio.obj</name>
      </input_file>
      <input_file id="fl-5">
         <path>.\MotorDriver\</path>
         <kind>object</kind>
         <file>MotorDriver.obj</file>
         <name>MotorDriver.obj</name>
      </input_file>
      <input_file id="fl-6">
         <path>.\MotorDriver\</path>
         <kind>object</kind>
         <file>MotorDriver5015a.obj</file>
         <name>MotorDriver5015a.obj</name>
      </input_file>
      <input_file id="fl-7">
         <path>.\MainBus\</path>
         <kind>object</kind>
         <file>CanBus.obj</file>
         <name>CanBus.obj</name>
      </input_file>
      <input_file id="fl-8">
         <path>.\MainBus\</path>
         <kind>object</kind>
         <file>MainBus.obj</file>
         <name>MainBus.obj</name>
      </input_file>
      <input_file id="fl-9">
         <path>.\ForceSensor\</path>
         <kind>object</kind>
         <file>CurrentForceSensor.obj</file>
         <name>CurrentForceSensor.obj</name>
      </input_file>
      <input_file id="fl-a">
         <path>.\ForceSensor\</path>
         <kind>object</kind>
         <file>ForceSensor.obj</file>
         <name>ForceSensor.obj</name>
      </input_file>
      <input_file id="fl-b">
         <path>.\Encoder\</path>
         <kind>object</kind>
         <file>AMSPositionEncoder.obj</file>
         <name>AMSPositionEncoder.obj</name>
      </input_file>
      <input_file id="fl-c">
         <path>.\Encoder\</path>
         <kind>object</kind>
         <file>PositionEncoder.obj</file>
         <name>PositionEncoder.obj</name>
      </input_file>
      <input_file id="fl-c7">
         <path>C:\ti\ccsv6\tools\compiler\arm_15.12.3.LTS\lib\</path>
         <kind>archive</kind>
         <file>rtsv7M4_T_le_v4SPD16_eabi.lib</file>
         <name>boot.obj</name>
      </input_file>
      <input_file id="fl-c8">
         <path>C:\ti\ccsv6\tools\compiler\arm_15.12.3.LTS\lib\</path>
         <kind>archive</kind>
         <file>rtsv7M4_T_le_v4SPD16_eabi.lib</file>
         <name>copy_decompress_none.obj</name>
      </input_file>
      <input_file id="fl-c9">
         <path>C:\ti\ccsv6\tools\compiler\arm_15.12.3.LTS\lib\</path>
         <kind>archive</kind>
         <file>rtsv7M4_T_le_v4SPD16_eabi.lib</file>
         <name>copy_decompress_rle.obj</name>
      </input_file>
      <input_file id="fl-ca">
         <path>C:\ti\ccsv6\tools\compiler\arm_15.12.3.LTS\lib\</path>
         <kind>archive</kind>
         <file>rtsv7M4_T_le_v4SPD16_eabi.lib</file>
         <name>copy_zero_init.obj</name>
      </input_file>
      <input_file id="fl-cb">
         <path>C:\ti\ccsv6\tools\compiler\arm_15.12.3.LTS\lib\</path>
         <kind>archive</kind>
         <file>rtsv7M4_T_le_v4SPD16_eabi.lib</file>
         <name>delete.obj</name>
      </input_file>
      <input_file id="fl-cc">
         <path>C:\ti\ccsv6\tools\compiler\arm_15.12.3.LTS\lib\</path>
         <kind>archive</kind>
         <file>rtsv7M4_T_le_v4SPD16_eabi.lib</file>
         <name>exit.obj</name>
      </input_file>
      <input_file id="fl-cd">
         <path>C:\ti\ccsv6\tools\compiler\arm_15.12.3.LTS\lib\</path>
         <kind>archive</kind>
         <file>rtsv7M4_T_le_v4SPD16_eabi.lib</file>
         <name>fd_mul_t2.obj</name>
      </input_file>
      <input_file id="fl-ce">
         <path>C:\ti\ccsv6\tools\compiler\arm_15.12.3.LTS\lib\</path>
         <kind>archive</kind>
         <file>rtsv7M4_T_le_v4SPD16_eabi.lib</file>
         <name>fd_toi_t2.obj</name>
      </input_file>
      <input_file id="fl-cf">
         <path>C:\ti\ccsv6\tools\compiler\arm_15.12.3.LTS\lib\</path>
         <kind>archive</kind>
         <file>rtsv7M4_T_le_v4SPD16_eabi.lib</file>
         <name>memcpy_t2.obj</name>
      </input_file>
      <input_file id="fl-d0">
         <path>C:\ti\ccsv6\tools\compiler\arm_15.12.3.LTS\lib\</path>
         <kind>archive</kind>
         <file>rtsv7M4_T_le_v4SPD16_eabi.lib</file>
         <name>memory.obj</name>
      </input_file>
      <input_file id="fl-d1">
         <path>C:\ti\ccsv6\tools\compiler\arm_15.12.3.LTS\lib\</path>
         <kind>archive</kind>
         <file>rtsv7M4_T_le_v4SPD16_eabi.lib</file>
         <name>memset_t2.obj</name>
      </input_file>
      <input_file id="fl-d2">
         <path>C:\ti\ccsv6\tools\compiler\arm_15.12.3.LTS\lib\</path>
         <kind>archive</kind>
         <file>rtsv7M4_T_le_v4SPD16_eabi.lib</file>
         <name>mpu_init.obj</name>
      </input_file>
      <input_file id="fl-d3">
         <path>C:\ti\ccsv6\tools\compiler\arm_15.12.3.LTS\lib\</path>
         <kind>archive</kind>
         <file>rtsv7M4_T_le_v4SPD16_eabi.lib</file>
         <name>new_.obj</name>
      </input_file>
      <input_file id="fl-d4">
         <path>C:\ti\ccsv6\tools\compiler\arm_15.12.3.LTS\lib\</path>
         <kind>archive</kind>
         <file>rtsv7M4_T_le_v4SPD16_eabi.lib</file>
         <name>newhandler.obj</name>
      </input_file>
      <input_file id="fl-d5">
         <path>C:\ti\ccsv6\tools\compiler\arm_15.12.3.LTS\lib\</path>
         <kind>archive</kind>
         <file>rtsv7M4_T_le_v4SPD16_eabi.lib</file>
         <name>pre_init.obj</name>
      </input_file>
      <input_file id="fl-d6">
         <path>C:\ti\ccsv6\tools\compiler\arm_15.12.3.LTS\lib\</path>
         <kind>archive</kind>
         <file>rtsv7M4_T_le_v4SPD16_eabi.lib</file>
         <name>pure_virt.obj</name>
      </input_file>
      <input_file id="fl-d7">
         <path>C:\ti\ccsv6\tools\compiler\arm_15.12.3.LTS\lib\</path>
         <kind>archive</kind>
         <file>rtsv7M4_T_le_v4SPD16_eabi.lib</file>
         <name>stkdepth_vars.obj</name>
      </input_file>
      <input_file id="fl-d8">
         <path>C:\ti\ccsv6\tools\compiler\arm_15.12.3.LTS\lib\</path>
         <kind>archive</kind>
         <file>rtsv7M4_T_le_v4SPD16_eabi.lib</file>
         <name>typeinfo_.obj</name>
      </input_file>
      <input_file id="fl-d9">
         <path>C:\ti\ccsv6\tools\compiler\arm_15.12.3.LTS\lib\</path>
         <kind>archive</kind>
         <file>rtsv7M4_T_le_v4SPD16_eabi.lib</file>
         <name>u_divt2.obj</name>
      </input_file>
      <input_file id="fl-da">
         <path>C:\ti\ccsv6\tools\compiler\arm_15.12.3.LTS\lib\</path>
         <kind>archive</kind>
         <file>rtsv7M4_T_le_v4SPD16_eabi.lib</file>
         <name>u_tofd_t2.obj</name>
      </input_file>
      <input_file id="fl-db">
         <path>C:\ti\ccsv6\tools\compiler\arm_15.12.3.LTS\lib\</path>
         <kind>archive</kind>
         <file>rtsv7M4_T_le_v4SPD16_eabi.lib</file>
         <name>vars.obj</name>
      </input_file>
      <input_file id="fl-dc">
         <path>C:\ti\ccsv6\tools\compiler\arm_15.12.3.LTS\lib\</path>
         <kind>archive</kind>
         <file>rtsv7M4_T_le_v4SPD16_eabi.lib</file>
         <name>_lock.obj</name>
      </input_file>
      <input_file id="fl-dd">
         <path>C:\ti\ccsv6\tools\compiler\arm_15.12.3.LTS\lib\</path>
         <kind>archive</kind>
         <file>rtsv7M4_T_le_v4SPD16_eabi.lib</file>
         <name>args_main.obj</name>
      </input_file>
      <input_file id="fl-de">
         <path>C:\ti\ccsv6\tools\compiler\arm_15.12.3.LTS\lib\</path>
         <kind>archive</kind>
         <file>rtsv7M4_T_le_v4SPD16_eabi.lib</file>
         <name>autoinit.obj</name>
      </input_file>
      <input_file id="fl-df">
         <path>C:\ti\ccsv6\tools\compiler\arm_15.12.3.LTS\lib\</path>
         <kind>archive</kind>
         <file>rtsv7M4_T_le_v4SPD16_eabi.lib</file>
         <name>cpy_tbl.obj</name>
      </input_file>
      <input_file id="fl-e0">
         <path>C:\ti\ccsv6\tools\compiler\arm_15.12.3.LTS\lib\</path>
         <kind>archive</kind>
         <file>rtsv7M4_T_le_v4SPD16_eabi.lib</file>
         <name>error.obj</name>
      </input_file>
      <input_file id="fl-e1">
         <path>C:\ti\ccsv6\tools\compiler\arm_15.12.3.LTS\lib\</path>
         <kind>archive</kind>
         <file>rtsv7M4_T_le_v4SPD16_eabi.lib</file>
         <name>i_div0.obj</name>
      </input_file>
      <input_file id="fl-e2">
         <path>C:\ti\ccsv6\tools\compiler\arm_15.12.3.LTS\lib\</path>
         <kind>archive</kind>
         <file>rtsv7M4_T_le_v4SPD16_eabi.lib</file>
         <name>startup.obj</name>
      </input_file>
      <input_file id="fl-e3">
         <path>C:\ti\TivaWare_C_Series-2.1.2.111\driverlib\ccs\Debug\</path>
         <kind>archive</kind>
         <file>driverlib.lib</file>
         <name>adc.obj</name>
      </input_file>
      <input_file id="fl-e4">
         <path>C:\ti\TivaWare_C_Series-2.1.2.111\driverlib\ccs\Debug\</path>
         <kind>archive</kind>
         <file>driverlib.lib</file>
         <name>can.obj</name>
      </input_file>
      <input_file id="fl-e5">
         <path>C:\ti\TivaWare_C_Series-2.1.2.111\driverlib\ccs\Debug\</path>
         <kind>archive</kind>
         <file>driverlib.lib</file>
         <name>gpio.obj</name>
      </input_file>
      <input_file id="fl-e6">
         <path>C:\ti\TivaWare_C_Series-2.1.2.111\driverlib\ccs\Debug\</path>
         <kind>archive</kind>
         <file>driverlib.lib</file>
         <name>i2c.obj</name>
      </input_file>
      <input_file id="fl-e7">
         <path>C:\ti\TivaWare_C_Series-2.1.2.111\driverlib\ccs\Debug\</path>
         <kind>archive</kind>
         <file>driverlib.lib</file>
         <name>interrupt.obj</name>
      </input_file>
      <input_file id="fl-e8">
         <path>C:\ti\TivaWare_C_Series-2.1.2.111\driverlib\ccs\Debug\</path>
         <kind>archive</kind>
         <file>driverlib.lib</file>
         <name>pwm.obj</name>
      </input_file>
      <input_file id="fl-e9">
         <path>C:\ti\TivaWare_C_Series-2.1.2.111\driverlib\ccs\Debug\</path>
         <kind>archive</kind>
         <file>driverlib.lib</file>
         <name>sysctl.obj</name>
      </input_file>
      <input_file id="fl-ea">
         <path>C:\ti\TivaWare_C_Series-2.1.2.111\driverlib\ccs\Debug\</path>
         <kind>archive</kind>
         <file>driverlib.lib</file>
         <name>systick.obj</name>
      </input_file>
      <input_file id="fl-eb">
         <path>C:\ti\TivaWare_C_Series-2.1.2.111\driverlib\ccs\Debug\</path>
         <kind>archive</kind>
         <file>driverlib.lib</file>
         <name>uart.obj</name>
      </input_file>
      <input_file id="fl-ec">
         <path>C:\ti\TivaWare_C_Series-2.1.2.111\driverlib\ccs\Debug\</path>
         <kind>archive</kind>
         <file>driverlib.lib</file>
         <name>cpu.obj</name>
      </input_file>
   </input_file_list>
   <object_component_list>
      <object_component id="oc-f">
         <name>.intvecs</name>
         <load_address>0x0</load_address>
         <run_address>0x0</run_address>
         <size>0x26c</size>
         <input_file_ref idref="fl-3"/>
      </object_component>
      <object_component id="oc-f8">
         <name>.text</name>
         <load_address>0x26c</load_address>
         <run_address>0x26c</run_address>
         <size>0x49c</size>
         <input_file_ref idref="fl-4"/>
      </object_component>
      <object_component id="oc-18e">
         <name>.text</name>
         <load_address>0x708</load_address>
         <run_address>0x708</run_address>
         <size>0x3dc</size>
         <input_file_ref idref="fl-d0"/>
      </object_component>
      <object_component id="oc-10a">
         <name>.text</name>
         <load_address>0xae4</load_address>
         <run_address>0xae4</run_address>
         <size>0x2e4</size>
         <input_file_ref idref="fl-b"/>
      </object_component>
      <object_component id="oc-14a">
         <name>.text:GPIOPadConfigSet</name>
         <load_address>0xdc8</load_address>
         <run_address>0xdc8</run_address>
         <size>0x132</size>
         <input_file_ref idref="fl-e5"/>
      </object_component>
      <object_component id="oc-248">
         <name>.text</name>
         <load_address>0xefa</load_address>
         <run_address>0xefa</run_address>
         <size>0x2</size>
         <input_file_ref idref="fl-e1"/>
      </object_component>
      <object_component id="oc-1c1">
         <name>.text:SysCtlClockGet</name>
         <load_address>0xefc</load_address>
         <run_address>0xefc</run_address>
         <size>0x110</size>
         <input_file_ref idref="fl-e9"/>
      </object_component>
      <object_component id="oc-fe">
         <name>.text:SysCtlClockSet</name>
         <load_address>0x100c</load_address>
         <run_address>0x100c</run_address>
         <size>0xf4</size>
         <input_file_ref idref="fl-e9"/>
      </object_component>
      <object_component id="oc-b2">
         <name>.text</name>
         <load_address>0x1100</load_address>
         <run_address>0x1100</run_address>
         <size>0xc4</size>
         <input_file_ref idref="fl-2"/>
      </object_component>
      <object_component id="oc-2bb">
         <name>.text</name>
         <load_address>0x11c4</load_address>
         <run_address>0x11c4</run_address>
         <size>0xbc</size>
         <input_file_ref idref="fl-d8"/>
      </object_component>
      <object_component id="oc-37">
         <name>.text</name>
         <load_address>0x1280</load_address>
         <run_address>0x1280</run_address>
         <size>0x9c</size>
         <input_file_ref idref="fl-cf"/>
      </object_component>
      <object_component id="oc-50">
         <name>.text</name>
         <load_address>0x131c</load_address>
         <run_address>0x131c</run_address>
         <size>0x7a</size>
         <input_file_ref idref="fl-d1"/>
      </object_component>
      <object_component id="oc-5c">
         <name>.text</name>
         <load_address>0x1396</load_address>
         <run_address>0x1396</run_address>
         <size>0x2</size>
         <input_file_ref idref="fl-d2"/>
      </object_component>
      <object_component id="oc-68">
         <name>.text</name>
         <load_address>0x1398</load_address>
         <run_address>0x1398</run_address>
         <size>0x70</size>
         <input_file_ref idref="fl-de"/>
      </object_component>
      <object_component id="oc-43">
         <name>.text</name>
         <load_address>0x1408</load_address>
         <run_address>0x1408</run_address>
         <size>0x6a</size>
         <input_file_ref idref="fl-c9"/>
      </object_component>
      <object_component id="oc-197">
         <name>.text</name>
         <load_address>0x1472</load_address>
         <run_address>0x1472</run_address>
         <size>0x2</size>
         <input_file_ref idref="fl-d4"/>
      </object_component>
      <object_component id="oc-24">
         <name>.text</name>
         <load_address>0x1474</load_address>
         <run_address>0x1474</run_address>
         <size>0x54</size>
         <input_file_ref idref="fl-c7"/>
      </object_component>
      <object_component id="oc-74">
         <name>.text</name>
         <load_address>0x14c8</load_address>
         <run_address>0x14c8</run_address>
         <size>0x54</size>
         <input_file_ref idref="fl-cc"/>
      </object_component>
      <object_component id="oc-1c7">
         <name>.text:I2CMasterInitExpClk</name>
         <load_address>0x151c</load_address>
         <run_address>0x151c</run_address>
         <size>0x4c</size>
         <input_file_ref idref="fl-e6"/>
      </object_component>
      <object_component id="oc-a4">
         <name>.text</name>
         <load_address>0x1568</load_address>
         <run_address>0x1568</run_address>
         <size>0x4c</size>
         <input_file_ref idref="fl-df"/>
      </object_component>
      <object_component id="oc-e6">
         <name>.text:GPIOPinConfigure</name>
         <load_address>0x15b4</load_address>
         <run_address>0x15b4</run_address>
         <size>0x48</size>
         <input_file_ref idref="fl-e5"/>
      </object_component>
      <object_component id="oc-157">
         <name>.text:UARTConfigSetExpClk</name>
         <load_address>0x15fc</load_address>
         <run_address>0x15fc</run_address>
         <size>0x46</size>
         <input_file_ref idref="fl-eb"/>
      </object_component>
      <object_component id="oc-178">
         <name>.text</name>
         <load_address>0x1642</load_address>
         <run_address>0x1642</run_address>
         <size>0x40</size>
         <input_file_ref idref="fl-d9"/>
      </object_component>
      <object_component id="oc-aa">
         <name>.text</name>
         <load_address>0x1682</load_address>
         <run_address>0x1682</run_address>
         <size>0x2</size>
         <input_file_ref idref="fl-e2"/>
      </object_component>
      <object_component id="oc-1a9">
         <name>.text</name>
         <load_address>0x1684</load_address>
         <run_address>0x1684</run_address>
         <size>0x38</size>
         <input_file_ref idref="fl-c"/>
      </object_component>
      <object_component id="oc-151">
         <name>.text:SysCtlPeripheralPresent</name>
         <load_address>0x16bc</load_address>
         <run_address>0x16bc</run_address>
         <size>0x38</size>
         <input_file_ref idref="fl-e9"/>
      </object_component>
      <object_component id="oc-e0">
         <name>.text:SysCtlPeripheralEnable</name>
         <load_address>0x16f4</load_address>
         <run_address>0x16f4</run_address>
         <size>0x34</size>
         <input_file_ref idref="fl-e9"/>
      </object_component>
      <object_component id="oc-104">
         <name>.text</name>
         <load_address>0x1728</load_address>
         <run_address>0x1728</run_address>
         <size>0x30</size>
         <input_file_ref idref="fl-d3"/>
      </object_component>
      <object_component id="oc-144">
         <name>.text:GPIODirModeSet</name>
         <load_address>0x1758</load_address>
         <run_address>0x1758</run_address>
         <size>0x2a</size>
         <input_file_ref idref="fl-e5"/>
      </object_component>
      <object_component id="oc-238">
         <name>.text:UARTDisable</name>
         <load_address>0x1784</load_address>
         <run_address>0x1784</run_address>
         <size>0x20</size>
         <input_file_ref idref="fl-eb"/>
      </object_component>
      <object_component id="oc-6e">
         <name>.text</name>
         <load_address>0x17a4</load_address>
         <run_address>0x17a4</run_address>
         <size>0x18</size>
         <input_file_ref idref="fl-dd"/>
      </object_component>
      <object_component id="oc-116">
         <name>.text:SysTickEnable</name>
         <load_address>0x17bc</load_address>
         <run_address>0x17bc</run_address>
         <size>0x14</size>
         <input_file_ref idref="fl-ea"/>
      </object_component>
      <object_component id="oc-15d">
         <name>.text:UARTEnable</name>
         <load_address>0x17d0</load_address>
         <run_address>0x17d0</run_address>
         <size>0x14</size>
         <input_file_ref idref="fl-eb"/>
      </object_component>
      <object_component id="oc-128">
         <name>.text</name>
         <load_address>0x17e4</load_address>
         <run_address>0x17e4</run_address>
         <size>0x14</size>
         <input_file_ref idref="fl-dc"/>
      </object_component>
      <object_component id="oc-1bb">
         <name>.text:GPIOPinTypeI2C</name>
         <load_address>0x17f8</load_address>
         <run_address>0x17f8</run_address>
         <size>0x12</size>
         <input_file_ref idref="fl-e5"/>
      </object_component>
      <object_component id="oc-1b5">
         <name>.text:GPIOPinTypeI2CSCL</name>
         <load_address>0x180a</load_address>
         <run_address>0x180a</run_address>
         <size>0x12</size>
         <input_file_ref idref="fl-e5"/>
      </object_component>
      <object_component id="oc-f2">
         <name>.text:GPIOPinTypeUART</name>
         <load_address>0x181c</load_address>
         <run_address>0x181c</run_address>
         <size>0x12</size>
         <input_file_ref idref="fl-e5"/>
      </object_component>
      <object_component id="oc-110">
         <name>.text:SysTickPeriodSet</name>
         <load_address>0x1830</load_address>
         <run_address>0x1830</run_address>
         <size>0x10</size>
         <input_file_ref idref="fl-ea"/>
      </object_component>
      <object_component id="oc-12">
         <name>.text:decompress:none</name>
         <load_address>0x1840</load_address>
         <run_address>0x1840</run_address>
         <size>0xe</size>
         <input_file_ref idref="fl-c8"/>
      </object_component>
      <object_component id="oc-2e">
         <name>.text</name>
         <load_address>0x184e</load_address>
         <run_address>0x184e</run_address>
         <size>0xc</size>
         <input_file_ref idref="fl-3"/>
      </object_component>
      <object_component id="oc-26d">
         <name>.text:I2CMasterEnable</name>
         <load_address>0x185a</load_address>
         <run_address>0x185a</run_address>
         <size>0xa</size>
         <input_file_ref idref="fl-e6"/>
      </object_component>
      <object_component id="oc-169">
         <name>.text:UARTCharGet</name>
         <load_address>0x1864</load_address>
         <run_address>0x1864</run_address>
         <size>0xa</size>
         <input_file_ref idref="fl-eb"/>
      </object_component>
      <object_component id="oc-163">
         <name>.text:UARTCharPut</name>
         <load_address>0x186e</load_address>
         <run_address>0x186e</run_address>
         <size>0xa</size>
         <input_file_ref idref="fl-eb"/>
      </object_component>
      <object_component id="oc-1df">
         <name>.text:I2CMasterBusy</name>
         <load_address>0x1878</load_address>
         <run_address>0x1878</run_address>
         <size>0x8</size>
         <input_file_ref idref="fl-e6"/>
      </object_component>
      <object_component id="oc-1cd">
         <name>.text:I2CMasterSlaveAddrSet</name>
         <load_address>0x1880</load_address>
         <run_address>0x1880</run_address>
         <size>0x8</size>
         <input_file_ref idref="fl-e6"/>
      </object_component>
      <object_component id="oc-1af">
         <name>.text</name>
         <load_address>0x1888</load_address>
         <run_address>0x1888</run_address>
         <size>0x8</size>
         <input_file_ref idref="fl-cb"/>
      </object_component>
      <object_component id="oc-18c">
         <name>.text:SysCtlDelay</name>
         <load_address>0x1890</load_address>
         <run_address>0x1890</run_address>
         <size>0x6</size>
         <input_file_ref idref="fl-e9"/>
      </object_component>
      <object_component id="oc-ec">
         <name>.text:UARTClockSourceSet</name>
         <load_address>0x1896</load_address>
         <run_address>0x1896</run_address>
         <size>0x6</size>
         <input_file_ref idref="fl-eb"/>
      </object_component>
      <object_component id="oc-18">
         <name>.text:decompress:rle24</name>
         <load_address>0x189c</load_address>
         <run_address>0x189c</run_address>
         <size>0x6</size>
         <input_file_ref idref="fl-c9"/>
      </object_component>
      <object_component id="oc-28c">
         <name>.text</name>
         <load_address>0x18a2</load_address>
         <run_address>0x18a2</run_address>
         <size>0x6</size>
         <input_file_ref idref="fl-d6"/>
      </object_component>
      <object_component id="oc-1d9">
         <name>.text:I2CMasterControl</name>
         <load_address>0x18a8</load_address>
         <run_address>0x18a8</run_address>
         <size>0x4</size>
         <input_file_ref idref="fl-e6"/>
      </object_component>
      <object_component id="oc-1e5">
         <name>.text:I2CMasterDataGet</name>
         <load_address>0x18ac</load_address>
         <run_address>0x18ac</run_address>
         <size>0x4</size>
         <input_file_ref idref="fl-e6"/>
      </object_component>
      <object_component id="oc-1d3">
         <name>.text:I2CMasterDataPut</name>
         <load_address>0x18b0</load_address>
         <run_address>0x18b0</run_address>
         <size>0x4</size>
         <input_file_ref idref="fl-e6"/>
      </object_component>
      <object_component id="oc-2af">
         <name>.text</name>
         <load_address>0x18b4</load_address>
         <run_address>0x18b4</run_address>
         <size>0x4</size>
         <input_file_ref idref="fl-e0"/>
      </object_component>
      <object_component id="oc-62">
         <name>.text</name>
         <load_address>0x18b8</load_address>
         <run_address>0x18b8</run_address>
         <size>0x4</size>
         <input_file_ref idref="fl-d5"/>
      </object_component>
      <object_component id="oc-13d">
         <name>.const:g_pui32GPIOBaseAddrs</name>
         <load_address>0x18bc</load_address>
         <run_address>0x18bc</run_address>
         <size>0x90</size>
         <input_file_ref idref="fl-e5"/>
      </object_component>
      <object_component id="oc-269">
         <name>.const:g_pui32Xtals</name>
         <load_address>0x194c</load_address>
         <run_address>0x194c</run_address>
         <size>0x6c</size>
         <input_file_ref idref="fl-e9"/>
      </object_component>
      <object_component id="oc-32d">
         <name>.const:.typeinfo:_ZTSN10__cxxabiv123__fundamental_type_infoE</name>
         <load_address>0x19b8</load_address>
         <run_address>0x19b8</run_address>
         <size>0x28</size>
         <input_file_ref idref="fl-d8"/>
      </object_component>
      <object_component id="oc-2cf">
         <name>.const:.typeinfo:_ZTSN10__cxxabiv120__si_class_type_infoE</name>
         <load_address>0x19e0</load_address>
         <run_address>0x19e0</run_address>
         <size>0x25</size>
         <input_file_ref idref="fl-d8"/>
      </object_component>
      <object_component id="oc-319">
         <name>.const:.typeinfo:_ZTSN10__cxxabiv119__pointer_type_infoE</name>
         <load_address>0x1a05</load_address>
         <run_address>0x1a05</run_address>
         <size>0x24</size>
         <input_file_ref idref="fl-d8"/>
      </object_component>
      <object_component id="oc-2ec">
         <name>.const:.typeinfo:_ZTSN10__cxxabiv117__class_type_infoE</name>
         <load_address>0x1a29</load_address>
         <run_address>0x1a29</run_address>
         <size>0x22</size>
         <input_file_ref idref="fl-d8"/>
      </object_component>
      <object_component id="oc-328">
         <name>.const:.typeinfo:_ZTSN10__cxxabiv117__pbase_type_infoE</name>
         <load_address>0x1a4b</load_address>
         <run_address>0x1a4b</run_address>
         <size>0x22</size>
         <input_file_ref idref="fl-d8"/>
      </object_component>
      <object_component id="oc-2a0">
         <name>.const:.typeinfo:_ZTS18AMSPositionEncoder</name>
         <load_address>0x1a6d</load_address>
         <run_address>0x1a6d</run_address>
         <size>0x15</size>
         <input_file_ref idref="fl-b"/>
      </object_component>
      <object_component id="oc-314">
         <name>.const:.typeinfo:_ZTSe</name>
         <load_address>0x1a82</load_address>
         <run_address>0x1a82</run_address>
         <size>0x2</size>
         <input_file_ref idref="fl-d8"/>
      </object_component>
      <object_component id="oc-25d">
         <name>.const:_ZTV15PositionEncoder</name>
         <load_address>0x1a84</load_address>
         <run_address>0x1a84</run_address>
         <size>0x14</size>
         <input_file_ref idref="fl-c"/>
      </object_component>
      <object_component id="oc-1eb">
         <name>.const:_ZTV18AMSPositionEncoder</name>
         <load_address>0x1a98</load_address>
         <run_address>0x1a98</run_address>
         <size>0x14</size>
         <input_file_ref idref="fl-b"/>
      </object_component>
      <object_component id="oc-24f">
         <name>.const:.string</name>
         <load_address>0x1aac</load_address>
         <run_address>0x1aac</run_address>
         <size>0x12</size>
         <input_file_ref idref="fl-4"/>
      </object_component>
      <object_component id="oc-2aa">
         <name>.const:.typeinfo:_ZTS15PositionEncoder</name>
         <load_address>0x1abe</load_address>
         <run_address>0x1abe</run_address>
         <size>0x12</size>
         <input_file_ref idref="fl-c"/>
      </object_component>
      <object_component id="oc-2d5">
         <name>.const:.typeinfo:_ZTIPKe</name>
         <load_address>0x1ad0</load_address>
         <run_address>0x1ad0</run_address>
         <size>0x10</size>
         <input_file_ref idref="fl-d8"/>
      </object_component>
      <object_component id="oc-2a5">
         <name>.const:_ZTVN10__cxxabiv117__class_type_infoE</name>
         <load_address>0x1ae0</load_address>
         <run_address>0x1ae0</run_address>
         <size>0x10</size>
         <input_file_ref idref="fl-d8"/>
      </object_component>
      <object_component id="oc-2f6">
         <name>.const:_ZTVN10__cxxabiv119__pointer_type_infoE</name>
         <load_address>0x1af0</load_address>
         <run_address>0x1af0</run_address>
         <size>0x10</size>
         <input_file_ref idref="fl-d8"/>
      </object_component>
      <object_component id="oc-29b">
         <name>.const:_ZTVN10__cxxabiv120__si_class_type_infoE</name>
         <load_address>0x1b00</load_address>
         <run_address>0x1b00</run_address>
         <size>0x10</size>
         <input_file_ref idref="fl-d8"/>
      </object_component>
      <object_component id="oc-30f">
         <name>.const:_ZTVN10__cxxabiv123__fundamental_type_infoE</name>
         <load_address>0x1b10</load_address>
         <run_address>0x1b10</run_address>
         <size>0x10</size>
         <input_file_ref idref="fl-d8"/>
      </object_component>
      <object_component id="oc-305">
         <name>.const:.typeinfo:_ZTSSt9type_info</name>
         <load_address>0x1b20</load_address>
         <run_address>0x1b20</run_address>
         <size>0xd</size>
         <input_file_ref idref="fl-d8"/>
      </object_component>
      <object_component id="oc-27a">
         <name>.const:.typeinfo:_ZTI18AMSPositionEncoder</name>
         <load_address>0x1b30</load_address>
         <run_address>0x1b30</run_address>
         <size>0xc</size>
         <input_file_ref idref="fl-b"/>
      </object_component>
      <object_component id="oc-2c4">
         <name>.const:.typeinfo:_ZTIN10__cxxabiv117__class_type_infoE</name>
         <load_address>0x1b3c</load_address>
         <run_address>0x1b3c</run_address>
         <size>0xc</size>
         <input_file_ref idref="fl-d8"/>
      </object_component>
      <object_component id="oc-31e">
         <name>.const:.typeinfo:_ZTIN10__cxxabiv117__pbase_type_infoE</name>
         <load_address>0x1b48</load_address>
         <run_address>0x1b48</run_address>
         <size>0xc</size>
         <input_file_ref idref="fl-d8"/>
      </object_component>
      <object_component id="oc-30a">
         <name>.const:.typeinfo:_ZTIN10__cxxabiv119__pointer_type_infoE</name>
         <load_address>0x1b54</load_address>
         <run_address>0x1b54</run_address>
         <size>0xc</size>
         <input_file_ref idref="fl-d8"/>
      </object_component>
      <object_component id="oc-2b6">
         <name>.const:.typeinfo:_ZTIN10__cxxabiv120__si_class_type_infoE</name>
         <load_address>0x1b60</load_address>
         <run_address>0x1b60</run_address>
         <size>0xc</size>
         <input_file_ref idref="fl-d8"/>
      </object_component>
      <object_component id="oc-323">
         <name>.const:.typeinfo:_ZTIN10__cxxabiv123__fundamental_type_infoE</name>
         <load_address>0x1b6c</load_address>
         <run_address>0x1b6c</run_address>
         <size>0xc</size>
         <input_file_ref idref="fl-d8"/>
      </object_component>
      <object_component id="oc-175">
         <name>.const:g_ui32UARTBase</name>
         <load_address>0x1b78</load_address>
         <run_address>0x1b78</run_address>
         <size>0xc</size>
         <input_file_ref idref="fl-4"/>
      </object_component>
      <object_component id="oc-16f">
         <name>.const:g_ui32UARTPeriph</name>
         <load_address>0x1b84</load_address>
         <run_address>0x1b84</run_address>
         <size>0xc</size>
         <input_file_ref idref="fl-4"/>
      </object_component>
      <object_component id="oc-287">
         <name>.const:.typeinfo:_ZTI15PositionEncoder</name>
         <load_address>0x1b90</load_address>
         <run_address>0x1b90</run_address>
         <size>0x8</size>
         <input_file_ref idref="fl-c"/>
      </object_component>
      <object_component id="oc-2f1">
         <name>.const:.typeinfo:_ZTISt9type_info</name>
         <load_address>0x1b98</load_address>
         <run_address>0x1b98</run_address>
         <size>0x8</size>
         <input_file_ref idref="fl-d8"/>
      </object_component>
      <object_component id="oc-300">
         <name>.const:.typeinfo:_ZTIe</name>
         <load_address>0x1ba0</load_address>
         <run_address>0x1ba0</run_address>
         <size>0x8</size>
         <input_file_ref idref="fl-d8"/>
      </object_component>
      <object_component id="oc-2fb">
         <name>.const:.typeinfo:_ZTSPKe</name>
         <load_address>0x1ba8</load_address>
         <run_address>0x1ba8</run_address>
         <size>0x4</size>
         <input_file_ref idref="fl-d8"/>
      </object_component>
      <object_component id="oc-17d">
         <name>.const</name>
         <load_address>0x1bac</load_address>
         <run_address>0x1bac</run_address>
         <size>0x4</size>
         <input_file_ref idref="fl-4"/>
      </object_component>
      <object_component id="oc-353">
         <name>.cinit..data.load</name>
         <load_address>0x1bb0</load_address>
         <run_address>0x1bb0</run_address>
         <size>0x21</size>
      </object_component>
      <object_component id="oc-354">
         <name>.cinit..bss.load</name>
         <load_address>0x1bd8</load_address>
         <run_address>0x1bd8</run_address>
         <size>0x9</size>
      </object_component>
      <object_component id="oc-351">
         <name>__TI_handler_table</name>
         <load_address>0x1be4</load_address>
         <run_address>0x1be4</run_address>
         <size>0x8</size>
      </object_component>
      <object_component id="oc-352">
         <name>__TI_cinit_table</name>
         <load_address>0x1bec</load_address>
         <run_address>0x1bec</run_address>
         <size>0x10</size>
      </object_component>
      <object_component id="oc-172">
         <name>.data</name>
         <load_address>0x20000620</load_address>
         <run_address>0x20000620</run_address>
         <size>0x5</size>
         <input_file_ref idref="fl-4"/>
      </object_component>
      <object_component id="oc-ba">
         <name>.data:$O1$$</name>
         <load_address>0x20000600</load_address>
         <run_address>0x20000600</run_address>
         <size>0xc</size>
         <input_file_ref idref="fl-cc"/>
      </object_component>
      <object_component id="oc-254">
         <name>.data:$O1$$</name>
         <load_address>0x2000060c</load_address>
         <run_address>0x2000060c</run_address>
         <size>0xc</size>
         <input_file_ref idref="fl-d0"/>
      </object_component>
      <object_component id="oc-7a">
         <name>.data</name>
         <load_address>0x20000628</load_address>
         <run_address>0x20000628</run_address>
         <size>0x4</size>
         <input_file_ref idref="fl-d7"/>
      </object_component>
      <object_component id="oc-194">
         <name>.data</name>
         <load_address>0x2000062c</load_address>
         <run_address>0x2000062c</run_address>
         <size>0x4</size>
         <input_file_ref idref="fl-db"/>
      </object_component>
      <object_component id="oc-bd">
         <name>.data:$O1$$</name>
         <load_address>0x20000618</load_address>
         <run_address>0x20000618</run_address>
         <size>0x8</size>
         <input_file_ref idref="fl-dc"/>
      </object_component>
      <object_component id="oc-2d4">
         <name>.common:_ZSt16__dummy_typeinfo</name>
         <uninitialized>true</uninitialized>
         <run_address>0x20000630</run_address>
         <size>0x4</size>
      </object_component>
      <object_component id="oc-2b">
         <name>.sysmem</name>
         <uninitialized>true</uninitialized>
         <run_address>0x20000400</run_address>
         <size>0x8</size>
         <input_file_ref idref="fl-d0"/>
      </object_component>
      <object_component id="oc-356">
         <name>.sysmem</name>
         <uninitialized>true</uninitialized>
         <run_address>0x20000400</run_address>
         <size>0x0</size>
      </object_component>
      <object_component id="oc-2a">
         <name>.stack</name>
         <uninitialized>true</uninitialized>
         <run_address>0x20000000</run_address>
         <size>0x0</size>
         <input_file_ref idref="fl-c7"/>
      </object_component>
      <object_component id="oc-355">
         <name>.stack</name>
         <uninitialized>true</uninitialized>
         <run_address>0x20000000</run_address>
         <size>0x0</size>
      </object_component>
      <object_component id="oc-11d">
         <name>.debug_info</name>
         <load_address>0x0</load_address>
         <run_address>0x0</run_address>
         <size>0x52e</size>
         <input_file_ref idref="fl-2"/>
      </object_component>
      <object_component id="oc-b3">
         <name>.debug_info</name>
         <load_address>0x52e</load_address>
         <run_address>0x52e</run_address>
         <size>0x313</size>
         <input_file_ref idref="fl-2"/>
      </object_component>
      <object_component id="oc-1f1">
         <name>.debug_info</name>
         <load_address>0x841</load_address>
         <run_address>0x841</run_address>
         <size>0x147</size>
         <input_file_ref idref="fl-2"/>
      </object_component>
      <object_component id="oc-207">
         <name>.debug_info</name>
         <load_address>0x988</load_address>
         <run_address>0x988</run_address>
         <size>0xb5</size>
         <input_file_ref idref="fl-2"/>
      </object_component>
      <object_component id="oc-20c">
         <name>.debug_info</name>
         <load_address>0xa3d</load_address>
         <run_address>0xa3d</run_address>
         <size>0x110</size>
         <input_file_ref idref="fl-2"/>
      </object_component>
      <object_component id="oc-211">
         <name>.debug_info</name>
         <load_address>0xb4d</load_address>
         <run_address>0xb4d</run_address>
         <size>0xe5</size>
         <input_file_ref idref="fl-2"/>
      </object_component>
      <object_component id="oc-216">
         <name>.debug_info</name>
         <load_address>0xc32</load_address>
         <run_address>0xc32</run_address>
         <size>0x9c</size>
         <input_file_ref idref="fl-2"/>
      </object_component>
      <object_component id="oc-21b">
         <name>.debug_info</name>
         <load_address>0xcce</load_address>
         <run_address>0xcce</run_address>
         <size>0x189</size>
         <input_file_ref idref="fl-2"/>
      </object_component>
      <object_component id="oc-220">
         <name>.debug_info</name>
         <load_address>0xe57</load_address>
         <run_address>0xe57</run_address>
         <size>0x9c</size>
         <input_file_ref idref="fl-2"/>
      </object_component>
      <object_component id="oc-92">
         <name>.debug_info</name>
         <load_address>0xef3</load_address>
         <run_address>0xef3</run_address>
         <size>0x84</size>
         <input_file_ref idref="fl-2"/>
      </object_component>
      <object_component id="oc-1f8">
         <name>.debug_info</name>
         <load_address>0xf77</load_address>
         <run_address>0xf77</run_address>
         <size>0x18b</size>
         <input_file_ref idref="fl-2"/>
      </object_component>
      <object_component id="oc-1fd">
         <name>.debug_info</name>
         <load_address>0x1102</load_address>
         <run_address>0x1102</run_address>
         <size>0x67</size>
         <input_file_ref idref="fl-2"/>
      </object_component>
      <object_component id="oc-36">
         <name>.debug_info</name>
         <load_address>0x1169</load_address>
         <run_address>0x1169</run_address>
         <size>0x100</size>
         <input_file_ref idref="fl-3"/>
      </object_component>
      <object_component id="oc-10">
         <name>.debug_info</name>
         <load_address>0x1269</load_address>
         <run_address>0x1269</run_address>
         <size>0xeb</size>
         <input_file_ref idref="fl-3"/>
      </object_component>
      <object_component id="oc-2f">
         <name>.debug_info</name>
         <load_address>0x1354</load_address>
         <run_address>0x1354</run_address>
         <size>0x267</size>
         <input_file_ref idref="fl-3"/>
      </object_component>
      <object_component id="oc-85">
         <name>.debug_info</name>
         <load_address>0x15bb</load_address>
         <run_address>0x15bb</run_address>
         <size>0x18b</size>
         <input_file_ref idref="fl-3"/>
      </object_component>
      <object_component id="oc-186">
         <name>.debug_info</name>
         <load_address>0x1746</load_address>
         <run_address>0x1746</run_address>
         <size>0x25f</size>
         <input_file_ref idref="fl-4"/>
      </object_component>
      <object_component id="oc-173">
         <name>.debug_info</name>
         <load_address>0x19a5</load_address>
         <run_address>0x19a5</run_address>
         <size>0xfc</size>
         <input_file_ref idref="fl-4"/>
      </object_component>
      <object_component id="oc-17e">
         <name>.debug_info</name>
         <load_address>0x1aa1</load_address>
         <run_address>0x1aa1</run_address>
         <size>0xf6</size>
         <input_file_ref idref="fl-4"/>
      </object_component>
      <object_component id="oc-176">
         <name>.debug_info</name>
         <load_address>0x1b97</load_address>
         <run_address>0x1b97</run_address>
         <size>0x104</size>
         <input_file_ref idref="fl-4"/>
      </object_component>
      <object_component id="oc-170">
         <name>.debug_info</name>
         <load_address>0x1c9b</load_address>
         <run_address>0x1c9b</run_address>
         <size>0x108</size>
         <input_file_ref idref="fl-4"/>
      </object_component>
      <object_component id="oc-f9">
         <name>.debug_info</name>
         <load_address>0x1da3</load_address>
         <run_address>0x1da3</run_address>
         <size>0x961</size>
         <input_file_ref idref="fl-4"/>
      </object_component>
      <object_component id="oc-181">
         <name>.debug_info</name>
         <load_address>0x2704</load_address>
         <run_address>0x2704</run_address>
         <size>0x8b</size>
         <input_file_ref idref="fl-4"/>
      </object_component>
      <object_component id="oc-187">
         <name>.debug_info</name>
         <load_address>0x278f</load_address>
         <run_address>0x278f</run_address>
         <size>0x4e</size>
         <input_file_ref idref="fl-4"/>
      </object_component>
      <object_component id="oc-1f6">
         <name>.debug_info</name>
         <load_address>0x27dd</load_address>
         <run_address>0x27dd</run_address>
         <size>0xa9b</size>
         <input_file_ref idref="fl-b"/>
      </object_component>
      <object_component id="oc-1ec">
         <name>.debug_info</name>
         <load_address>0x3278</load_address>
         <run_address>0x3278</run_address>
         <size>0x11c</size>
         <input_file_ref idref="fl-b"/>
      </object_component>
      <object_component id="oc-27b">
         <name>.debug_info</name>
         <load_address>0x3394</load_address>
         <run_address>0x3394</run_address>
         <size>0x10e</size>
         <input_file_ref idref="fl-b"/>
      </object_component>
      <object_component id="oc-2a1">
         <name>.debug_info</name>
         <load_address>0x34a2</load_address>
         <run_address>0x34a2</run_address>
         <size>0x113</size>
         <input_file_ref idref="fl-b"/>
      </object_component>
      <object_component id="oc-10b">
         <name>.debug_info</name>
         <load_address>0x35b5</load_address>
         <run_address>0x35b5</run_address>
         <size>0xe1f</size>
         <input_file_ref idref="fl-b"/>
      </object_component>
      <object_component id="oc-263">
         <name>.debug_info</name>
         <load_address>0x43d4</load_address>
         <run_address>0x43d4</run_address>
         <size>0x55f</size>
         <input_file_ref idref="fl-c"/>
      </object_component>
      <object_component id="oc-25e">
         <name>.debug_info</name>
         <load_address>0x4933</load_address>
         <run_address>0x4933</run_address>
         <size>0x113</size>
         <input_file_ref idref="fl-c"/>
      </object_component>
      <object_component id="oc-288">
         <name>.debug_info</name>
         <load_address>0x4a46</load_address>
         <run_address>0x4a46</run_address>
         <size>0x105</size>
         <input_file_ref idref="fl-c"/>
      </object_component>
      <object_component id="oc-2ab">
         <name>.debug_info</name>
         <load_address>0x4b4b</load_address>
         <run_address>0x4b4b</run_address>
         <size>0x10a</size>
         <input_file_ref idref="fl-c"/>
      </object_component>
      <object_component id="oc-1aa">
         <name>.debug_info</name>
         <load_address>0x4c55</load_address>
         <run_address>0x4c55</run_address>
         <size>0x2b3</size>
         <input_file_ref idref="fl-c"/>
      </object_component>
      <object_component id="oc-25">
         <name>.debug_info</name>
         <load_address>0x4f08</load_address>
         <run_address>0x4f08</run_address>
         <size>0x161</size>
         <input_file_ref idref="fl-c7"/>
      </object_component>
      <object_component id="oc-42">
         <name>.debug_info</name>
         <load_address>0x5069</load_address>
         <run_address>0x5069</run_address>
         <size>0x141</size>
         <input_file_ref idref="fl-c8"/>
      </object_component>
      <object_component id="oc-13">
         <name>.debug_info</name>
         <load_address>0x51aa</load_address>
         <run_address>0x51aa</run_address>
         <size>0x1e0</size>
         <input_file_ref idref="fl-c8"/>
      </object_component>
      <object_component id="oc-3d">
         <name>.debug_info</name>
         <load_address>0x538a</load_address>
         <run_address>0x538a</run_address>
         <size>0x46</size>
         <input_file_ref idref="fl-c8"/>
      </object_component>
      <object_component id="oc-8b">
         <name>.debug_info</name>
         <load_address>0x53d0</load_address>
         <run_address>0x53d0</run_address>
         <size>0x2c</size>
         <input_file_ref idref="fl-c8"/>
      </object_component>
      <object_component id="oc-4a">
         <name>.debug_info</name>
         <load_address>0x53fc</load_address>
         <run_address>0x53fc</run_address>
         <size>0x135</size>
         <input_file_ref idref="fl-c9"/>
      </object_component>
      <object_component id="oc-46">
         <name>.debug_info</name>
         <load_address>0x5531</load_address>
         <run_address>0x5531</run_address>
         <size>0x248</size>
         <input_file_ref idref="fl-c9"/>
      </object_component>
      <object_component id="oc-1c">
         <name>.debug_info</name>
         <load_address>0x5779</load_address>
         <run_address>0x5779</run_address>
         <size>0x1b2</size>
         <input_file_ref idref="fl-c9"/>
      </object_component>
      <object_component id="oc-4b">
         <name>.debug_info</name>
         <load_address>0x592b</load_address>
         <run_address>0x592b</run_address>
         <size>0x39</size>
         <input_file_ref idref="fl-c9"/>
      </object_component>
      <object_component id="oc-9a">
         <name>.debug_info</name>
         <load_address>0x5964</load_address>
         <run_address>0x5964</run_address>
         <size>0x2c</size>
         <input_file_ref idref="fl-c9"/>
      </object_component>
      <object_component id="oc-266">
         <name>.debug_info</name>
         <load_address>0x5990</load_address>
         <run_address>0x5990</run_address>
         <size>0xfd</size>
         <input_file_ref idref="fl-cb"/>
      </object_component>
      <object_component id="oc-1b2">
         <name>.debug_info</name>
         <load_address>0x5a8d</load_address>
         <run_address>0x5a8d</run_address>
         <size>0x165</size>
         <input_file_ref idref="fl-cb"/>
      </object_component>
      <object_component id="oc-c1">
         <name>.debug_info</name>
         <load_address>0x5bf2</load_address>
         <run_address>0x5bf2</run_address>
         <size>0x235</size>
         <input_file_ref idref="fl-cc"/>
      </object_component>
      <object_component id="oc-bb">
         <name>.debug_info</name>
         <load_address>0x5e27</load_address>
         <run_address>0x5e27</run_address>
         <size>0x186</size>
         <input_file_ref idref="fl-cc"/>
      </object_component>
      <object_component id="oc-78">
         <name>.debug_info</name>
         <load_address>0x5fad</load_address>
         <run_address>0x5fad</run_address>
         <size>0x215</size>
         <input_file_ref idref="fl-cc"/>
      </object_component>
      <object_component id="oc-38">
         <name>.debug_info</name>
         <load_address>0x61c2</load_address>
         <run_address>0x61c2</run_address>
         <size>0x112</size>
         <input_file_ref idref="fl-cf"/>
      </object_component>
      <object_component id="oc-80">
         <name>.debug_info</name>
         <load_address>0x62d4</load_address>
         <run_address>0x62d4</run_address>
         <size>0x223</size>
         <input_file_ref idref="fl-d0"/>
      </object_component>
      <object_component id="oc-2c">
         <name>.debug_info</name>
         <load_address>0x64f7</load_address>
         <run_address>0x64f7</run_address>
         <size>0x102</size>
         <input_file_ref idref="fl-d0"/>
      </object_component>
      <object_component id="oc-255">
         <name>.debug_info</name>
         <load_address>0x65f9</load_address>
         <run_address>0x65f9</run_address>
         <size>0x14d</size>
         <input_file_ref idref="fl-d0"/>
      </object_component>
      <object_component id="oc-18f">
         <name>.debug_info</name>
         <load_address>0x6746</load_address>
         <run_address>0x6746</run_address>
         <size>0x88c</size>
         <input_file_ref idref="fl-d0"/>
      </object_component>
      <object_component id="oc-c7">
         <name>.debug_info</name>
         <load_address>0x6fd2</load_address>
         <run_address>0x6fd2</run_address>
         <size>0x2c</size>
         <input_file_ref idref="fl-d0"/>
      </object_component>
      <object_component id="oc-cc">
         <name>.debug_info</name>
         <load_address>0x6ffe</load_address>
         <run_address>0x6ffe</run_address>
         <size>0x62</size>
         <input_file_ref idref="fl-d0"/>
      </object_component>
      <object_component id="oc-51">
         <name>.debug_info</name>
         <load_address>0x7060</load_address>
         <run_address>0x7060</run_address>
         <size>0x140</size>
         <input_file_ref idref="fl-d1"/>
      </object_component>
      <object_component id="oc-5d">
         <name>.debug_info</name>
         <load_address>0x71a0</load_address>
         <run_address>0x71a0</run_address>
         <size>0x139</size>
         <input_file_ref idref="fl-d2"/>
      </object_component>
      <object_component id="oc-19e">
         <name>.debug_info</name>
         <load_address>0x72d9</load_address>
         <run_address>0x72d9</run_address>
         <size>0x166</size>
         <input_file_ref idref="fl-d3"/>
      </object_component>
      <object_component id="oc-105">
         <name>.debug_info</name>
         <load_address>0x743f</load_address>
         <run_address>0x743f</run_address>
         <size>0x199</size>
         <input_file_ref idref="fl-d3"/>
      </object_component>
      <object_component id="oc-1a4">
         <name>.debug_info</name>
         <load_address>0x75d8</load_address>
         <run_address>0x75d8</run_address>
         <size>0x2c</size>
         <input_file_ref idref="fl-d3"/>
      </object_component>
      <object_component id="oc-19f">
         <name>.debug_info</name>
         <load_address>0x7604</load_address>
         <run_address>0x7604</run_address>
         <size>0x2c</size>
         <input_file_ref idref="fl-d3"/>
      </object_component>
      <object_component id="oc-198">
         <name>.debug_info</name>
         <load_address>0x7630</load_address>
         <run_address>0x7630</run_address>
         <size>0x160</size>
         <input_file_ref idref="fl-d4"/>
      </object_component>
      <object_component id="oc-63">
         <name>.debug_info</name>
         <load_address>0x7790</load_address>
         <run_address>0x7790</run_address>
         <size>0x149</size>
         <input_file_ref idref="fl-d5"/>
      </object_component>
      <object_component id="oc-28d">
         <name>.debug_info</name>
         <load_address>0x78d9</load_address>
         <run_address>0x78d9</run_address>
         <size>0x165</size>
         <input_file_ref idref="fl-d6"/>
      </object_component>
      <object_component id="oc-2ca">
         <name>.debug_info</name>
         <load_address>0x7a3e</load_address>
         <run_address>0x7a3e</run_address>
         <size>0xc1</size>
         <input_file_ref idref="fl-d6"/>
      </object_component>
      <object_component id="oc-7b">
         <name>.debug_info</name>
         <load_address>0x7aff</load_address>
         <run_address>0x7aff</run_address>
         <size>0x10a</size>
         <input_file_ref idref="fl-d7"/>
      </object_component>
      <object_component id="oc-2c1">
         <name>.debug_info</name>
         <load_address>0x7c09</load_address>
         <run_address>0x7c09</run_address>
         <size>0x67e</size>
         <input_file_ref idref="fl-d8"/>
      </object_component>
      <object_component id="oc-2a6">
         <name>.debug_info</name>
         <load_address>0x8287</load_address>
         <run_address>0x8287</run_address>
         <size>0x14e</size>
         <input_file_ref idref="fl-d8"/>
      </object_component>
      <object_component id="oc-310">
         <name>.debug_info</name>
         <load_address>0x83d5</load_address>
         <run_address>0x83d5</run_address>
         <size>0x15a</size>
         <input_file_ref idref="fl-d8"/>
      </object_component>
      <object_component id="oc-2f7">
         <name>.debug_info</name>
         <load_address>0x852f</load_address>
         <run_address>0x852f</run_address>
         <size>0x152</size>
         <input_file_ref idref="fl-d8"/>
      </object_component>
      <object_component id="oc-301">
         <name>.debug_info</name>
         <load_address>0x8681</load_address>
         <run_address>0x8681</run_address>
         <size>0x10e</size>
         <input_file_ref idref="fl-d8"/>
      </object_component>
      <object_component id="oc-315">
         <name>.debug_info</name>
         <load_address>0x878f</load_address>
         <run_address>0x878f</run_address>
         <size>0x113</size>
         <input_file_ref idref="fl-d8"/>
      </object_component>
      <object_component id="oc-2d6">
         <name>.debug_info</name>
         <load_address>0x88a2</load_address>
         <run_address>0x88a2</run_address>
         <size>0x118</size>
         <input_file_ref idref="fl-d8"/>
      </object_component>
      <object_component id="oc-2fc">
         <name>.debug_info</name>
         <load_address>0x89ba</load_address>
         <run_address>0x89ba</run_address>
         <size>0x11d</size>
         <input_file_ref idref="fl-d8"/>
      </object_component>
      <object_component id="oc-29c">
         <name>.debug_info</name>
         <load_address>0x8ad7</load_address>
         <run_address>0x8ad7</run_address>
         <size>0x154</size>
         <input_file_ref idref="fl-d8"/>
      </object_component>
      <object_component id="oc-2f2">
         <name>.debug_info</name>
         <load_address>0x8c2b</load_address>
         <run_address>0x8c2b</run_address>
         <size>0x11c</size>
         <input_file_ref idref="fl-d8"/>
      </object_component>
      <object_component id="oc-324">
         <name>.debug_info</name>
         <load_address>0x8d47</load_address>
         <run_address>0x8d47</run_address>
         <size>0x14c</size>
         <input_file_ref idref="fl-d8"/>
      </object_component>
      <object_component id="oc-2c5">
         <name>.debug_info</name>
         <load_address>0x8e93</load_address>
         <run_address>0x8e93</run_address>
         <size>0x140</size>
         <input_file_ref idref="fl-d8"/>
      </object_component>
      <object_component id="oc-2b7">
         <name>.debug_info</name>
         <load_address>0x8fd3</load_address>
         <run_address>0x8fd3</run_address>
         <size>0x146</size>
         <input_file_ref idref="fl-d8"/>
      </object_component>
      <object_component id="oc-31f">
         <name>.debug_info</name>
         <load_address>0x9119</load_address>
         <run_address>0x9119</run_address>
         <size>0x140</size>
         <input_file_ref idref="fl-d8"/>
      </object_component>
      <object_component id="oc-30b">
         <name>.debug_info</name>
         <load_address>0x9259</load_address>
         <run_address>0x9259</run_address>
         <size>0x144</size>
         <input_file_ref idref="fl-d8"/>
      </object_component>
      <object_component id="oc-306">
         <name>.debug_info</name>
         <load_address>0x939d</load_address>
         <run_address>0x939d</run_address>
         <size>0x121</size>
         <input_file_ref idref="fl-d8"/>
      </object_component>
      <object_component id="oc-32e">
         <name>.debug_info</name>
         <load_address>0x94be</load_address>
         <run_address>0x94be</run_address>
         <size>0x151</size>
         <input_file_ref idref="fl-d8"/>
      </object_component>
      <object_component id="oc-2ed">
         <name>.debug_info</name>
         <load_address>0x960f</load_address>
         <run_address>0x960f</run_address>
         <size>0x145</size>
         <input_file_ref idref="fl-d8"/>
      </object_component>
      <object_component id="oc-2d0">
         <name>.debug_info</name>
         <load_address>0x9754</load_address>
         <run_address>0x9754</run_address>
         <size>0x14b</size>
         <input_file_ref idref="fl-d8"/>
      </object_component>
      <object_component id="oc-329">
         <name>.debug_info</name>
         <load_address>0x989f</load_address>
         <run_address>0x989f</run_address>
         <size>0x145</size>
         <input_file_ref idref="fl-d8"/>
      </object_component>
      <object_component id="oc-31a">
         <name>.debug_info</name>
         <load_address>0x99e4</load_address>
         <run_address>0x99e4</run_address>
         <size>0x149</size>
         <input_file_ref idref="fl-d8"/>
      </object_component>
      <object_component id="oc-2bc">
         <name>.debug_info</name>
         <load_address>0x9b2d</load_address>
         <run_address>0x9b2d</run_address>
         <size>0x10ae</size>
         <input_file_ref idref="fl-d8"/>
      </object_component>
      <object_component id="oc-2e0">
         <name>.debug_info</name>
         <load_address>0xabdb</load_address>
         <run_address>0xabdb</run_address>
         <size>0x582</size>
         <input_file_ref idref="fl-d8"/>
      </object_component>
      <object_component id="oc-2e7">
         <name>.debug_info</name>
         <load_address>0xb15d</load_address>
         <run_address>0xb15d</run_address>
         <size>0x2c</size>
         <input_file_ref idref="fl-d8"/>
      </object_component>
      <object_component id="oc-2db">
         <name>.debug_info</name>
         <load_address>0xb189</load_address>
         <run_address>0xb189</run_address>
         <size>0xec</size>
         <input_file_ref idref="fl-d8"/>
      </object_component>
      <object_component id="oc-179">
         <name>.debug_info</name>
         <load_address>0xb275</load_address>
         <run_address>0xb275</run_address>
         <size>0x13b</size>
         <input_file_ref idref="fl-d9"/>
      </object_component>
      <object_component id="oc-195">
         <name>.debug_info</name>
         <load_address>0xb3b0</load_address>
         <run_address>0xb3b0</run_address>
         <size>0x104</size>
         <input_file_ref idref="fl-db"/>
      </object_component>
      <object_component id="oc-130">
         <name>.debug_info</name>
         <load_address>0xb4b4</load_address>
         <run_address>0xb4b4</run_address>
         <size>0x125</size>
         <input_file_ref idref="fl-dc"/>
      </object_component>
      <object_component id="oc-be">
         <name>.debug_info</name>
         <load_address>0xb5d9</load_address>
         <run_address>0xb5d9</run_address>
         <size>0x114</size>
         <input_file_ref idref="fl-dc"/>
      </object_component>
      <object_component id="oc-12b">
         <name>.debug_info</name>
         <load_address>0xb6ed</load_address>
         <run_address>0xb6ed</run_address>
         <size>0x220</size>
         <input_file_ref idref="fl-dc"/>
      </object_component>
      <object_component id="oc-b9">
         <name>.debug_info</name>
         <load_address>0xb90d</load_address>
         <run_address>0xb90d</run_address>
         <size>0x167</size>
         <input_file_ref idref="fl-dd"/>
      </object_component>
      <object_component id="oc-70">
         <name>.debug_info</name>
         <load_address>0xba74</load_address>
         <run_address>0xba74</run_address>
         <size>0x168</size>
         <input_file_ref idref="fl-dd"/>
      </object_component>
      <object_component id="oc-121">
         <name>.debug_info</name>
         <load_address>0xbbdc</load_address>
         <run_address>0xbbdc</run_address>
         <size>0x5e</size>
         <input_file_ref idref="fl-dd"/>
      </object_component>
      <object_component id="oc-b1">
         <name>.debug_info</name>
         <load_address>0xbc3a</load_address>
         <run_address>0xbc3a</run_address>
         <size>0x2ea</size>
         <input_file_ref idref="fl-de"/>
      </object_component>
      <object_component id="oc-69">
         <name>.debug_info</name>
         <load_address>0xbf24</load_address>
         <run_address>0xbf24</run_address>
         <size>0x191</size>
         <input_file_ref idref="fl-de"/>
      </object_component>
      <object_component id="oc-d6">
         <name>.debug_info</name>
         <load_address>0xc0b5</load_address>
         <run_address>0xc0b5</run_address>
         <size>0x39</size>
         <input_file_ref idref="fl-de"/>
      </object_component>
      <object_component id="oc-db">
         <name>.debug_info</name>
         <load_address>0xc0ee</load_address>
         <run_address>0xc0ee</run_address>
         <size>0xcd</size>
         <input_file_ref idref="fl-de"/>
      </object_component>
      <object_component id="oc-d2">
         <name>.debug_info</name>
         <load_address>0xc1bb</load_address>
         <run_address>0xc1bb</run_address>
         <size>0x1e1</size>
         <input_file_ref idref="fl-df"/>
      </object_component>
      <object_component id="oc-a5">
         <name>.debug_info</name>
         <load_address>0xc39c</load_address>
         <run_address>0xc39c</run_address>
         <size>0x184</size>
         <input_file_ref idref="fl-df"/>
      </object_component>
      <object_component id="oc-136">
         <name>.debug_info</name>
         <load_address>0xc520</load_address>
         <run_address>0xc520</run_address>
         <size>0x2c</size>
         <input_file_ref idref="fl-df"/>
      </object_component>
      <object_component id="oc-2b0">
         <name>.debug_info</name>
         <load_address>0xc54c</load_address>
         <run_address>0xc54c</run_address>
         <size>0x164</size>
         <input_file_ref idref="fl-e0"/>
      </object_component>
      <object_component id="oc-249">
         <name>.debug_info</name>
         <load_address>0xc6b0</load_address>
         <run_address>0xc6b0</run_address>
         <size>0x148</size>
         <input_file_ref idref="fl-e1"/>
      </object_component>
      <object_component id="oc-ab">
         <name>.debug_info</name>
         <load_address>0xc7f8</load_address>
         <run_address>0xc7f8</run_address>
         <size>0x146</size>
         <input_file_ref idref="fl-e2"/>
      </object_component>
      <object_component id="oc-141">
         <name>.debug_info</name>
         <load_address>0xc93e</load_address>
         <run_address>0xc93e</run_address>
         <size>0x230</size>
         <input_file_ref idref="fl-e5"/>
      </object_component>
      <object_component id="oc-13e">
         <name>.debug_info</name>
         <load_address>0xcb6e</load_address>
         <run_address>0xcb6e</run_address>
         <size>0x15b</size>
         <input_file_ref idref="fl-e5"/>
      </object_component>
      <object_component id="oc-145">
         <name>.debug_info</name>
         <load_address>0xccc9</load_address>
         <run_address>0xccc9</run_address>
         <size>0x2b3</size>
         <input_file_ref idref="fl-e5"/>
      </object_component>
      <object_component id="oc-14b">
         <name>.debug_info</name>
         <load_address>0xcf7c</load_address>
         <run_address>0xcf7c</run_address>
         <size>0x316</size>
         <input_file_ref idref="fl-e5"/>
      </object_component>
      <object_component id="oc-f3">
         <name>.debug_info</name>
         <load_address>0xd292</load_address>
         <run_address>0xd292</run_address>
         <size>0x27b</size>
         <input_file_ref idref="fl-e5"/>
      </object_component>
      <object_component id="oc-1b6">
         <name>.debug_info</name>
         <load_address>0xd50d</load_address>
         <run_address>0xd50d</run_address>
         <size>0x27f</size>
         <input_file_ref idref="fl-e5"/>
      </object_component>
      <object_component id="oc-1bc">
         <name>.debug_info</name>
         <load_address>0xd78c</load_address>
         <run_address>0xd78c</run_address>
         <size>0x279</size>
         <input_file_ref idref="fl-e5"/>
      </object_component>
      <object_component id="oc-e7">
         <name>.debug_info</name>
         <load_address>0xda05</load_address>
         <run_address>0xda05</run_address>
         <size>0x280</size>
         <input_file_ref idref="fl-e5"/>
      </object_component>
      <object_component id="oc-274">
         <name>.debug_info</name>
         <load_address>0xdc85</load_address>
         <run_address>0xdc85</run_address>
         <size>0x231</size>
         <input_file_ref idref="fl-e6"/>
      </object_component>
      <object_component id="oc-1ce">
         <name>.debug_info</name>
         <load_address>0xdeb6</load_address>
         <run_address>0xdeb6</run_address>
         <size>0x2ce</size>
         <input_file_ref idref="fl-e6"/>
      </object_component>
      <object_component id="oc-26e">
         <name>.debug_info</name>
         <load_address>0xe184</load_address>
         <run_address>0xe184</run_address>
         <size>0x24e</size>
         <input_file_ref idref="fl-e6"/>
      </object_component>
      <object_component id="oc-1c8">
         <name>.debug_info</name>
         <load_address>0xe3d2</load_address>
         <run_address>0xe3d2</run_address>
         <size>0x2d5</size>
         <input_file_ref idref="fl-e6"/>
      </object_component>
      <object_component id="oc-1d4">
         <name>.debug_info</name>
         <load_address>0xe6a7</load_address>
         <run_address>0xe6a7</run_address>
         <size>0x27e</size>
         <input_file_ref idref="fl-e6"/>
      </object_component>
      <object_component id="oc-1e6">
         <name>.debug_info</name>
         <load_address>0xe925</load_address>
         <run_address>0xe925</run_address>
         <size>0x254</size>
         <input_file_ref idref="fl-e6"/>
      </object_component>
      <object_component id="oc-1da">
         <name>.debug_info</name>
         <load_address>0xeb79</load_address>
         <run_address>0xeb79</run_address>
         <size>0x27e</size>
         <input_file_ref idref="fl-e6"/>
      </object_component>
      <object_component id="oc-1e0">
         <name>.debug_info</name>
         <load_address>0xedf7</load_address>
         <run_address>0xedf7</run_address>
         <size>0x24e</size>
         <input_file_ref idref="fl-e6"/>
      </object_component>
      <object_component id="oc-13c">
         <name>.debug_info</name>
         <load_address>0xf045</load_address>
         <run_address>0xf045</run_address>
         <size>0x27f</size>
         <input_file_ref idref="fl-e9"/>
      </object_component>
      <object_component id="oc-26a">
         <name>.debug_info</name>
         <load_address>0xf2c4</load_address>
         <run_address>0xf2c4</run_address>
         <size>0x14d</size>
         <input_file_ref idref="fl-e9"/>
      </object_component>
      <object_component id="oc-152">
         <name>.debug_info</name>
         <load_address>0xf411</load_address>
         <run_address>0xf411</run_address>
         <size>0x283</size>
         <input_file_ref idref="fl-e9"/>
      </object_component>
      <object_component id="oc-e1">
         <name>.debug_info</name>
         <load_address>0xf694</load_address>
         <run_address>0xf694</run_address>
         <size>0x27d</size>
         <input_file_ref idref="fl-e9"/>
      </object_component>
      <object_component id="oc-ff">
         <name>.debug_info</name>
         <load_address>0xf911</load_address>
         <run_address>0xf911</run_address>
         <size>0x2db</size>
         <input_file_ref idref="fl-e9"/>
      </object_component>
      <object_component id="oc-1c2">
         <name>.debug_info</name>
         <load_address>0xfbec</load_address>
         <run_address>0xfbec</run_address>
         <size>0x2b5</size>
         <input_file_ref idref="fl-e9"/>
      </object_component>
      <object_component id="oc-22a">
         <name>.debug_info</name>
         <load_address>0xfea1</load_address>
         <run_address>0xfea1</run_address>
         <size>0x5f</size>
         <input_file_ref idref="fl-e9"/>
      </object_component>
      <object_component id="oc-203">
         <name>.debug_info</name>
         <load_address>0xff00</load_address>
         <run_address>0xff00</run_address>
         <size>0x19d</size>
         <input_file_ref idref="fl-ea"/>
      </object_component>
      <object_component id="oc-111">
         <name>.debug_info</name>
         <load_address>0x1009d</load_address>
         <run_address>0x1009d</run_address>
         <size>0x261</size>
         <input_file_ref idref="fl-ea"/>
      </object_component>
      <object_component id="oc-117">
         <name>.debug_info</name>
         <load_address>0x102fe</load_address>
         <run_address>0x102fe</run_address>
         <size>0x221</size>
         <input_file_ref idref="fl-ea"/>
      </object_component>
      <object_component id="oc-143">
         <name>.debug_info</name>
         <load_address>0x1051f</load_address>
         <run_address>0x1051f</run_address>
         <size>0x227</size>
         <input_file_ref idref="fl-eb"/>
      </object_component>
      <object_component id="oc-15e">
         <name>.debug_info</name>
         <load_address>0x10746</load_address>
         <run_address>0x10746</run_address>
         <size>0x247</size>
         <input_file_ref idref="fl-eb"/>
      </object_component>
      <object_component id="oc-239">
         <name>.debug_info</name>
         <load_address>0x1098d</load_address>
         <run_address>0x1098d</run_address>
         <size>0x249</size>
         <input_file_ref idref="fl-eb"/>
      </object_component>
      <object_component id="oc-158">
         <name>.debug_info</name>
         <load_address>0x10bd6</load_address>
         <run_address>0x10bd6</run_address>
         <size>0x326</size>
         <input_file_ref idref="fl-eb"/>
      </object_component>
      <object_component id="oc-ed">
         <name>.debug_info</name>
         <load_address>0x10efc</load_address>
         <run_address>0x10efc</run_address>
         <size>0x291</size>
         <input_file_ref idref="fl-eb"/>
      </object_component>
      <object_component id="oc-164">
         <name>.debug_info</name>
         <load_address>0x1118d</load_address>
         <run_address>0x1118d</run_address>
         <size>0x273</size>
         <input_file_ref idref="fl-eb"/>
      </object_component>
      <object_component id="oc-16a">
         <name>.debug_info</name>
         <load_address>0x11400</load_address>
         <run_address>0x11400</run_address>
         <size>0x24d</size>
         <input_file_ref idref="fl-eb"/>
      </object_component>
      <object_component id="oc-357">
         <name>.debug_info</name>
         <load_address>0x1164d</load_address>
         <run_address>0x1164d</run_address>
         <size>0xa1</size>
      </object_component>
      <object_component id="oc-206">
         <name>.debug_line</name>
         <load_address>0x0</load_address>
         <run_address>0x0</run_address>
         <size>0x157</size>
         <input_file_ref idref="fl-2"/>
      </object_component>
      <object_component id="oc-b6">
         <name>.debug_line</name>
         <load_address>0x157</load_address>
         <run_address>0x157</run_address>
         <size>0x81</size>
         <input_file_ref idref="fl-2"/>
      </object_component>
      <object_component id="oc-1f4">
         <name>.debug_line</name>
         <load_address>0x1d8</load_address>
         <run_address>0x1d8</run_address>
         <size>0x43</size>
         <input_file_ref idref="fl-2"/>
      </object_component>
      <object_component id="oc-20a">
         <name>.debug_line</name>
         <load_address>0x21b</load_address>
         <run_address>0x21b</run_address>
         <size>0x47</size>
         <input_file_ref idref="fl-2"/>
      </object_component>
      <object_component id="oc-20f">
         <name>.debug_line</name>
         <load_address>0x262</load_address>
         <run_address>0x262</run_address>
         <size>0x40</size>
         <input_file_ref idref="fl-2"/>
      </object_component>
      <object_component id="oc-214">
         <name>.debug_line</name>
         <load_address>0x2a2</load_address>
         <run_address>0x2a2</run_address>
         <size>0x5e</size>
         <input_file_ref idref="fl-2"/>
      </object_component>
      <object_component id="oc-219">
         <name>.debug_line</name>
         <load_address>0x300</load_address>
         <run_address>0x300</run_address>
         <size>0x40</size>
         <input_file_ref idref="fl-2"/>
      </object_component>
      <object_component id="oc-21e">
         <name>.debug_line</name>
         <load_address>0x340</load_address>
         <run_address>0x340</run_address>
         <size>0x65</size>
         <input_file_ref idref="fl-2"/>
      </object_component>
      <object_component id="oc-223">
         <name>.debug_line</name>
         <load_address>0x3a5</load_address>
         <run_address>0x3a5</run_address>
         <size>0x40</size>
         <input_file_ref idref="fl-2"/>
      </object_component>
      <object_component id="oc-95">
         <name>.debug_line</name>
         <load_address>0x3e5</load_address>
         <run_address>0x3e5</run_address>
         <size>0x20</size>
         <input_file_ref idref="fl-2"/>
      </object_component>
      <object_component id="oc-1fb">
         <name>.debug_line</name>
         <load_address>0x405</load_address>
         <run_address>0x405</run_address>
         <size>0x5f</size>
         <input_file_ref idref="fl-2"/>
      </object_component>
      <object_component id="oc-200">
         <name>.debug_line</name>
         <load_address>0x464</load_address>
         <run_address>0x464</run_address>
         <size>0x5f</size>
         <input_file_ref idref="fl-2"/>
      </object_component>
      <object_component id="oc-84">
         <name>.debug_line</name>
         <load_address>0x4c3</load_address>
         <run_address>0x4c3</run_address>
         <size>0x41</size>
         <input_file_ref idref="fl-3"/>
      </object_component>
      <object_component id="oc-35">
         <name>.debug_line</name>
         <load_address>0x504</load_address>
         <run_address>0x504</run_address>
         <size>0x41</size>
         <input_file_ref idref="fl-3"/>
      </object_component>
      <object_component id="oc-32">
         <name>.debug_line</name>
         <load_address>0x545</load_address>
         <run_address>0x545</run_address>
         <size>0xa1</size>
         <input_file_ref idref="fl-3"/>
      </object_component>
      <object_component id="oc-88">
         <name>.debug_line</name>
         <load_address>0x5e6</load_address>
         <run_address>0x5e6</run_address>
         <size>0x5f</size>
         <input_file_ref idref="fl-3"/>
      </object_component>
      <object_component id="oc-253">
         <name>.debug_line</name>
         <load_address>0x645</load_address>
         <run_address>0x645</run_address>
         <size>0x8e</size>
         <input_file_ref idref="fl-4"/>
      </object_component>
      <object_component id="oc-245">
         <name>.debug_line</name>
         <load_address>0x6d3</load_address>
         <run_address>0x6d3</run_address>
         <size>0x57</size>
         <input_file_ref idref="fl-4"/>
      </object_component>
      <object_component id="oc-251">
         <name>.debug_line</name>
         <load_address>0x72a</load_address>
         <run_address>0x72a</run_address>
         <size>0x57</size>
         <input_file_ref idref="fl-4"/>
      </object_component>
      <object_component id="oc-247">
         <name>.debug_line</name>
         <load_address>0x781</load_address>
         <run_address>0x781</run_address>
         <size>0x57</size>
         <input_file_ref idref="fl-4"/>
      </object_component>
      <object_component id="oc-243">
         <name>.debug_line</name>
         <load_address>0x7d8</load_address>
         <run_address>0x7d8</run_address>
         <size>0x57</size>
         <input_file_ref idref="fl-4"/>
      </object_component>
      <object_component id="oc-fc">
         <name>.debug_line</name>
         <load_address>0x82f</load_address>
         <run_address>0x82f</run_address>
         <size>0x2a8</size>
         <input_file_ref idref="fl-4"/>
      </object_component>
      <object_component id="oc-184">
         <name>.debug_line</name>
         <load_address>0xad7</load_address>
[...]
      <symbol id="sm-2b0">
         <name>memalign</name>
         <value>0x9cd</value>
         <object_component_ref idref="oc-18e"/>
      </symbol>
      <symbol id="sm-2b1">
         <name>calloc</name>
         <value>0xab1</value>
         <object_component_ref idref="oc-18e"/>
      </symbol>
      <symbol id="sm-2b2">
         <name>malloc</name>
         <value>0x797</value>
         <object_component_ref idref="oc-18e"/>
      </symbol>
      <symbol id="sm-2b3">
         <name>minit</name>
         <value>0x709</value>
         <object_component_ref idref="oc-18e"/>
      </symbol>
      <symbol id="sm-2c2">
         <name>__aeabi_memset</name>
         <value>0x131f</value>
         <object_component_ref idref="oc-50"/>
      </symbol>
      <symbol id="sm-2c3">
         <name>memset</name>
         <value>0x1325</value>
         <object_component_ref idref="oc-50"/>
      </symbol>
      <symbol id="sm-2c4">
         <name>__aeabi_memset8</name>
         <value>0x131f</value>
         <object_component_ref idref="oc-50"/>
      </symbol>
      <symbol id="sm-2c5">
         <name>__aeabi_memset4</name>
         <value>0x131f</value>
         <object_component_ref idref="oc-50"/>
      </symbol>
      <symbol id="sm-2c6">
         <name>__aeabi_memclr8</name>
         <value>0x131d</value>
         <object_component_ref idref="oc-50"/>
      </symbol>
      <symbol id="sm-2c7">
         <name>__aeabi_memclr4</name>
         <value>0x131d</value>
         <object_component_ref idref="oc-50"/>
      </symbol>
      <symbol id="sm-2c8">
         <name>__aeabi_memclr</name>
         <value>0x131d</value>
         <object_component_ref idref="oc-50"/>
      </symbol>
      <symbol id="sm-2d2">
         <name>__mpu_init</name>
         <value>0x1397</value>
         <object_component_ref idref="oc-5c"/>
      </symbol>
      <symbol id="sm-2ee">
         <name>_Znwj</name>
         <value>0x1729</value>
         <object_component_ref idref="oc-104"/>
      </symbol>
      <symbol id="sm-2f8">
         <name>_Z21__default_new_handlerv</name>
         <value>0x1473</value>
         <object_component_ref idref="oc-197"/>
      </symbol>
      <symbol id="sm-302">
         <name>_system_pre_init</name>
         <value>0x18b9</value>
         <object_component_ref idref="oc-62"/>
      </symbol>
      <symbol id="sm-311">
         <name>__cxa_pure_virtual</name>
         <value>0x18a3</value>
         <object_component_ref idref="oc-28c"/>
      </symbol>
      <symbol id="sm-319">
         <name>main_func_sp</name>
         <value>0x20000628</value>
         <object_component_ref idref="oc-7a"/>
      </symbol>
      <symbol id="sm-3d9">
         <name>_ZSt16__dummy_typeinfo</name>
         <value>0x20000630</value>
      </symbol>
      <symbol id="sm-3da">
         <name>_ZN10__cxxabiv120__function_type_infoD1Ev</name>
         <value>0x123d</value>
         <object_component_ref idref="oc-2bb"/>
      </symbol>
      <symbol id="sm-3db">
         <name>_ZTIN10__cxxabiv119__pointer_type_infoE</name>
         <value>0x1b54</value>
         <object_component_ref idref="oc-30a"/>
      </symbol>
      <symbol id="sm-3dc">
         <name>_ZTSSt9type_info</name>
         <value>0x1b20</value>
         <object_component_ref idref="oc-305"/>
      </symbol>
      <symbol id="sm-3dd">
         <name>_ZN10__cxxabiv123__fundamental_type_infoD2Ev</name>
         <value>0x121f</value>
         <object_component_ref idref="oc-2bb"/>
      </symbol>
      <symbol id="sm-3de">
         <name>_ZN10__cxxabiv117__class_type_infoD1Ev</name>
         <value>0x125b</value>
         <object_component_ref idref="oc-2bb"/>
      </symbol>
      <symbol id="sm-3df">
         <name>_ZN10__cxxabiv129__pointer_to_member_type_infoD2Ev</name>
         <value>0x1215</value>
         <object_component_ref idref="oc-2bb"/>
      </symbol>
      <symbol id="sm-3e0">
         <name>_ZN10__cxxabiv116__enum_type_infoD1Ev</name>
         <value>0x126f</value>
         <object_component_ref idref="oc-2bb"/>
      </symbol>
      <symbol id="sm-3e1">
         <name>_ZN10__cxxabiv121__vmi_class_type_infoD1Ev</name>
         <value>0x1229</value>
         <object_component_ref idref="oc-2bb"/>
      </symbol>
      <symbol id="sm-3e2">
         <name>_ZTSN10__cxxabiv123__fundamental_type_infoE</name>
         <value>0x19b8</value>
         <object_component_ref idref="oc-32d"/>
      </symbol>
      <symbol id="sm-3e3">
         <name>_ZN10__cxxabiv117__pbase_type_infoD1Ev</name>
         <value>0x1251</value>
         <object_component_ref idref="oc-2bb"/>
      </symbol>
      <symbol id="sm-3e4">
         <name>_ZTVN10__cxxabiv123__fundamental_type_infoE</name>
         <value>0x1b10</value>
         <object_component_ref idref="oc-30f"/>
      </symbol>
      <symbol id="sm-3e5">
         <name>_ZTSN10__cxxabiv120__si_class_type_infoE</name>
         <value>0x19e0</value>
         <object_component_ref idref="oc-2cf"/>
      </symbol>
      <symbol id="sm-3e6">
         <name>_ZN10__cxxabiv117__array_type_infoD1Ev</name>
         <value>0x1265</value>
         <object_component_ref idref="oc-2bb"/>
      </symbol>
      <symbol id="sm-3e7">
         <name>_ZTVN10__cxxabiv119__pointer_type_infoE</name>
         <value>0x1af0</value>
         <object_component_ref idref="oc-2f6"/>
      </symbol>
      <symbol id="sm-3e8">
         <name>_ZTSPKe</name>
         <value>0x1ba8</value>
         <object_component_ref idref="oc-2fb"/>
      </symbol>
      <symbol id="sm-3e9">
         <name>_ZNKSt9type_infoneERKS_</name>
         <value>0x11db</value>
         <object_component_ref idref="oc-2bb"/>
      </symbol>
      <symbol id="sm-3ea">
         <name>_ZN10__cxxabiv119__pointer_type_infoD1Ev</name>
         <value>0x1247</value>
         <object_component_ref idref="oc-2bb"/>
      </symbol>
      <symbol id="sm-3eb">
         <name>_ZNSt9type_infoD2Ev</name>
         <value>0x11cd</value>
         <object_component_ref idref="oc-2bb"/>
      </symbol>
      <symbol id="sm-3ec">
         <name>_ZNKSt9type_info6beforeERKS_</name>
         <value>0x1207</value>
         <object_component_ref idref="oc-2bb"/>
      </symbol>
      <symbol id="sm-3ed">
         <name>_ZN10__cxxabiv123__fundamental_type_infoD1Ev</name>
         <value>0x121f</value>
         <object_component_ref idref="oc-2bb"/>
      </symbol>
      <symbol id="sm-3ee">
         <name>_ZTSN10__cxxabiv119__pointer_type_infoE</name>
         <value>0x1a05</value>
         <object_component_ref idref="oc-319"/>
      </symbol>
      <symbol id="sm-3ef">
         <name>_ZN10__cxxabiv121__vmi_class_type_infoD2Ev</name>
         <value>0x1229</value>
         <object_component_ref idref="oc-2bb"/>
      </symbol>
      <symbol id="sm-3f0">
         <name>_ZTSN10__cxxabiv117__class_type_infoE</name>
         <value>0x1a29</value>
         <object_component_ref idref="oc-2ec"/>
      </symbol>
      <symbol id="sm-3f1">
         <name>_ZN10__cxxabiv120__function_type_infoD2Ev</name>
         <value>0x123d</value>
         <object_component_ref idref="oc-2bb"/>
      </symbol>
      <symbol id="sm-3f2">
         <name>_ZN10__cxxabiv117__class_type_infoD2Ev</name>
         <value>0x125b</value>
         <object_component_ref idref="oc-2bb"/>
      </symbol>
      <symbol id="sm-3f3">
         <name>_ZN10__cxxabiv116__enum_type_infoD2Ev</name>
         <value>0x126f</value>
         <object_component_ref idref="oc-2bb"/>
      </symbol>
      <symbol id="sm-3f4">
         <name>_ZN10__cxxabiv119__pointer_type_infoD2Ev</name>
         <value>0x1247</value>
         <object_component_ref idref="oc-2bb"/>
      </symbol>
      <symbol id="sm-3f5">
         <name>_ZN10__cxxabiv120__si_class_type_infoD2Ev</name>
         <value>0x1233</value>
         <object_component_ref idref="oc-2bb"/>
      </symbol>
      <symbol id="sm-3f6">
         <name>_ZN10__cxxabiv117__pbase_type_infoD2Ev</name>
         <value>0x1251</value>
         <object_component_ref idref="oc-2bb"/>
      </symbol>
      <symbol id="sm-3f7">
         <name>_ZTVN10__cxxabiv117__class_type_infoE</name>
         <value>0x1ae0</value>
         <object_component_ref idref="oc-2a5"/>
      </symbol>
      <symbol id="sm-3f8">
         <name>_ZN10__cxxabiv117__array_type_infoD2Ev</name>
         <value>0x1265</value>
         <object_component_ref idref="oc-2bb"/>
      </symbol>
      <symbol id="sm-3f9">
         <name>_ZNSt9type_infoD1Ev</name>
         <value>0x11cd</value>
         <object_component_ref idref="oc-2bb"/>
      </symbol>
      <symbol id="sm-3fa">
         <name>_ZTIN10__cxxabiv123__fundamental_type_infoE</name>
         <value>0x1b6c</value>
         <object_component_ref idref="oc-323"/>
      </symbol>
      <symbol id="sm-3fb">
         <name>_ZTISt9type_info</name>
         <value>0x1b98</value>
         <object_component_ref idref="oc-2f1"/>
      </symbol>
      <symbol id="sm-3fc">
         <name>_ZN10__cxxabiv123__fundamental_type_infoD0Ev</name>
         <value>0x1221</value>
         <object_component_ref idref="oc-2bb"/>
      </symbol>
      <symbol id="sm-3fd">
         <name>_ZTIN10__cxxabiv117__pbase_type_infoE</name>
         <value>0x1b48</value>
         <object_component_ref idref="oc-31e"/>
      </symbol>
      <symbol id="sm-3fe">
         <name>_ZTSe</name>
         <value>0x1a82</value>
         <object_component_ref idref="oc-314"/>
      </symbol>
      <symbol id="sm-3ff">
         <name>_ZNKSt9type_info4nameEv</name>
         <value>0x11d7</value>
         <object_component_ref idref="oc-2bb"/>
      </symbol>
      <symbol id="sm-400">
         <name>_ZTIN10__cxxabiv117__class_type_infoE</name>
         <value>0x1b3c</value>
         <object_component_ref idref="oc-2c4"/>
      </symbol>
      <symbol id="sm-401">
         <name>_ZN10__cxxabiv129__pointer_to_member_type_infoD0Ev</name>
         <value>0x1217</value>
         <object_component_ref idref="oc-2bb"/>
      </symbol>
      <symbol id="sm-402">
         <name>_ZN10__cxxabiv120__si_class_type_infoD1Ev</name>
         <value>0x1233</value>
         <object_component_ref idref="oc-2bb"/>
      </symbol>
      <symbol id="sm-403">
         <name>_ZTIN10__cxxabiv120__si_class_type_infoE</name>
         <value>0x1b60</value>
         <object_component_ref idref="oc-2b6"/>
      </symbol>
      <symbol id="sm-404">
         <name>_ZNSt9type_infoD0Ev</name>
         <value>0x11cf</value>
         <object_component_ref idref="oc-2bb"/>
      </symbol>
      <symbol id="sm-405">
         <name>_ZN10__cxxabiv120__function_type_infoD0Ev</name>
         <value>0x123f</value>
         <object_component_ref idref="oc-2bb"/>
      </symbol>
      <symbol id="sm-406">
         <name>_ZN10__cxxabiv117__class_type_infoD0Ev</name>
         <value>0x125d</value>
         <object_component_ref idref="oc-2bb"/>
      </symbol>
      <symbol id="sm-407">
         <name>_ZTSN10__cxxabiv117__pbase_type_infoE</name>
         <value>0x1a4b</value>
         <object_component_ref idref="oc-328"/>
      </symbol>
      <symbol id="sm-408">
         <name>_ZN10__cxxabiv116__enum_type_infoD0Ev</name>
         <value>0x1271</value>
         <object_component_ref idref="oc-2bb"/>
      </symbol>
      <symbol id="sm-409">
         <name>_ZTIe</name>
         <value>0x1ba0</value>
         <object_component_ref idref="oc-300"/>
      </symbol>
      <symbol id="sm-40a">
         <name>_ZN10__cxxabiv121__vmi_class_type_infoD0Ev</name>
         <value>0x122b</value>
         <object_component_ref idref="oc-2bb"/>
      </symbol>
      <symbol id="sm-40b">
         <name>_ZTVN10__cxxabiv120__si_class_type_infoE</name>
         <value>0x1b00</value>
         <object_component_ref idref="oc-29b"/>
      </symbol>
      <symbol id="sm-40c">
         <name>_ZN10__cxxabiv117__pbase_type_infoD0Ev</name>
         <value>0x1253</value>
         <object_component_ref idref="oc-2bb"/>
      </symbol>
      <symbol id="sm-40d">
         <name>_ZN10__cxxabiv117__array_type_infoD0Ev</name>
         <value>0x1267</value>
         <object_component_ref idref="oc-2bb"/>
      </symbol>
      <symbol id="sm-40e">
         <name>_ZSt21__gen_dummy_typeinfosv</name>
         <value>0x11c5</value>
         <object_component_ref idref="oc-2bb"/>
      </symbol>
      <symbol id="sm-40f">
         <name>_ZN10__cxxabiv129__pointer_to_member_type_infoD1Ev</name>
         <value>0x1215</value>
         <object_component_ref idref="oc-2bb"/>
      </symbol>
      <symbol id="sm-410">
         <name>_ZN10__cxxabiv119__pointer_type_infoD0Ev</name>
         <value>0x1249</value>
         <object_component_ref idref="oc-2bb"/>
      </symbol>
      <symbol id="sm-411">
         <name>_ZN10__cxxabiv120__si_class_type_infoD0Ev</name>
         <value>0x1235</value>
         <object_component_ref idref="oc-2bb"/>
      </symbol>
      <symbol id="sm-412">
         <name>_ZTIPKe</name>
         <value>0x1ad0</value>
         <object_component_ref idref="oc-2d5"/>
      </symbol>
      <symbol id="sm-413">
         <name>_ZNKSt9type_infoeqERKS_</name>
         <value>0x11f1</value>
         <object_component_ref idref="oc-2bb"/>
      </symbol>
      <symbol id="sm-422">
         <name>__aeabi_uidivmod</name>
         <value>0x1643</value>
         <object_component_ref idref="oc-178"/>
      </symbol>
      <symbol id="sm-423">
         <name>__aeabi_uidiv</name>
         <value>0x1643</value>
         <object_component_ref idref="oc-178"/>
      </symbol>
      <symbol id="sm-42c">
         <name>_new_handler</name>
         <value>0x2000062c</value>
         <object_component_ref idref="oc-194"/>
      </symbol>
      <symbol id="sm-445">
         <name>_nop</name>
         <value>0x17f3</value>
         <object_component_ref idref="oc-128"/>
      </symbol>
      <symbol id="sm-446">
         <name>_lock</name>
         <value>0x20000618</value>
         <object_component_ref idref="oc-bd"/>
      </symbol>
      <symbol id="sm-447">
         <name>_unlock</name>
         <value>0x2000061c</value>
         <object_component_ref idref="oc-bd"/>
      </symbol>
      <symbol id="sm-448">
         <name>_register_lock</name>
         <value>0x17eb</value>
         <object_component_ref idref="oc-128"/>
      </symbol>
      <symbol id="sm-449">
         <name>_register_unlock</name>
         <value>0x17e5</value>
         <object_component_ref idref="oc-128"/>
      </symbol>
      <symbol id="sm-45d">
         <name>_args_main</name>
         <value>0x17a5</value>
         <object_component_ref idref="oc-6e"/>
      </symbol>
      <symbol id="sm-482">
         <name>__TI_auto_init</name>
         <value>0x1399</value>
         <object_component_ref idref="oc-68"/>
      </symbol>
      <symbol id="sm-49c">
         <name>copy_in</name>
         <value>0x1569</value>
         <object_component_ref idref="oc-a4"/>
      </symbol>
      <symbol id="sm-4a6">
         <name>__abort_execution</name>
         <value>0x18b5</value>
         <object_component_ref idref="oc-2af"/>
      </symbol>
      <symbol id="sm-4b0">
         <name>__aeabi_idiv0</name>
         <value>0xefb</value>
         <object_component_ref idref="oc-248"/>
      </symbol>
      <symbol id="sm-4ba">
         <name>_system_post_cinit</name>
         <value>0x1683</value>
         <object_component_ref idref="oc-aa"/>
      </symbol>
      <symbol id="sm-4fe">
         <name>GPIOPinConfigure</name>
         <value>0x15b5</value>
         <object_component_ref idref="oc-e6"/>
      </symbol>
      <symbol id="sm-4ff">
         <name>GPIOPinTypeI2CSCL</name>
         <value>0x180b</value>
         <object_component_ref idref="oc-1b5"/>
      </symbol>
      <symbol id="sm-500">
         <name>GPIOPinTypeI2C</name>
         <value>0x17f9</value>
         <object_component_ref idref="oc-1bb"/>
      </symbol>
      <symbol id="sm-501">
         <name>GPIOPinTypeUART</name>
         <value>0x181d</value>
         <object_component_ref idref="oc-f2"/>
      </symbol>
      <symbol id="sm-502">
         <name>GPIODirModeSet</name>
         <value>0x1759</value>
         <object_component_ref idref="oc-144"/>
      </symbol>
      <symbol id="sm-503">
         <name>GPIOPadConfigSet</name>
         <value>0xdc9</value>
         <object_component_ref idref="oc-14a"/>
      </symbol>
      <symbol id="sm-544">
         <name>I2CMasterDataPut</name>
         <value>0x18b1</value>
         <object_component_ref idref="oc-1d3"/>
      </symbol>
      <symbol id="sm-545">
         <name>I2CMasterInitExpClk</name>
         <value>0x151d</value>
         <object_component_ref idref="oc-1c7"/>
      </symbol>
      <symbol id="sm-546">
         <name>I2CMasterSlaveAddrSet</name>
         <value>0x1881</value>
         <object_component_ref idref="oc-1cd"/>
      </symbol>
      <symbol id="sm-547">
         <name>I2CMasterDataGet</name>
         <value>0x18ad</value>
         <object_component_ref idref="oc-1e5"/>
      </symbol>
      <symbol id="sm-548">
         <name>I2CMasterControl</name>
         <value>0x18a9</value>
         <object_component_ref idref="oc-1d9"/>
      </symbol>
      <symbol id="sm-549">
         <name>I2CMasterBusy</name>
         <value>0x1879</value>
         <object_component_ref idref="oc-1df"/>
      </symbol>
      <symbol id="sm-54a">
         <name>I2CMasterEnable</name>
         <value>0x185b</value>
         <object_component_ref idref="oc-26d"/>
      </symbol>
      <symbol id="sm-5a9">
         <name>SysCtlPeripheralPresent</name>
         <value>0x16bd</value>
         <object_component_ref idref="oc-151"/>
      </symbol>
      <symbol id="sm-5aa">
         <name>SysCtlClockSet</name>
         <value>0x100d</value>
         <object_component_ref idref="oc-fe"/>
      </symbol>
      <symbol id="sm-5ab">
         <name>SysCtlDelay</name>
         <value>0x1891</value>
         <object_component_ref idref="oc-18c"/>
      </symbol>
      <symbol id="sm-5ac">
         <name>SysCtlPeripheralEnable</name>
         <value>0x16f5</value>
         <object_component_ref idref="oc-e0"/>
      </symbol>
      <symbol id="sm-5ad">
         <name>SysCtlClockGet</name>
         <value>0xefd</value>
         <object_component_ref idref="oc-1c1"/>
      </symbol>
      <symbol id="sm-5c6">
         <name>SysTickEnable</name>
         <value>0x17bd</value>
         <object_component_ref idref="oc-116"/>
      </symbol>
      <symbol id="sm-5c7">
         <name>SysTickPeriodSet</name>
         <value>0x1831</value>
         <object_component_ref idref="oc-110"/>
      </symbol>
      <symbol id="sm-602">
         <name>UARTConfigSetExpClk</name>
         <value>0x15fd</value>
         <object_component_ref idref="oc-157"/>
      </symbol>
      <symbol id="sm-603">
         <name>UARTDisable</name>
         <value>0x1785</value>
         <object_component_ref idref="oc-238"/>
      </symbol>
      <symbol id="sm-604">
         <name>UARTClockSourceSet</name>
         <value>0x1897</value>
         <object_component_ref idref="oc-ec"/>
      </symbol>
      <symbol id="sm-605">
         <name>UARTCharPut</name>
         <value>0x186f</value>
         <object_component_ref idref="oc-163"/>
      </symbol>
      <symbol id="sm-606">
         <name>UARTEnable</name>
         <value>0x17d1</value>
         <object_component_ref idref="oc-15d"/>
      </symbol>
      <symbol id="sm-607">
         <name>UARTCharGet</name>
         <value>0x1865</value>
         <object_component_ref idref="oc-169"/>
      </symbol>
      <symbol id="sm-609">
         <name>__TI_static_base__</name>
         <value>0x0</value>
      </symbol>
      <symbol id="sm-60c">
         <name>SHT$$INIT_ARRAY$$Limit</name>
         <value>0x0</value>
      </symbol>
      <symbol id="sm-60d">
         <name>SHT$$INIT_ARRAY$$Base</name>
         <value>0x0</value>
      </symbol>
   </symbol_table>
   <title>Link successful</title>
</link_info>
