<?xml version="1.0"?>
<link_info>
   <banner>TI ARM Linker PC v15.12.3.LTS</banner>
   <copyright>Copyright (c) 1996-2015 Texas Instruments Incorporated</copyright>
   <link_time>0x579b7d7b</link_time>
   <link_errors>0x0</link_errors>
   <output_file>HALClasses.out</output_file>
   <entry_point>
      <name>_c_int00</name>
      <address>0x14c5</address>
   </entry_point>
   <input_file_list>
      <input_file id="fl-2">
         <path>.\</path>
         <kind>object</kind>
         <file>main.obj</file>
         <name>main.obj</name>
      </input_file>
      <input_file id="fl-3">
         <path>.\</path>
         <kind>object</kind>
         <file>tm4c123gh6pm_startup_ccs.obj</file>
         <name>tm4c123gh6pm_startup_ccs.obj</name>
      </input_file>
      <input_file id="fl-4">
         <path>.\utils\</path>
         <kind>object</kind>
         <file>uartstdio.obj</file>
         <name>uartstdio.obj</name>
      </input_file>
      <input_file id="fl-5">
         <path>.\MotorDriver\</path>
         <kind>object</kind>
         <file>MotorDriver.obj</file>
         <name>MotorDriver.obj</name>
      </input_file>
      <input_file id="fl-6">
         <path>.\MotorDriver\</path>
         <kind>object</kind>
         <file>MotorDriver5015a.obj</file>
         <name>MotorDriver5015a.obj</name>
      </input_file>
      <input_file id="fl-7">
         <path>.\MainBus\</path>
         <kind>object</kind>
         <file>CanBus.obj</file>
         <name>CanBus.obj</name>
      </input_file>
      <input_file id="fl-8">
         <path>.\MainBus\</path>
         <kind>object</kind>
         <file>MainBus.obj</file>
         <name>MainBus.obj</name>
      </input_file>
      <input_file id="fl-9">
         <path>.\ForceSensor\</path>
         <kind>object</kind>
         <file>CurrentForceSensor.obj</file>
         <name>CurrentForceSensor.obj</name>
      </input_file>
      <input_file id="fl-a">
         <path>.\ForceSensor\</path>
         <kind>object</kind>
         <file>ForceSensor.obj</file>
         <name>ForceSensor.obj</name>
      </input_file>
      <input_file id="fl-b">
         <path>.\Encoder\</path>
         <kind>object</kind>
         <file>AMSPositionEncoder.obj</file>
         <name>AMSPositionEncoder.obj</name>
      </input_file>
      <input_file id="fl-c">
         <path>.\Encoder\</path>
         <kind>object</kind>
         <file>PositionEncoder.obj</file>
         <name>PositionEncoder.obj</name>
      </input_file>
      <input_file id="fl-c7">
         <path>C:\ti\ccsv6\tools\compiler\arm_15.12.3.LTS\lib\</path>
         <kind>archive</kind>
         <file>rtsv7M4_T_le_v4SPD16_eabi.lib</file>
         <name>boot.obj</name>
      </input_file>
      <input_file id="fl-c8">
         <path>C:\ti\ccsv6\tools\compiler\arm_15.12.3.LTS\lib\</path>
         <kind>archive</kind>
         <file>rtsv7M4_T_le_v4SPD16_eabi.lib</file>
         <name>copy_decompress_none.obj</name>
      </input_file>
      <input_file id="fl-c9">
         <path>C:\ti\ccsv6\tools\compiler\arm_15.12.3.LTS\lib\</path>
         <kind>archive</kind>
         <file>rtsv7M4_T_le_v4SPD16_eabi.lib</file>
         <name>copy_decompress_rle.obj</name>
      </input_file>
      <input_file id="fl-ca">
         <path>C:\ti\ccsv6\tools\compiler\arm_15.12.3.LTS\lib\</path>
         <kind>archive</kind>
         <file>rtsv7M4_T_le_v4SPD16_eabi.lib</file>
         <name>copy_zero_init.obj</name>
      </input_file>
      <input_file id="fl-cb">
         <path>C:\ti\ccsv6\tools\compiler\arm_15.12.3.LTS\lib\</path>
         <kind>archive</kind>
         <file>rtsv7M4_T_le_v4SPD16_eabi.lib</file>
         <name>delete.obj</name>
      </input_file>
      <input_file id="fl-cc">
         <path>C:\ti\ccsv6\tools\compiler\arm_15.12.3.LTS\lib\</path>
         <kind>archive</kind>
         <file>rtsv7M4_T_le_v4SPD16_eabi.lib</file>
         <name>exit.obj</name>
      </input_file>
      <input_file id="fl-cd">
         <path>C:\ti\ccsv6\tools\compiler\arm_15.12.3.LTS\lib\</path>
         <kind>archive</kind>
         <file>rtsv7M4_T_le_v4SPD16_eabi.lib</file>
         <name>fd_mul_t2.obj</name>
      </input_file>
      <input_file id="fl-ce">
         <path>C:\ti\ccsv6\tools\compiler\arm_15.12.3.LTS\lib\</path>
         <kind>archive</kind>
         <file>rtsv7M4_T_le_v4SPD16_eabi.lib</file>
         <name>fd_tos_t2.obj</name>
      </input_file>
      <input_file id="fl-cf">
         <path>C:\ti\ccsv6\tools\compiler\arm_15.12.3.LTS\lib\</path>
         <kind>archive</kind>
         <file>rtsv7M4_T_le_v4SPD16_eabi.lib</file>
         <name>fs_tod_t2.obj</name>
      </input_file>
      <input_file id="fl-d0">
         <path>C:\ti\ccsv6\tools\compiler\arm_15.12.3.LTS\lib\</path>
         <kind>archive</kind>
         <file>rtsv7M4_T_le_v4SPD16_eabi.lib</file>
         <name>memcpy_t2.obj</name>
      </input_file>
      <input_file id="fl-d1">
         <path>C:\ti\ccsv6\tools\compiler\arm_15.12.3.LTS\lib\</path>
         <kind>archive</kind>
         <file>rtsv7M4_T_le_v4SPD16_eabi.lib</file>
         <name>memory.obj</name>
      </input_file>
      <input_file id="fl-d2">
         <path>C:\ti\ccsv6\tools\compiler\arm_15.12.3.LTS\lib\</path>
         <kind>archive</kind>
         <file>rtsv7M4_T_le_v4SPD16_eabi.lib</file>
         <name>memset_t2.obj</name>
      </input_file>
      <input_file id="fl-d3">
         <path>C:\ti\ccsv6\tools\compiler\arm_15.12.3.LTS\lib\</path>
         <kind>archive</kind>
         <file>rtsv7M4_T_le_v4SPD16_eabi.lib</file>
         <name>mpu_init.obj</name>
      </input_file>
      <input_file id="fl-d4">
         <path>C:\ti\ccsv6\tools\compiler\arm_15.12.3.LTS\lib\</path>
         <kind>archive</kind>
         <file>rtsv7M4_T_le_v4SPD16_eabi.lib</file>
         <name>new_.obj</name>
      </input_file>
      <input_file id="fl-d5">
         <path>C:\ti\ccsv6\tools\compiler\arm_15.12.3.LTS\lib\</path>
         <kind>archive</kind>
         <file>rtsv7M4_T_le_v4SPD16_eabi.lib</file>
         <name>newhandler.obj</name>
      </input_file>
      <input_file id="fl-d6">
         <path>C:\ti\ccsv6\tools\compiler\arm_15.12.3.LTS\lib\</path>
         <kind>archive</kind>
         <file>rtsv7M4_T_le_v4SPD16_eabi.lib</file>
         <name>pre_init.obj</name>
      </input_file>
      <input_file id="fl-d7">
         <path>C:\ti\ccsv6\tools\compiler\arm_15.12.3.LTS\lib\</path>
         <kind>archive</kind>
         <file>rtsv7M4_T_le_v4SPD16_eabi.lib</file>
         <name>pure_virt.obj</name>
      </input_file>
      <input_file id="fl-d8">
         <path>C:\ti\ccsv6\tools\compiler\arm_15.12.3.LTS\lib\</path>
         <kind>archive</kind>
         <file>rtsv7M4_T_le_v4SPD16_eabi.lib</file>
         <name>stkdepth_vars.obj</name>
      </input_file>
      <input_file id="fl-d9">
         <path>C:\ti\ccsv6\tools\compiler\arm_15.12.3.LTS\lib\</path>
         <kind>archive</kind>
         <file>rtsv7M4_T_le_v4SPD16_eabi.lib</file>
         <name>typeinfo_.obj</name>
      </input_file>
      <input_file id="fl-da">
         <path>C:\ti\ccsv6\tools\compiler\arm_15.12.3.LTS\lib\</path>
         <kind>archive</kind>
         <file>rtsv7M4_T_le_v4SPD16_eabi.lib</file>
         <name>u_divt2.obj</name>
      </input_file>
      <input_file id="fl-db">
         <path>C:\ti\ccsv6\tools\compiler\arm_15.12.3.LTS\lib\</path>
         <kind>archive</kind>
         <file>rtsv7M4_T_le_v4SPD16_eabi.lib</file>
         <name>u_tofd_t2.obj</name>
      </input_file>
      <input_file id="fl-dc">
         <path>C:\ti\ccsv6\tools\compiler\arm_15.12.3.LTS\lib\</path>
         <kind>archive</kind>
         <file>rtsv7M4_T_le_v4SPD16_eabi.lib</file>
         <name>vars.obj</name>
      </input_file>
      <input_file id="fl-dd">
         <path>C:\ti\ccsv6\tools\compiler\arm_15.12.3.LTS\lib\</path>
         <kind>archive</kind>
         <file>rtsv7M4_T_le_v4SPD16_eabi.lib</file>
         <name>_lock.obj</name>
      </input_file>
      <input_file id="fl-de">
         <path>C:\ti\ccsv6\tools\compiler\arm_15.12.3.LTS\lib\</path>
         <kind>archive</kind>
         <file>rtsv7M4_T_le_v4SPD16_eabi.lib</file>
         <name>args_main.obj</name>
      </input_file>
      <input_file id="fl-df">
         <path>C:\ti\ccsv6\tools\compiler\arm_15.12.3.LTS\lib\</path>
         <kind>archive</kind>
         <file>rtsv7M4_T_le_v4SPD16_eabi.lib</file>
         <name>autoinit.obj</name>
      </input_file>
      <input_file id="fl-e0">
         <path>C:\ti\ccsv6\tools\compiler\arm_15.12.3.LTS\lib\</path>
         <kind>archive</kind>
         <file>rtsv7M4_T_le_v4SPD16_eabi.lib</file>
         <name>cpy_tbl.obj</name>
      </input_file>
      <input_file id="fl-e1">
         <path>C:\ti\ccsv6\tools\compiler\arm_15.12.3.LTS\lib\</path>
         <kind>archive</kind>
         <file>rtsv7M4_T_le_v4SPD16_eabi.lib</file>
         <name>error.obj</name>
      </input_file>
      <input_file id="fl-e2">
         <path>C:\ti\ccsv6\tools\compiler\arm_15.12.3.LTS\lib\</path>
         <kind>archive</kind>
         <file>rtsv7M4_T_le_v4SPD16_eabi.lib</file>
         <name>i_div0.obj</name>
      </input_file>
      <input_file id="fl-e3">
         <path>C:\ti\ccsv6\tools\compiler\arm_15.12.3.LTS\lib\</path>
         <kind>archive</kind>
         <file>rtsv7M4_T_le_v4SPD16_eabi.lib</file>
         <name>startup.obj</name>
      </input_file>
      <input_file id="fl-e4">
         <path>C:\ti\TivaWare_C_Series-2.1.2.111\driverlib\ccs\Debug\</path>
         <kind>archive</kind>
         <file>driverlib.lib</file>
         <name>adc.obj</name>
      </input_file>
      <input_file id="fl-e5">
         <path>C:\ti\TivaWare_C_Series-2.1.2.111\driverlib\ccs\Debug\</path>
         <kind>archive</kind>
         <file>driverlib.lib</file>
         <name>can.obj</name>
      </input_file>
      <input_file id="fl-e6">
         <path>C:\ti\TivaWare_C_Series-2.1.2.111\driverlib\ccs\Debug\</path>
         <kind>archive</kind>
         <file>driverlib.lib</file>
         <name>gpio.obj</name>
      </input_file>
      <input_file id="fl-e7">
         <path>C:\ti\TivaWare_C_Series-2.1.2.111\driverlib\ccs\Debug\</path>
         <kind>archive</kind>
         <file>driverlib.lib</file>
         <name>i2c.obj</name>
      </input_file>
      <input_file id="fl-e8">
         <path>C:\ti\TivaWare_C_Series-2.1.2.111\driverlib\ccs\Debug\</path>
         <kind>archive</kind>
         <file>driverlib.lib</file>
         <name>interrupt.obj</name>
      </input_file>
      <input_file id="fl-e9">
         <path>C:\ti\TivaWare_C_Series-2.1.2.111\driverlib\ccs\Debug\</path>
         <kind>archive</kind>
         <file>driverlib.lib</file>
         <name>pwm.obj</name>
      </input_file>
      <input_file id="fl-ea">
         <path>C:\ti\TivaWare_C_Series-2.1.2.111\driverlib\ccs\Debug\</path>
         <kind>archive</kind>
         <file>driverlib.lib</file>
         <name>sysctl.obj</name>
      </input_file>
      <input_file id="fl-eb">
         <path>C:\ti\TivaWare_C_Series-2.1.2.111\driverlib\ccs\Debug\</path>
         <kind>archive</kind>
         <file>driverlib.lib</file>
         <name>uart.obj</name>
      </input_file>
      <input_file id="fl-ec">
         <path>C:\ti\TivaWare_C_Series-2.1.2.111\driverlib\ccs\Debug\</path>
         <kind>archive</kind>
         <file>driverlib.lib</file>
         <name>cpu.obj</name>
      </input_file>
   </input_file_list>
   <object_component_list>
      <object_component id="oc-f">
         <name>.intvecs</name>
         <load_address>0x0</load_address>
         <run_address>0x0</run_address>
         <size>0x26c</size>
         <input_file_ref idref="fl-3"/>
      </object_component>
      <object_component id="oc-f8">
         <name>.text</name>
         <load_address>0x26c</load_address>
         <run_address>0x26c</run_address>
         <size>0x49c</size>
         <input_file_ref idref="fl-4"/>
      </object_component>
      <object_component id="oc-187">
         <name>.text</name>
         <load_address>0x708</load_address>
         <run_address>0x708</run_address>
         <size>0x3dc</size>
         <input_file_ref idref="fl-d1"/>
      </object_component>
      <object_component id="oc-1c0">
         <name>.text:CANMessageSet</name>
         <load_address>0xae4</load_address>
         <run_address>0xae4</run_address>
         <size>0x136</size>
         <input_file_ref idref="fl-e5"/>
      </object_component>
      <object_component id="oc-143">
         <name>.text:GPIOPadConfigSet</name>
         <load_address>0xc1a</load_address>
         <run_address>0xc1a</run_address>
         <size>0x132</size>
         <input_file_ref idref="fl-e6"/>
      </object_component>
      <object_component id="oc-1d2">
         <name>.text:SysCtlClockGet</name>
         <load_address>0xd4c</load_address>
         <run_address>0xd4c</run_address>
         <size>0x110</size>
         <input_file_ref idref="fl-ea"/>
      </object_component>
      <object_component id="oc-fe">
         <name>.text:SysCtlClockSet</name>
         <load_address>0xe5c</load_address>
         <run_address>0xe5c</run_address>
         <size>0xf4</size>
         <input_file_ref idref="fl-ea"/>
      </object_component>
      <object_component id="oc-10a">
         <name>.text</name>
         <load_address>0xf50</load_address>
         <run_address>0xf50</run_address>
         <size>0xec</size>
         <input_file_ref idref="fl-7"/>
      </object_component>
      <object_component id="oc-2ad">
         <name>.text</name>
         <load_address>0x103c</load_address>
         <run_address>0x103c</run_address>
         <size>0xbc</size>
         <input_file_ref idref="fl-d9"/>
      </object_component>
      <object_component id="oc-b2">
         <name>.text</name>
         <load_address>0x10f8</load_address>
         <run_address>0x10f8</run_address>
         <size>0xa8</size>
         <input_file_ref idref="fl-2"/>
      </object_component>
      <object_component id="oc-37">
         <name>.text</name>
         <load_address>0x11a0</load_address>
         <run_address>0x11a0</run_address>
         <size>0x9c</size>
         <input_file_ref idref="fl-d0"/>
      </object_component>
      <object_component id="oc-50">
         <name>.text</name>
         <load_address>0x123c</load_address>
         <run_address>0x123c</run_address>
         <size>0x7a</size>
         <input_file_ref idref="fl-d2"/>
      </object_component>
      <object_component id="oc-23d">
         <name>.text</name>
         <load_address>0x12b6</load_address>
         <run_address>0x12b6</run_address>
         <size>0x2</size>
         <input_file_ref idref="fl-e2"/>
      </object_component>
      <object_component id="oc-68">
         <name>.text</name>
         <load_address>0x12b8</load_address>
         <run_address>0x12b8</run_address>
         <size>0x70</size>
         <input_file_ref idref="fl-df"/>
      </object_component>
      <object_component id="oc-1d8">
         <name>.text:CANBitRateSet</name>
         <load_address>0x1328</load_address>
         <run_address>0x1328</run_address>
         <size>0x6c</size>
         <input_file_ref idref="fl-e5"/>
      </object_component>
      <object_component id="oc-43">
         <name>.text</name>
         <load_address>0x1394</load_address>
         <run_address>0x1394</run_address>
         <size>0x6a</size>
         <input_file_ref idref="fl-c9"/>
      </object_component>
      <object_component id="oc-5c">
         <name>.text</name>
         <load_address>0x13fe</load_address>
         <run_address>0x13fe</run_address>
         <size>0x2</size>
         <input_file_ref idref="fl-d3"/>
      </object_component>
      <object_component id="oc-1b4">
         <name>.text:IntEnable</name>
         <load_address>0x1400</load_address>
         <run_address>0x1400</run_address>
         <size>0x68</size>
         <input_file_ref idref="fl-e8"/>
      </object_component>
      <object_component id="oc-254">
         <name>.text:_CANIntNumberGet</name>
         <load_address>0x1468</load_address>
         <run_address>0x1468</run_address>
         <size>0x5c</size>
         <input_file_ref idref="fl-e5"/>
      </object_component>
      <object_component id="oc-24">
         <name>.text</name>
         <load_address>0x14c4</load_address>
         <run_address>0x14c4</run_address>
         <size>0x54</size>
         <input_file_ref idref="fl-c7"/>
      </object_component>
      <object_component id="oc-74">
         <name>.text</name>
         <load_address>0x1518</load_address>
         <run_address>0x1518</run_address>
         <size>0x54</size>
         <input_file_ref idref="fl-cc"/>
      </object_component>
      <object_component id="oc-a4">
         <name>.text</name>
         <load_address>0x156c</load_address>
         <run_address>0x156c</run_address>
         <size>0x4c</size>
         <input_file_ref idref="fl-e0"/>
      </object_component>
      <object_component id="oc-e6">
         <name>.text:GPIOPinConfigure</name>
         <load_address>0x15b8</load_address>
         <run_address>0x15b8</run_address>
         <size>0x48</size>
         <input_file_ref idref="fl-e6"/>
      </object_component>
      <object_component id="oc-150">
         <name>.text:UARTConfigSetExpClk</name>
         <load_address>0x1600</load_address>
         <run_address>0x1600</run_address>
         <size>0x46</size>
         <input_file_ref idref="fl-eb"/>
      </object_component>
      <object_component id="oc-171">
         <name>.text</name>
         <load_address>0x1646</load_address>
         <run_address>0x1646</run_address>
         <size>0x40</size>
         <input_file_ref idref="fl-da"/>
      </object_component>
      <object_component id="oc-1cc">
         <name>.text:CANInit</name>
         <load_address>0x1686</load_address>
         <run_address>0x1686</run_address>
         <size>0x3a</size>
         <input_file_ref idref="fl-e5"/>
      </object_component>
      <object_component id="oc-14a">
         <name>.text:SysCtlPeripheralPresent</name>
         <load_address>0x16c0</load_address>
         <run_address>0x16c0</run_address>
         <size>0x38</size>
         <input_file_ref idref="fl-ea"/>
      </object_component>
      <object_component id="oc-25a">
         <name>.text:IntRegister</name>
         <load_address>0x16f8</load_address>
         <run_address>0x16f8</run_address>
         <size>0x34</size>
         <input_file_ref idref="fl-e8"/>
      </object_component>
      <object_component id="oc-e0">
         <name>.text:SysCtlPeripheralEnable</name>
         <load_address>0x172c</load_address>
         <run_address>0x172c</run_address>
         <size>0x34</size>
         <input_file_ref idref="fl-ea"/>
      </object_component>
      <object_component id="oc-104">
         <name>.text</name>
         <load_address>0x1760</load_address>
         <run_address>0x1760</run_address>
         <size>0x30</size>
         <input_file_ref idref="fl-d4"/>
      </object_component>
      <object_component id="oc-13d">
         <name>.text:GPIODirModeSet</name>
         <load_address>0x1790</load_address>
         <run_address>0x1790</run_address>
         <size>0x2a</size>
         <input_file_ref idref="fl-e6"/>
      </object_component>
      <object_component id="oc-269">
         <name>.text:_CANDataRegWrite</name>
         <load_address>0x17ba</load_address>
         <run_address>0x17ba</run_address>
         <size>0x24</size>
         <input_file_ref idref="fl-e5"/>
      </object_component>
      <object_component id="oc-190">
         <name>.text</name>
         <load_address>0x17de</load_address>
         <run_address>0x17de</run_address>
         <size>0x2</size>
         <input_file_ref idref="fl-d5"/>
      </object_component>
      <object_component id="oc-22d">
         <name>.text:UARTDisable</name>
         <load_address>0x17e0</load_address>
         <run_address>0x17e0</run_address>
         <size>0x20</size>
         <input_file_ref idref="fl-eb"/>
      </object_component>
      <object_component id="oc-1a8">
         <name>.text:CANIntRegister</name>
         <load_address>0x1800</load_address>
         <run_address>0x1800</run_address>
         <size>0x18</size>
         <input_file_ref idref="fl-e5"/>
      </object_component>
      <object_component id="oc-6e">
         <name>.text</name>
         <load_address>0x1818</load_address>
         <run_address>0x1818</run_address>
         <size>0x18</size>
         <input_file_ref idref="fl-de"/>
      </object_component>
      <object_component id="oc-156">
         <name>.text:UARTEnable</name>
         <load_address>0x1830</load_address>
         <run_address>0x1830</run_address>
         <size>0x14</size>
         <input_file_ref idref="fl-eb"/>
      </object_component>
      <object_component id="oc-121">
         <name>.text</name>
         <load_address>0x1844</load_address>
         <run_address>0x1844</run_address>
         <size>0x14</size>
         <input_file_ref idref="fl-dd"/>
      </object_component>
      <object_component id="oc-1c6">
         <name>.text:GPIOPinTypeCAN</name>
         <load_address>0x1858</load_address>
         <run_address>0x1858</run_address>
         <size>0x12</size>
         <input_file_ref idref="fl-e6"/>
      </object_component>
      <object_component id="oc-f2">
         <name>.text:GPIOPinTypeUART</name>
         <load_address>0x186a</load_address>
         <run_address>0x186a</run_address>
         <size>0x12</size>
         <input_file_ref idref="fl-e6"/>
      </object_component>
      <object_component id="oc-12">
         <name>.text:decompress:none</name>
         <load_address>0x187c</load_address>
         <run_address>0x187c</run_address>
         <size>0xe</size>
         <input_file_ref idref="fl-c8"/>
      </object_component>
      <object_component id="oc-2e">
         <name>.text</name>
         <load_address>0x188a</load_address>
         <run_address>0x188a</run_address>
         <size>0xc</size>
         <input_file_ref idref="fl-3"/>
      </object_component>
      <object_component id="oc-1ba">
         <name>.text:CANEnable</name>
         <load_address>0x1896</load_address>
         <run_address>0x1896</run_address>
         <size>0xa</size>
         <input_file_ref idref="fl-e5"/>
      </object_component>
      <object_component id="oc-162">
         <name>.text:UARTCharGet</name>
         <load_address>0x18a0</load_address>
         <run_address>0x18a0</run_address>
         <size>0xa</size>
         <input_file_ref idref="fl-eb"/>
      </object_component>
      <object_component id="oc-15c">
         <name>.text:UARTCharPut</name>
         <load_address>0x18aa</load_address>
         <run_address>0x18aa</run_address>
         <size>0xa</size>
         <input_file_ref idref="fl-eb"/>
      </object_component>
      <object_component id="oc-1ae">
         <name>.text:CANIntEnable</name>
         <load_address>0x18b4</load_address>
         <run_address>0x18b4</run_address>
         <size>0x8</size>
         <input_file_ref idref="fl-e5"/>
      </object_component>
      <object_component id="oc-1a2">
         <name>.text</name>
         <load_address>0x18bc</load_address>
         <run_address>0x18bc</run_address>
         <size>0x8</size>
         <input_file_ref idref="fl-cb"/>
      </object_component>
      <object_component id="oc-185">
         <name>.text:SysCtlDelay</name>
         <load_address>0x18c4</load_address>
         <run_address>0x18c4</run_address>
         <size>0x6</size>
         <input_file_ref idref="fl-ea"/>
      </object_component>
      <object_component id="oc-ec">
         <name>.text:UARTClockSourceSet</name>
         <load_address>0x18ca</load_address>
         <run_address>0x18ca</run_address>
         <size>0x6</size>
         <input_file_ref idref="fl-eb"/>
      </object_component>
      <object_component id="oc-18">
         <name>.text:decompress:rle24</name>
         <load_address>0x18d0</load_address>
         <run_address>0x18d0</run_address>
         <size>0x6</size>
         <input_file_ref idref="fl-c9"/>
      </object_component>
      <object_component id="oc-62">
         <name>.text</name>
         <load_address>0x18d6</load_address>
         <run_address>0x18d6</run_address>
         <size>0x4</size>
         <input_file_ref idref="fl-d6"/>
      </object_component>
      <object_component id="oc-aa">
         <name>.text</name>
         <load_address>0x18da</load_address>
         <run_address>0x18da</run_address>
         <size>0x2</size>
         <input_file_ref idref="fl-e3"/>
      </object_component>
      <object_component id="oc-136">
         <name>.const:g_pui32GPIOBaseAddrs</name>
         <load_address>0x18dc</load_address>
         <run_address>0x18dc</run_address>
         <size>0x90</size>
         <input_file_ref idref="fl-e6"/>
      </object_component>
      <object_component id="oc-263">
         <name>.const</name>
         <load_address>0x196c</load_address>
         <run_address>0x196c</run_address>
         <size>0x70</size>
         <input_file_ref idref="fl-e8"/>
      </object_component>
      <object_component id="oc-277">
         <name>.const:g_pui32Xtals</name>
         <load_address>0x19dc</load_address>
         <run_address>0x19dc</run_address>
         <size>0x6c</size>
         <input_file_ref idref="fl-ea"/>
      </object_component>
      <object_component id="oc-31e">
         <name>.const:.typeinfo:_ZTSN10__cxxabiv123__fundamental_type_infoE</name>
         <load_address>0x1a48</load_address>
         <run_address>0x1a48</run_address>
         <size>0x28</size>
         <input_file_ref idref="fl-d9"/>
      </object_component>
      <object_component id="oc-2f6">
         <name>.const:.typeinfo:_ZTSN10__cxxabiv120__si_class_type_infoE</name>
         <load_address>0x1a70</load_address>
         <run_address>0x1a70</run_address>
         <size>0x25</size>
         <input_file_ref idref="fl-d9"/>
      </object_component>
      <object_component id="oc-30a">
         <name>.const:.typeinfo:_ZTSN10__cxxabiv119__pointer_type_infoE</name>
         <load_address>0x1a95</load_address>
         <run_address>0x1a95</run_address>
         <size>0x24</size>
         <input_file_ref idref="fl-d9"/>
      </object_component>
      <object_component id="oc-2bb">
         <name>.const:.typeinfo:_ZTSN10__cxxabiv117__class_type_infoE</name>
         <load_address>0x1ab9</load_address>
         <run_address>0x1ab9</run_address>
         <size>0x22</size>
         <input_file_ref idref="fl-d9"/>
      </object_component>
      <object_component id="oc-319">
         <name>.const:.typeinfo:_ZTSN10__cxxabiv117__pbase_type_infoE</name>
         <load_address>0x1adb</load_address>
         <run_address>0x1adb</run_address>
         <size>0x22</size>
         <input_file_ref idref="fl-d9"/>
      </object_component>
      <object_component id="oc-27b">
         <name>.const</name>
         <load_address>0x1afe</load_address>
         <run_address>0x1afe</run_address>
         <size>0x20</size>
         <input_file_ref idref="fl-e5"/>
      </object_component>
      <object_component id="oc-305">
         <name>.const:.typeinfo:_ZTSe</name>
         <load_address>0x1b1e</load_address>
         <run_address>0x1b1e</run_address>
         <size>0x2</size>
         <input_file_ref idref="fl-d9"/>
      </object_component>
      <object_component id="oc-244">
         <name>.const:.string</name>
         <load_address>0x1b20</load_address>
         <run_address>0x1b20</run_address>
         <size>0x12</size>
         <input_file_ref idref="fl-4"/>
      </object_component>
      <object_component id="oc-2c6">
         <name>.const:.typeinfo:_ZTIPKe</name>
         <load_address>0x1b34</load_address>
         <run_address>0x1b34</run_address>
         <size>0x10</size>
         <input_file_ref idref="fl-d9"/>
      </object_component>
      <object_component id="oc-1de">
         <name>.const:_ZTV6CanBus</name>
         <load_address>0x1b44</load_address>
         <run_address>0x1b44</run_address>
         <size>0x10</size>
         <input_file_ref idref="fl-7"/>
      </object_component>
      <object_component id="oc-29c">
         <name>.const:_ZTVN10__cxxabiv117__class_type_infoE</name>
         <load_address>0x1b54</load_address>
         <run_address>0x1b54</run_address>
         <size>0x10</size>
         <input_file_ref idref="fl-d9"/>
      </object_component>
      <object_component id="oc-2e7">
         <name>.const:_ZTVN10__cxxabiv119__pointer_type_infoE</name>
         <load_address>0x1b64</load_address>
         <run_address>0x1b64</run_address>
         <size>0x10</size>
         <input_file_ref idref="fl-d9"/>
      </object_component>
      <object_component id="oc-2b6">
         <name>.const:_ZTVN10__cxxabiv120__si_class_type_infoE</name>
         <load_address>0x1b74</load_address>
         <run_address>0x1b74</run_address>
         <size>0x10</size>
         <input_file_ref idref="fl-d9"/>
      </object_component>
      <object_component id="oc-300">
         <name>.const:_ZTVN10__cxxabiv123__fundamental_type_infoE</name>
         <load_address>0x1b84</load_address>
         <run_address>0x1b84</run_address>
         <size>0x10</size>
         <input_file_ref idref="fl-d9"/>
      </object_component>
      <object_component id="oc-2e2">
         <name>.const:.typeinfo:_ZTSSt9type_info</name>
         <load_address>0x1b94</load_address>
         <run_address>0x1b94</run_address>
         <size>0xd</size>
         <input_file_ref idref="fl-d9"/>
      </object_component>
      <object_component id="oc-2a8">
         <name>.const:.typeinfo:_ZTIN10__cxxabiv117__class_type_infoE</name>
         <load_address>0x1ba4</load_address>
         <run_address>0x1ba4</run_address>
         <size>0xc</size>
         <input_file_ref idref="fl-d9"/>
      </object_component>
      <object_component id="oc-30f">
         <name>.const:.typeinfo:_ZTIN10__cxxabiv117__pbase_type_infoE</name>
         <load_address>0x1bb0</load_address>
         <run_address>0x1bb0</run_address>
         <size>0xc</size>
         <input_file_ref idref="fl-d9"/>
      </object_component>
      <object_component id="oc-2fb">
         <name>.const:.typeinfo:_ZTIN10__cxxabiv119__pointer_type_infoE</name>
         <load_address>0x1bbc</load_address>
         <run_address>0x1bbc</run_address>
         <size>0xc</size>
         <input_file_ref idref="fl-d9"/>
      </object_component>
      <object_component id="oc-2dd">
         <name>.const:.typeinfo:_ZTIN10__cxxabiv120__si_class_type_infoE</name>
         <load_address>0x1bc8</load_address>
         <run_address>0x1bc8</run_address>
         <size>0xc</size>
         <input_file_ref idref="fl-d9"/>
      </object_component>
      <object_component id="oc-314">
         <name>.const:.typeinfo:_ZTIN10__cxxabiv123__fundamental_type_infoE</name>
         <load_address>0x1bd4</load_address>
         <run_address>0x1bd4</run_address>
         <size>0xc</size>
         <input_file_ref idref="fl-d9"/>
      </object_component>
      <object_component id="oc-16e">
         <name>.const:g_ui32UARTBase</name>
         <load_address>0x1be0</load_address>
         <run_address>0x1be0</run_address>
         <size>0xc</size>
         <input_file_ref idref="fl-4"/>
      </object_component>
      <object_component id="oc-168">
         <name>.const:g_ui32UARTPeriph</name>
         <load_address>0x1bec</load_address>
         <run_address>0x1bec</run_address>
         <size>0xc</size>
         <input_file_ref idref="fl-4"/>
      </object_component>
      <object_component id="oc-27f">
         <name>.const:.typeinfo:_ZTI6CanBus</name>
         <load_address>0x1bf8</load_address>
         <run_address>0x1bf8</run_address>
         <size>0x8</size>
         <input_file_ref idref="fl-7"/>
      </object_component>
      <object_component id="oc-2c0">
         <name>.const:.typeinfo:_ZTISt9type_info</name>
         <load_address>0x1c00</load_address>
         <run_address>0x1c00</run_address>
         <size>0x8</size>
         <input_file_ref idref="fl-d9"/>
      </object_component>
      <object_component id="oc-2f1">
         <name>.const:.typeinfo:_ZTIe</name>
         <load_address>0x1c08</load_address>
         <run_address>0x1c08</run_address>
         <size>0x8</size>
         <input_file_ref idref="fl-d9"/>
      </object_component>
      <object_component id="oc-2a1">
         <name>.const:.typeinfo:_ZTS6CanBus</name>
         <load_address>0x1c10</load_address>
         <run_address>0x1c10</run_address>
         <size>0x8</size>
         <input_file_ref idref="fl-7"/>
      </object_component>
      <object_component id="oc-2ec">
         <name>.const:.typeinfo:_ZTSPKe</name>
         <load_address>0x1c18</load_address>
         <run_address>0x1c18</run_address>
         <size>0x4</size>
         <input_file_ref idref="fl-d9"/>
      </object_component>
      <object_component id="oc-176">
         <name>.const</name>
         <load_address>0x1c1c</load_address>
         <run_address>0x1c1c</run_address>
         <size>0x4</size>
         <input_file_ref idref="fl-4"/>
      </object_component>
      <object_component id="oc-345">
         <name>.cinit..data.load</name>
         <load_address>0x1c20</load_address>
         <run_address>0x1c20</run_address>
         <size>0x21</size>
      </object_component>
      <object_component id="oc-344">
         <name>.cinit..vtable.load</name>
         <load_address>0x1c48</load_address>
         <run_address>0x1c48</run_address>
         <size>0xb</size>
      </object_component>
      <object_component id="oc-346">
         <name>.cinit..bss.load</name>
         <load_address>0x1c58</load_address>
         <run_address>0x1c58</run_address>
         <size>0x9</size>
      </object_component>
      <object_component id="oc-342">
         <name>__TI_handler_table</name>
         <load_address>0x1c64</load_address>
         <run_address>0x1c64</run_address>
         <size>0x8</size>
      </object_component>
      <object_component id="oc-343">
         <name>__TI_cinit_table</name>
         <load_address>0x1c6c</load_address>
         <run_address>0x1c6c</run_address>
         <size>0x18</size>
      </object_component>
      <object_component id="oc-28d">
         <name>.vtable</name>
         <uninitialized>true</uninitialized>
         <run_address>0x20000000</run_address>
         <size>0x26c</size>
         <input_file_ref idref="fl-e8"/>
      </object_component>
      <object_component id="oc-16b">
         <name>.data</name>
         <load_address>0x20000890</load_address>
         <run_address>0x20000890</run_address>
         <size>0x5</size>
         <input_file_ref idref="fl-4"/>
      </object_component>
      <object_component id="oc-ba">
         <name>.data:$O1$$</name>
         <load_address>0x20000870</load_address>
         <run_address>0x20000870</run_address>
         <size>0xc</size>
         <input_file_ref idref="fl-cc"/>
      </object_component>
      <object_component id="oc-249">
         <name>.data:$O1$$</name>
         <load_address>0x2000087c</load_address>
         <run_address>0x2000087c</run_address>
         <size>0xc</size>
         <input_file_ref idref="fl-d1"/>
      </object_component>
      <object_component id="oc-7a">
         <name>.data</name>
         <load_address>0x20000898</load_address>
         <run_address>0x20000898</run_address>
         <size>0x4</size>
         <input_file_ref idref="fl-d8"/>
      </object_component>
      <object_component id="oc-18d">
         <name>.data</name>
         <load_address>0x2000089c</load_address>
         <run_address>0x2000089c</run_address>
         <size>0x4</size>
         <input_file_ref idref="fl-dc"/>
      </object_component>
      <object_component id="oc-bd">
         <name>.data:$O1$$</name>
         <load_address>0x20000888</load_address>
         <run_address>0x20000888</run_address>
         <size>0x8</size>
         <input_file_ref idref="fl-dd"/>
      </object_component>
      <object_component id="oc-2c5">
         <name>.common:_ZSt16__dummy_typeinfo</name>
         <uninitialized>true</uninitialized>
         <run_address>0x2000066c</run_address>
         <size>0x4</size>
      </object_component>
      <object_component id="oc-2b">
         <name>.sysmem</name>
         <uninitialized>true</uninitialized>
         <run_address>0x20000670</run_address>
         <size>0x8</size>
         <input_file_ref idref="fl-d1"/>
      </object_component>
      <object_component id="oc-348">
         <name>.sysmem</name>
         <uninitialized>true</uninitialized>
         <run_address>0x20000670</run_address>
         <size>0x0</size>
      </object_component>
      <object_component id="oc-2a">
         <name>.stack</name>
         <uninitialized>true</uninitialized>
         <run_address>0x2000026c</run_address>
         <size>0x0</size>
         <input_file_ref idref="fl-c7"/>
      </object_component>
      <object_component id="oc-347">
         <name>.stack</name>
         <uninitialized>true</uninitialized>
         <run_address>0x2000026c</run_address>
         <size>0x0</size>
      </object_component>
      <object_component id="oc-111">
         <name>.debug_info</name>
         <load_address>0x0</load_address>
         <run_address>0x0</run_address>
         <size>0x5b0</size>
         <input_file_ref idref="fl-2"/>
      </object_component>
      <object_component id="oc-b3">
         <name>.debug_info</name>
         <load_address>0x5b0</load_address>
         <run_address>0x5b0</run_address>
         <size>0x338</size>
         <input_file_ref idref="fl-2"/>
      </object_component>
      <object_component id="oc-1f2">
         <name>.debug_info</name>
         <load_address>0x8e8</load_address>
         <run_address>0x8e8</run_address>
         <size>0x147</size>
         <input_file_ref idref="fl-2"/>
      </object_component>
      <object_component id="oc-1e4">
         <name>.debug_info</name>
         <load_address>0xa2f</load_address>
         <run_address>0xa2f</run_address>
         <size>0xc9</size>
         <input_file_ref idref="fl-2"/>
      </object_component>
      <object_component id="oc-1f7">
         <name>.debug_info</name>
         <load_address>0xaf8</load_address>
         <run_address>0xaf8</run_address>
         <size>0xb5</size>
         <input_file_ref idref="fl-2"/>
      </object_component>
      <object_component id="oc-1fc">
         <name>.debug_info</name>
         <load_address>0xbad</load_address>
         <run_address>0xbad</run_address>
         <size>0x110</size>
         <input_file_ref idref="fl-2"/>
      </object_component>
      <object_component id="oc-201">
         <name>.debug_info</name>
         <load_address>0xcbd</load_address>
         <run_address>0xcbd</run_address>
         <size>0xe5</size>
         <input_file_ref idref="fl-2"/>
      </object_component>
      <object_component id="oc-206">
         <name>.debug_info</name>
         <load_address>0xda2</load_address>
         <run_address>0xda2</run_address>
         <size>0x9c</size>
         <input_file_ref idref="fl-2"/>
      </object_component>
      <object_component id="oc-20b">
         <name>.debug_info</name>
         <load_address>0xe3e</load_address>
         <run_address>0xe3e</run_address>
         <size>0x189</size>
         <input_file_ref idref="fl-2"/>
      </object_component>
      <object_component id="oc-210">
         <name>.debug_info</name>
         <load_address>0xfc7</load_address>
         <run_address>0xfc7</run_address>
         <size>0x9c</size>
         <input_file_ref idref="fl-2"/>
      </object_component>
      <object_component id="oc-92">
         <name>.debug_info</name>
         <load_address>0x1063</load_address>
         <run_address>0x1063</run_address>
         <size>0x84</size>
         <input_file_ref idref="fl-2"/>
      </object_component>
      <object_component id="oc-113">
         <name>.debug_info</name>
         <load_address>0x10e7</load_address>
         <run_address>0x10e7</run_address>
         <size>0x18b</size>
         <input_file_ref idref="fl-2"/>
      </object_component>
      <object_component id="oc-215">
         <name>.debug_info</name>
         <load_address>0x1272</load_address>
         <run_address>0x1272</run_address>
         <size>0x67</size>
         <input_file_ref idref="fl-2"/>
      </object_component>
      <object_component id="oc-1eb">
         <name>.debug_info</name>
         <load_address>0x12d9</load_address>
         <run_address>0x12d9</run_address>
         <size>0x1f9</size>
         <input_file_ref idref="fl-2"/>
      </object_component>
      <object_component id="oc-36">
         <name>.debug_info</name>
         <load_address>0x14d2</load_address>
         <run_address>0x14d2</run_address>
         <size>0x100</size>
         <input_file_ref idref="fl-3"/>
      </object_component>
      <object_component id="oc-10">
         <name>.debug_info</name>
         <load_address>0x15d2</load_address>
         <run_address>0x15d2</run_address>
         <size>0xeb</size>
         <input_file_ref idref="fl-3"/>
      </object_component>
      <object_component id="oc-2f">
         <name>.debug_info</name>
         <load_address>0x16bd</load_address>
         <run_address>0x16bd</run_address>
         <size>0x267</size>
         <input_file_ref idref="fl-3"/>
      </object_component>
      <object_component id="oc-85">
         <name>.debug_info</name>
         <load_address>0x1924</load_address>
         <run_address>0x1924</run_address>
         <size>0x18b</size>
         <input_file_ref idref="fl-3"/>
      </object_component>
      <object_component id="oc-17f">
         <name>.debug_info</name>
         <load_address>0x1aaf</load_address>
         <run_address>0x1aaf</run_address>
         <size>0x25f</size>
         <input_file_ref idref="fl-4"/>
      </object_component>
      <object_component id="oc-16c">
         <name>.debug_info</name>
         <load_address>0x1d0e</load_address>
         <run_address>0x1d0e</run_address>
         <size>0xfc</size>
         <input_file_ref idref="fl-4"/>
      </object_component>
      <object_component id="oc-177">
         <name>.debug_info</name>
         <load_address>0x1e0a</load_address>
         <run_address>0x1e0a</run_address>
         <size>0xf6</size>
         <input_file_ref idref="fl-4"/>
      </object_component>
      <object_component id="oc-16f">
         <name>.debug_info</name>
         <load_address>0x1f00</load_address>
         <run_address>0x1f00</run_address>
         <size>0x104</size>
         <input_file_ref idref="fl-4"/>
      </object_component>
      <object_component id="oc-169">
         <name>.debug_info</name>
         <load_address>0x2004</load_address>
         <run_address>0x2004</run_address>
         <size>0x108</size>
         <input_file_ref idref="fl-4"/>
      </object_component>
      <object_component id="oc-f9">
         <name>.debug_info</name>
         <load_address>0x210c</load_address>
         <run_address>0x210c</run_address>
         <size>0x961</size>
         <input_file_ref idref="fl-4"/>
      </object_component>
      <object_component id="oc-17a">
         <name>.debug_info</name>
         <load_address>0x2a6d</load_address>
         <run_address>0x2a6d</run_address>
         <size>0x8b</size>
         <input_file_ref idref="fl-4"/>
      </object_component>
      <object_component id="oc-180">
         <name>.debug_info</name>
         <load_address>0x2af8</load_address>
         <run_address>0x2af8</run_address>
         <size>0x4e</size>
         <input_file_ref idref="fl-4"/>
      </object_component>
      <object_component id="oc-1e9">
         <name>.debug_info</name>
         <load_address>0x2b46</load_address>
         <run_address>0x2b46</run_address>
         <size>0x7e5</size>
         <input_file_ref idref="fl-7"/>
      </object_component>
      <object_component id="oc-1df">
         <name>.debug_info</name>
         <load_address>0x332b</load_address>
         <run_address>0x332b</run_address>
         <size>0xf5</size>
         <input_file_ref idref="fl-7"/>
      </object_component>
      <object_component id="oc-280">
         <name>.debug_info</name>
         <load_address>0x3420</load_address>
         <run_address>0x3420</run_address>
         <size>0xe7</size>
         <input_file_ref idref="fl-7"/>
      </object_component>
      <object_component id="oc-2a2">
         <name>.debug_info</name>
         <load_address>0x3507</load_address>
         <run_address>0x3507</run_address>
         <size>0xec</size>
         <input_file_ref idref="fl-7"/>
      </object_component>
      <object_component id="oc-10b">
         <name>.debug_info</name>
         <load_address>0x35f3</load_address>
         <run_address>0x35f3</run_address>
         <size>0x648</size>
         <input_file_ref idref="fl-7"/>
      </object_component>
      <object_component id="oc-26">
         <name>.debug_info</name>
         <load_address>0x3c3b</load_address>
         <run_address>0x3c3b</run_address>
         <size>0x161</size>
         <input_file_ref idref="fl-c7"/>
      </object_component>
      <object_component id="oc-42">
         <name>.debug_info</name>
         <load_address>0x3d9c</load_address>
         <run_address>0x3d9c</run_address>
         <size>0x141</size>
         <input_file_ref idref="fl-c8"/>
      </object_component>
      <object_component id="oc-13">
         <name>.debug_info</name>
         <load_address>0x3edd</load_address>
         <run_address>0x3edd</run_address>
         <size>0x1e0</size>
         <input_file_ref idref="fl-c8"/>
      </object_component>
      <object_component id="oc-3d">
         <name>.debug_info</name>
         <load_address>0x40bd</load_address>
         <run_address>0x40bd</run_address>
         <size>0x46</size>
         <input_file_ref idref="fl-c8"/>
      </object_component>
      <object_component id="oc-8b">
         <name>.debug_info</name>
         <load_address>0x4103</load_address>
         <run_address>0x4103</run_address>
         <size>0x2c</size>
         <input_file_ref idref="fl-c8"/>
      </object_component>
      <object_component id="oc-4a">
         <name>.debug_info</name>
         <load_address>0x412f</load_address>
         <run_address>0x412f</run_address>
         <size>0x135</size>
         <input_file_ref idref="fl-c9"/>
      </object_component>
      <object_component id="oc-45">
         <name>.debug_info</name>
         <load_address>0x4264</load_address>
         <run_address>0x4264</run_address>
         <size>0x248</size>
         <input_file_ref idref="fl-c9"/>
      </object_component>
      <object_component id="oc-1a">
         <name>.debug_info</name>
         <load_address>0x44ac</load_address>
         <run_address>0x44ac</run_address>
         <size>0x1b2</size>
         <input_file_ref idref="fl-c9"/>
      </object_component>
      <object_component id="oc-4b">
         <name>.debug_info</name>
         <load_address>0x465e</load_address>
         <run_address>0x465e</run_address>
         <size>0x39</size>
         <input_file_ref idref="fl-c9"/>
      </object_component>
      <object_component id="oc-9a">
         <name>.debug_info</name>
         <load_address>0x4697</load_address>
         <run_address>0x4697</run_address>
         <size>0x2c</size>
         <input_file_ref idref="fl-c9"/>
      </object_component>
      <object_component id="oc-253">
         <name>.debug_info</name>
         <load_address>0x46c3</load_address>
         <run_address>0x46c3</run_address>
         <size>0xfd</size>
         <input_file_ref idref="fl-cb"/>
      </object_component>
      <object_component id="oc-1a4">
         <name>.debug_info</name>
         <load_address>0x47c0</load_address>
         <run_address>0x47c0</run_address>
         <size>0x165</size>
         <input_file_ref idref="fl-cb"/>
      </object_component>
      <object_component id="oc-c1">
         <name>.debug_info</name>
         <load_address>0x4925</load_address>
         <run_address>0x4925</run_address>
         <size>0x235</size>
         <input_file_ref idref="fl-cc"/>
      </object_component>
      <object_component id="oc-bb">
         <name>.debug_info</name>
         <load_address>0x4b5a</load_address>
         <run_address>0x4b5a</run_address>
         <size>0x186</size>
         <input_file_ref idref="fl-cc"/>
      </object_component>
      <object_component id="oc-76">
         <name>.debug_info</name>
         <load_address>0x4ce0</load_address>
         <run_address>0x4ce0</run_address>
         <size>0x215</size>
         <input_file_ref idref="fl-cc"/>
      </object_component>
      <object_component id="oc-38">
         <name>.debug_info</name>
         <load_address>0x4ef5</load_address>
         <run_address>0x4ef5</run_address>
         <size>0x112</size>
         <input_file_ref idref="fl-d0"/>
      </object_component>
      <object_component id="oc-80">
         <name>.debug_info</name>
         <load_address>0x5007</load_address>
         <run_address>0x5007</run_address>
         <size>0x223</size>
         <input_file_ref idref="fl-d1"/>
      </object_component>
      <object_component id="oc-2c">
         <name>.debug_info</name>
         <load_address>0x522a</load_address>
         <run_address>0x522a</run_address>
         <size>0x102</size>
         <input_file_ref idref="fl-d1"/>
      </object_component>
      <object_component id="oc-24a">
         <name>.debug_info</name>
         <load_address>0x532c</load_address>
         <run_address>0x532c</run_address>
         <size>0x14d</size>
         <input_file_ref idref="fl-d1"/>
      </object_component>
      <object_component id="oc-188">
         <name>.debug_info</name>
         <load_address>0x5479</load_address>
         <run_address>0x5479</run_address>
         <size>0x88c</size>
         <input_file_ref idref="fl-d1"/>
      </object_component>
      <object_component id="oc-c7">
         <name>.debug_info</name>
         <load_address>0x5d05</load_address>
         <run_address>0x5d05</run_address>
         <size>0x2c</size>
         <input_file_ref idref="fl-d1"/>
      </object_component>
      <object_component id="oc-cc">
         <name>.debug_info</name>
         <load_address>0x5d31</load_address>
         <run_address>0x5d31</run_address>
         <size>0x62</size>
         <input_file_ref idref="fl-d1"/>
      </object_component>
      <object_component id="oc-52">
         <name>.debug_info</name>
         <load_address>0x5d93</load_address>
         <run_address>0x5d93</run_address>
         <size>0x140</size>
         <input_file_ref idref="fl-d2"/>
      </object_component>
      <object_component id="oc-5d">
         <name>.debug_info</name>
         <load_address>0x5ed3</load_address>
         <run_address>0x5ed3</run_address>
         <size>0x139</size>
         <input_file_ref idref="fl-d3"/>
      </object_component>
      <object_component id="oc-197">
         <name>.debug_info</name>
         <load_address>0x600c</load_address>
         <run_address>0x600c</run_address>
         <size>0x166</size>
         <input_file_ref idref="fl-d4"/>
      </object_component>
      <object_component id="oc-105">
         <name>.debug_info</name>
         <load_address>0x6172</load_address>
         <run_address>0x6172</run_address>
         <size>0x199</size>
         <input_file_ref idref="fl-d4"/>
      </object_component>
      <object_component id="oc-19d">
         <name>.debug_info</name>
         <load_address>0x630b</load_address>
         <run_address>0x630b</run_address>
         <size>0x2c</size>
         <input_file_ref idref="fl-d4"/>
      </object_component>
      <object_component id="oc-198">
         <name>.debug_info</name>
         <load_address>0x6337</load_address>
         <run_address>0x6337</run_address>
         <size>0x2c</size>
         <input_file_ref idref="fl-d4"/>
      </object_component>
      <object_component id="oc-191">
         <name>.debug_info</name>
         <load_address>0x6363</load_address>
         <run_address>0x6363</run_address>
         <size>0x160</size>
         <input_file_ref idref="fl-d5"/>
      </object_component>
      <object_component id="oc-63">
         <name>.debug_info</name>
         <load_address>0x64c3</load_address>
         <run_address>0x64c3</run_address>
         <size>0x149</size>
         <input_file_ref idref="fl-d6"/>
      </object_component>
      <object_component id="oc-7b">
         <name>.debug_info</name>
         <load_address>0x660c</load_address>
         <run_address>0x660c</run_address>
         <size>0x10a</size>
         <input_file_ref idref="fl-d8"/>
      </object_component>
      <object_component id="oc-2b3">
         <name>.debug_info</name>
         <load_address>0x6716</load_address>
         <run_address>0x6716</run_address>
         <size>0x67e</size>
         <input_file_ref idref="fl-d9"/>
      </object_component>
      <object_component id="oc-29d">
         <name>.debug_info</name>
         <load_address>0x6d94</load_address>
         <run_address>0x6d94</run_address>
         <size>0x14e</size>
         <input_file_ref idref="fl-d9"/>
      </object_component>
      <object_component id="oc-301">
         <name>.debug_info</name>
         <load_address>0x6ee2</load_address>
         <run_address>0x6ee2</run_address>
         <size>0x15a</size>
         <input_file_ref idref="fl-d9"/>
      </object_component>
      <object_component id="oc-2e8">
         <name>.debug_info</name>
         <load_address>0x703c</load_address>
         <run_address>0x703c</run_address>
         <size>0x152</size>
         <input_file_ref idref="fl-d9"/>
      </object_component>
      <object_component id="oc-2f2">
         <name>.debug_info</name>
         <load_address>0x718e</load_address>
         <run_address>0x718e</run_address>
         <size>0x10e</size>
         <input_file_ref idref="fl-d9"/>
      </object_component>
      <object_component id="oc-306">
         <name>.debug_info</name>
         <load_address>0x729c</load_address>
         <run_address>0x729c</run_address>
         <size>0x113</size>
         <input_file_ref idref="fl-d9"/>
      </object_component>
      <object_component id="oc-2c7">
         <name>.debug_info</name>
         <load_address>0x73af</load_address>
         <run_address>0x73af</run_address>
         <size>0x118</size>
         <input_file_ref idref="fl-d9"/>
      </object_component>
      <object_component id="oc-2ed">
         <name>.debug_info</name>
         <load_address>0x74c7</load_address>
         <run_address>0x74c7</run_address>
         <size>0x11d</size>
         <input_file_ref idref="fl-d9"/>
      </object_component>
      <object_component id="oc-2b7">
         <name>.debug_info</name>
         <load_address>0x75e4</load_address>
         <run_address>0x75e4</run_address>
         <size>0x154</size>
         <input_file_ref idref="fl-d9"/>
      </object_component>
      <object_component id="oc-2c1">
         <name>.debug_info</name>
         <load_address>0x7738</load_address>
         <run_address>0x7738</run_address>
         <size>0x11c</size>
         <input_file_ref idref="fl-d9"/>
      </object_component>
      <object_component id="oc-315">
         <name>.debug_info</name>
         <load_address>0x7854</load_address>
         <run_address>0x7854</run_address>
         <size>0x14c</size>
         <input_file_ref idref="fl-d9"/>
      </object_component>
      <object_component id="oc-2a9">
         <name>.debug_info</name>
         <load_address>0x79a0</load_address>
         <run_address>0x79a0</run_address>
         <size>0x140</size>
         <input_file_ref idref="fl-d9"/>
      </object_component>
      <object_component id="oc-2de">
         <name>.debug_info</name>
         <load_address>0x7ae0</load_address>
         <run_address>0x7ae0</run_address>
         <size>0x146</size>
         <input_file_ref idref="fl-d9"/>
      </object_component>
      <object_component id="oc-310">
         <name>.debug_info</name>
         <load_address>0x7c26</load_address>
         <run_address>0x7c26</run_address>
         <size>0x140</size>
         <input_file_ref idref="fl-d9"/>
      </object_component>
      <object_component id="oc-2fc">
         <name>.debug_info</name>
         <load_address>0x7d66</load_address>
         <run_address>0x7d66</run_address>
         <size>0x144</size>
         <input_file_ref idref="fl-d9"/>
      </object_component>
      <object_component id="oc-2e3">
         <name>.debug_info</name>
         <load_address>0x7eaa</load_address>
         <run_address>0x7eaa</run_address>
         <size>0x121</size>
         <input_file_ref idref="fl-d9"/>
      </object_component>
      <object_component id="oc-31f">
         <name>.debug_info</name>
         <load_address>0x7fcb</load_address>
         <run_address>0x7fcb</run_address>
         <size>0x151</size>
         <input_file_ref idref="fl-d9"/>
      </object_component>
      <object_component id="oc-2bc">
         <name>.debug_info</name>
         <load_address>0x811c</load_address>
         <run_address>0x811c</run_address>
         <size>0x145</size>
         <input_file_ref idref="fl-d9"/>
      </object_component>
      <object_component id="oc-2f7">
         <name>.debug_info</name>
         <load_address>0x8261</load_address>
         <run_address>0x8261</run_address>
         <size>0x14b</size>
         <input_file_ref idref="fl-d9"/>
      </object_component>
      <object_component id="oc-31a">
         <name>.debug_info</name>
         <load_address>0x83ac</load_address>
         <run_address>0x83ac</run_address>
         <size>0x145</size>
         <input_file_ref idref="fl-d9"/>
      </object_component>
      <object_component id="oc-30b">
         <name>.debug_info</name>
         <load_address>0x84f1</load_address>
         <run_address>0x84f1</run_address>
         <size>0x149</size>
         <input_file_ref idref="fl-d9"/>
      </object_component>
      <object_component id="oc-2ae">
         <name>.debug_info</name>
         <load_address>0x863a</load_address>
         <run_address>0x863a</run_address>
         <size>0x10ae</size>
         <input_file_ref idref="fl-d9"/>
      </object_component>
      <object_component id="oc-2d1">
         <name>.debug_info</name>
         <load_address>0x96e8</load_address>
         <run_address>0x96e8</run_address>
         <size>0x582</size>
         <input_file_ref idref="fl-d9"/>
      </object_component>
      <object_component id="oc-2d8">
         <name>.debug_info</name>
         <load_address>0x9c6a</load_address>
         <run_address>0x9c6a</run_address>
         <size>0x2c</size>
         <input_file_ref idref="fl-d9"/>
      </object_component>
      <object_component id="oc-2cc">
         <name>.debug_info</name>
         <load_address>0x9c96</load_address>
         <run_address>0x9c96</run_address>
         <size>0xec</size>
         <input_file_ref idref="fl-d9"/>
      </object_component>
      <object_component id="oc-172">
         <name>.debug_info</name>
         <load_address>0x9d82</load_address>
         <run_address>0x9d82</run_address>
         <size>0x13b</size>
         <input_file_ref idref="fl-da"/>
      </object_component>
      <object_component id="oc-18e">
         <name>.debug_info</name>
         <load_address>0x9ebd</load_address>
         <run_address>0x9ebd</run_address>
         <size>0x104</size>
         <input_file_ref idref="fl-dc"/>
      </object_component>
      <object_component id="oc-129">
         <name>.debug_info</name>
         <load_address>0x9fc1</load_address>
         <run_address>0x9fc1</run_address>
         <size>0x125</size>
         <input_file_ref idref="fl-dd"/>
      </object_component>
      <object_component id="oc-be">
         <name>.debug_info</name>
         <load_address>0xa0e6</load_address>
         <run_address>0xa0e6</run_address>
         <size>0x114</size>
         <input_file_ref idref="fl-dd"/>
      </object_component>
      <object_component id="oc-124">
         <name>.debug_info</name>
         <load_address>0xa1fa</load_address>
         <run_address>0xa1fa</run_address>
         <size>0x220</size>
         <input_file_ref idref="fl-dd"/>
      </object_component>
      <object_component id="oc-b9">
         <name>.debug_info</name>
         <load_address>0xa41a</load_address>
         <run_address>0xa41a</run_address>
         <size>0x167</size>
         <input_file_ref idref="fl-de"/>
      </object_component>
      <object_component id="oc-6f">
         <name>.debug_info</name>
         <load_address>0xa581</load_address>
         <run_address>0xa581</run_address>
         <size>0x168</size>
         <input_file_ref idref="fl-de"/>
      </object_component>
      <object_component id="oc-11a">
         <name>.debug_info</name>
         <load_address>0xa6e9</load_address>
         <run_address>0xa6e9</run_address>
         <size>0x5e</size>
         <input_file_ref idref="fl-de"/>
      </object_component>
      <object_component id="oc-b1">
         <name>.debug_info</name>
         <load_address>0xa747</load_address>
         <run_address>0xa747</run_address>
         <size>0x2ea</size>
         <input_file_ref idref="fl-df"/>
      </object_component>
      <object_component id="oc-69">
         <name>.debug_info</name>
         <load_address>0xaa31</load_address>
         <run_address>0xaa31</run_address>
         <size>0x191</size>
         <input_file_ref idref="fl-df"/>
      </object_component>
      <object_component id="oc-d6">
         <name>.debug_info</name>
         <load_address>0xabc2</load_address>
         <run_address>0xabc2</run_address>
         <size>0x39</size>
         <input_file_ref idref="fl-df"/>
      </object_component>
      <object_component id="oc-db">
         <name>.debug_info</name>
         <load_address>0xabfb</load_address>
         <run_address>0xabfb</run_address>
         <size>0xcd</size>
         <input_file_ref idref="fl-df"/>
      </object_component>
      <object_component id="oc-d2">
         <name>.debug_info</name>
         <load_address>0xacc8</load_address>
         <run_address>0xacc8</run_address>
         <size>0x1e1</size>
         <input_file_ref idref="fl-e0"/>
      </object_component>
      <object_component id="oc-a5">
         <name>.debug_info</name>
         <load_address>0xaea9</load_address>
         <run_address>0xaea9</run_address>
         <size>0x184</size>
         <input_file_ref idref="fl-e0"/>
      </object_component>
      <object_component id="oc-12f">
         <name>.debug_info</name>
         <load_address>0xb02d</load_address>
         <run_address>0xb02d</run_address>
         <size>0x2c</size>
         <input_file_ref idref="fl-e0"/>
      </object_component>
      <object_component id="oc-241">
         <name>.debug_info</name>
         <load_address>0xb059</load_address>
         <run_address>0xb059</run_address>
         <size>0x148</size>
         <input_file_ref idref="fl-e2"/>
      </object_component>
      <object_component id="oc-ab">
         <name>.debug_info</name>
         <load_address>0xb1a1</load_address>
         <run_address>0xb1a1</run_address>
         <size>0x146</size>
         <input_file_ref idref="fl-e3"/>
      </object_component>
      <object_component id="oc-261">
         <name>.debug_info</name>
         <load_address>0xb2e7</load_address>
         <run_address>0xb2e7</run_address>
         <size>0x227</size>
         <input_file_ref idref="fl-e5"/>
      </object_component>
      <object_component id="oc-27c">
         <name>.debug_info</name>
         <load_address>0xb50e</load_address>
         <run_address>0xb50e</run_address>
         <size>0x156</size>
         <input_file_ref idref="fl-e5"/>
      </object_component>
      <object_component id="oc-26a">
         <name>.debug_info</name>
         <load_address>0xb664</load_address>
         <run_address>0xb664</run_address>
         <size>0x2dd</size>
         <input_file_ref idref="fl-e5"/>
      </object_component>
      <object_component id="oc-1c1">
         <name>.debug_info</name>
         <load_address>0xb941</load_address>
         <run_address>0xb941</run_address>
         <size>0x413</size>
         <input_file_ref idref="fl-e5"/>
      </object_component>
      <object_component id="oc-255">
         <name>.debug_info</name>
         <load_address>0xbd54</load_address>
         <run_address>0xbd54</run_address>
         <size>0x265</size>
         <input_file_ref idref="fl-e5"/>
      </object_component>
      <object_component id="oc-1a9">
         <name>.debug_info</name>
         <load_address>0xbfb9</load_address>
         <run_address>0xbfb9</run_address>
         <size>0x2c7</size>
         <input_file_ref idref="fl-e5"/>
      </object_component>
      <object_component id="oc-1af">
         <name>.debug_info</name>
         <load_address>0xc280</load_address>
         <run_address>0xc280</run_address>
         <size>0x28a</size>
         <input_file_ref idref="fl-e5"/>
      </object_component>
      <object_component id="oc-1cd">
         <name>.debug_info</name>
         <load_address>0xc50a</load_address>
         <run_address>0xc50a</run_address>
         <size>0x26c</size>
         <input_file_ref idref="fl-e5"/>
      </object_component>
      <object_component id="oc-1bb">
         <name>.debug_info</name>
         <load_address>0xc776</load_address>
         <run_address>0xc776</run_address>
         <size>0x242</size>
         <input_file_ref idref="fl-e5"/>
      </object_component>
      <object_component id="oc-1d9">
         <name>.debug_info</name>
         <load_address>0xc9b8</load_address>
         <run_address>0xc9b8</run_address>
         <size>0x360</size>
         <input_file_ref idref="fl-e5"/>
      </object_component>
      <object_component id="oc-270">
         <name>.debug_info</name>
         <load_address>0xcd18</load_address>
         <run_address>0xcd18</run_address>
         <size>0x1b3</size>
         <input_file_ref idref="fl-e5"/>
      </object_component>
      <object_component id="oc-13a">
         <name>.debug_info</name>
         <load_address>0xcecb</load_address>
         <run_address>0xcecb</run_address>
         <size>0x230</size>
         <input_file_ref idref="fl-e6"/>
      </object_component>
      <object_component id="oc-137">
         <name>.debug_info</name>
         <load_address>0xd0fb</load_address>
         <run_address>0xd0fb</run_address>
         <size>0x15b</size>
         <input_file_ref idref="fl-e6"/>
      </object_component>
      <object_component id="oc-13e">
         <name>.debug_info</name>
         <load_address>0xd256</load_address>
         <run_address>0xd256</run_address>
         <size>0x2b3</size>
         <input_file_ref idref="fl-e6"/>
      </object_component>
      <object_component id="oc-144">
         <name>.debug_info</name>
         <load_address>0xd509</load_address>
         <run_address>0xd509</run_address>
         <size>0x316</size>
         <input_file_ref idref="fl-e6"/>
      </object_component>
      <object_component id="oc-f3">
         <name>.debug_info</name>
         <load_address>0xd81f</load_address>
         <run_address>0xd81f</run_address>
         <size>0x27b</size>
         <input_file_ref idref="fl-e6"/>
      </object_component>
      <object_component id="oc-1c7">
         <name>.debug_info</name>
         <load_address>0xda9a</load_address>
         <run_address>0xda9a</run_address>
         <size>0x279</size>
         <input_file_ref idref="fl-e6"/>
      </object_component>
      <object_component id="oc-e7">
         <name>.debug_info</name>
         <load_address>0xdd13</load_address>
         <run_address>0xdd13</run_address>
         <size>0x280</size>
         <input_file_ref idref="fl-e6"/>
      </object_component>
      <object_component id="oc-267">
         <name>.debug_info</name>
         <load_address>0xdf93</load_address>
         <run_address>0xdf93</run_address>
         <size>0x20e</size>
         <input_file_ref idref="fl-e8"/>
      </object_component>
      <object_component id="oc-264">
         <name>.debug_info</name>
         <load_address>0xe1a1</load_address>
         <run_address>0xe1a1</run_address>
         <size>0x210</size>
         <input_file_ref idref="fl-e8"/>
      </object_component>
      <object_component id="oc-28e">
         <name>.debug_info</name>
         <load_address>0xe3b1</load_address>
         <run_address>0xe3b1</run_address>
         <size>0x157</size>
         <input_file_ref idref="fl-e8"/>
      </object_component>
      <object_component id="oc-25b">
         <name>.debug_info</name>
         <load_address>0xe508</load_address>
         <run_address>0xe508</run_address>
         <size>0x2c1</size>
         <input_file_ref idref="fl-e8"/>
      </object_component>
      <object_component id="oc-1b5">
         <name>.debug_info</name>
         <load_address>0xe7c9</load_address>
         <run_address>0xe7c9</run_address>
         <size>0x268</size>
         <input_file_ref idref="fl-e8"/>
      </object_component>
      <object_component id="oc-135">
         <name>.debug_info</name>
         <load_address>0xea31</load_address>
         <run_address>0xea31</run_address>
         <size>0x27f</size>
         <input_file_ref idref="fl-ea"/>
      </object_component>
      <object_component id="oc-278">
         <name>.debug_info</name>
         <load_address>0xecb0</load_address>
         <run_address>0xecb0</run_address>
         <size>0x14d</size>
         <input_file_ref idref="fl-ea"/>
      </object_component>
      <object_component id="oc-14b">
         <name>.debug_info</name>
         <load_address>0xedfd</load_address>
         <run_address>0xedfd</run_address>
         <size>0x283</size>
         <input_file_ref idref="fl-ea"/>
      </object_component>
      <object_component id="oc-e1">
         <name>.debug_info</name>
         <load_address>0xf080</load_address>
         <run_address>0xf080</run_address>
         <size>0x27d</size>
         <input_file_ref idref="fl-ea"/>
      </object_component>
      <object_component id="oc-ff">
         <name>.debug_info</name>
         <load_address>0xf2fd</load_address>
         <run_address>0xf2fd</run_address>
         <size>0x2db</size>
         <input_file_ref idref="fl-ea"/>
      </object_component>
      <object_component id="oc-1d3">
         <name>.debug_info</name>
         <load_address>0xf5d8</load_address>
         <run_address>0xf5d8</run_address>
         <size>0x2b5</size>
         <input_file_ref idref="fl-ea"/>
      </object_component>
      <object_component id="oc-21f">
         <name>.debug_info</name>
         <load_address>0xf88d</load_address>
         <run_address>0xf88d</run_address>
         <size>0x5f</size>
         <input_file_ref idref="fl-ea"/>
      </object_component>
      <object_component id="oc-13c">
         <name>.debug_info</name>
         <load_address>0xf8ec</load_address>
         <run_address>0xf8ec</run_address>
         <size>0x227</size>
         <input_file_ref idref="fl-eb"/>
      </object_component>
      <object_component id="oc-157">
         <name>.debug_info</name>
         <load_address>0xfb13</load_address>
         <run_address>0xfb13</run_address>
         <size>0x247</size>
         <input_file_ref idref="fl-eb"/>
      </object_component>
      <object_component id="oc-22e">
         <name>.debug_info</name>
         <load_address>0xfd5a</load_address>
         <run_address>0xfd5a</run_address>
         <size>0x249</size>
         <input_file_ref idref="fl-eb"/>
      </object_component>
      <object_component id="oc-151">
         <name>.debug_info</name>
         <load_address>0xffa3</load_address>
         <run_address>0xffa3</run_address>
         <size>0x326</size>
         <input_file_ref idref="fl-eb"/>
      </object_component>
      <object_component id="oc-ed">
         <name>.debug_info</name>
         <load_address>0x102c9</load_address>
         <run_address>0x102c9</run_address>
         <size>0x291</size>
         <input_file_ref idref="fl-eb"/>
      </object_component>
      <object_component id="oc-15d">
         <name>.debug_info</name>
         <load_address>0x1055a</load_address>
         <run_address>0x1055a</run_address>
         <size>0x273</size>
         <input_file_ref idref="fl-eb"/>
      </object_component>
      <object_component id="oc-163">
         <name>.debug_info</name>
         <load_address>0x107cd</load_address>
         <run_address>0x107cd</run_address>
         <size>0x24d</size>
         <input_file_ref idref="fl-eb"/>
      </object_component>
      <object_component id="oc-349">
         <name>.debug_info</name>
         <load_address>0x10a1a</load_address>
         <run_address>0x10a1a</run_address>
         <size>0x9f</size>
      </object_component>
      <object_component id="oc-1f1">
         <name>.debug_line</name>
         <load_address>0x0</load_address>
         <run_address>0x0</run_address>
         <size>0x112</size>
         <input_file_ref idref="fl-2"/>
      </object_component>
      <object_component id="oc-b6">
         <name>.debug_line</name>
         <load_address>0x112</load_address>
         <run_address>0x112</run_address>
         <size>0x92</size>
         <input_file_ref idref="fl-2"/>
      </object_component>
      <object_component id="oc-1f5">
         <name>.debug_line</name>
         <load_address>0x1a4</load_address>
         <run_address>0x1a4</run_address>
         <size>0x43</size>
         <input_file_ref idref="fl-2"/>
      </object_component>
      <object_component id="oc-1e7">
         <name>.debug_line</name>
         <load_address>0x1e7</load_address>
         <run_address>0x1e7</run_address>
         <size>0x37</size>
         <input_file_ref idref="fl-2"/>
      </object_component>
      <object_component id="oc-1fa">
         <name>.debug_line</name>
         <load_address>0x21e</load_address>
         <run_address>0x21e</run_address>
         <size>0x47</size>
         <input_file_ref idref="fl-2"/>
      </object_component>
      <object_component id="oc-1ff">
         <name>.debug_line</name>
         <load_address>0x265</load_address>
         <run_address>0x265</run_address>
         <size>0x40</size>
         <input_file_ref idref="fl-2"/>
      </object_component>
      <object_component id="oc-204">
         <name>.debug_line</name>
         <load_address>0x2a5</load_address>
         <run_address>0x2a5</run_address>
         <size>0x5e</size>
         <input_file_ref idref="fl-2"/>
      </object_component>
      <object_component id="oc-209">
         <name>.debug_line</name>
         <load_address>0x303</load_address>
         <run_address>0x303</run_address>
         <size>0x40</size>
         <input_file_ref idref="fl-2"/>
      </object_component>
      <object_component id="oc-20e">
         <name>.debug_line</name>
         <load_address>0x343</load_address>
         <run_address>0x343</run_address>
         <size>0x65</size>
         <input_file_ref idref="fl-2"/>
      </object_component>
      <object_component id="oc-213">
         <name>.debug_line</name>
         <load_address>0x3a8</load_address>
         <run_address>0x3a8</run_address>
         <size>0x40</size>
         <input_file_ref idref="fl-2"/>
      </object_component>
      <object_component id="oc-95">
         <name>.debug_line</name>
         <load_address>0x3e8</load_address>
         <run_address>0x3e8</run_address>
         <size>0x20</size>
         <input_file_ref idref="fl-2"/>
      </object_component>
      <object_component id="oc-116">
         <name>.debug_line</name>
         <load_address>0x408</load_address>
         <run_address>0x408</run_address>
         <size>0x5f</size>
         <input_file_ref idref="fl-2"/>
      </object_component>
      <object_component id="oc-218">
         <name>.debug_line</name>
         <load_address>0x467</load_address>
         <run_address>0x467</run_address>
         <size>0x5f</size>
         <input_file_ref idref="fl-2"/>
      </object_component>
      <object_component id="oc-1ee">
         <name>.debug_line</name>
         <load_address>0x4c6</load_address>
         <run_address>0x4c6</run_address>
         <size>0x55</size>
         <input_file_ref idref="fl-2"/>
      </object_component>
      <object_component id="oc-84">
         <name>.debug_line</name>
         <load_address>0x51b</load_address>
         <run_address>0x51b</run_address>
         <size>0x41</size>
         <input_file_ref idref="fl-3"/>
      </object_component>
      <object_component id="oc-35">
         <name>.debug_line</name>
         <load_address>0x55c</load_address>
         <run_address>0x55c</run_address>
         <size>0x41</size>
         <input_file_ref idref="fl-3"/>
      </object_component>
      <object_component id="oc-32">
         <name>.debug_line</name>
         <load_address>0x59d</load_address>
         <run_address>0x59d</run_address>
         <size>0xa1</size>
         <input_file_ref idref="fl-3"/>
      </object_component>
      <object_component id="oc-88">
         <name>.debug_line</name>
         <load_address>0x63e</load_address>
         <run_address>0x63e</run_address>
         <size>0x5f</size>
         <input_file_ref idref="fl-3"/>
      </object_component>
      <object_component id="oc-248">
         <name>.debug_line</name>
         <load_address>0x69d</load_address>
         <run_address>0x69d</run_address>
         <size>0x8e</size>
         <input_file_ref idref="fl-4"/>
      </object_component>
      <object_component id="oc-23a">
         <name>.debug_line</name>
         <load_address>0x72b</load_address>
         <run_address>0x72b</run_address>
         <size>0x57</size>
         <input_file_ref idref="fl-4"/>
      </object_component>
      <object_component id="oc-246">
         <name>.debug_line</name>
         <load_address>0x782</load_address>
         <run_address>0x782</run_address>
         <size>0x57</size>
         <input_file_ref idref="fl-4"/>
      </object_component>
      <object_component id="oc-23c">
         <name>.debug_line</name>
         <load_address>0x7d9</load_address>
         <run_address>0x7d9</run_address>
         <size>0x57</size>
         <input_file_ref idref="fl-4"/>
      </object_component>
      <object_component id="oc-238">
         <name>.debug_line</name>
         <load_address>0x830</load_address>
         <run_address>0x830</run_address>
         <size>0x57</size>
         <input_file_ref idref="fl-4"/>
      </object_component>
      <object_component id="oc-fc">
         <name>.debug_line</name>
         <load_address>0x887</load_address>
         <run_address>0x887</run_address>
         <size>0x2a8</size>
         <input_file_ref idref="fl-4"/>
      </object_component>
      <object_component id="oc-17d">
         <name>.debug_line</name>
         <load_address>0xb2f</load_address>
         <run_address>0xb2f</run_address>
         <size>0x20</size>
         <input_file_ref idref="fl-4"/>
      </object_component>
      <object_component id="oc-183">
         <name>.debug_line</name>
         <load_address>0xb4f</load_address>
         <run_address>0xb4f</run_address>
         <size>0x5f</size>
         <input_file_ref idref="fl-4"/>
      </object_component>
      <object_component id="oc-285">
         <name>.debug_line</name>
         <load_address>0xbae</load_address>
         <run_address>0xbae</run_address>
         <size>0x117</size>
         <input_file_ref idref="fl-7"/>
      </object_component>
      <object_component id="oc-1e2">
         <name>.debug_line</name>
[...]
         <object_component_ref idref="oc-37"/>
      </symbol>
      <symbol id="sm-27a">
         <name>_sys_memory</name>
         <value>0x20000670</value>
         <object_component_ref idref="oc-2b"/>
      </symbol>
      <symbol id="sm-27b">
         <name>free</name>
         <value>0x7ff</value>
         <object_component_ref idref="oc-187"/>
      </symbol>
      <symbol id="sm-27c">
         <name>realloc</name>
         <value>0x8c1</value>
         <object_component_ref idref="oc-187"/>
      </symbol>
      <symbol id="sm-27d">
         <name>memalign</name>
         <value>0x9cd</value>
         <object_component_ref idref="oc-187"/>
      </symbol>
      <symbol id="sm-27e">
         <name>calloc</name>
         <value>0xab1</value>
         <object_component_ref idref="oc-187"/>
      </symbol>
      <symbol id="sm-27f">
         <name>malloc</name>
         <value>0x797</value>
         <object_component_ref idref="oc-187"/>
      </symbol>
      <symbol id="sm-280">
         <name>minit</name>
         <value>0x709</value>
         <object_component_ref idref="oc-187"/>
      </symbol>
      <symbol id="sm-28f">
         <name>__aeabi_memset</name>
         <value>0x123f</value>
         <object_component_ref idref="oc-50"/>
      </symbol>
      <symbol id="sm-290">
         <name>memset</name>
         <value>0x1245</value>
         <object_component_ref idref="oc-50"/>
      </symbol>
      <symbol id="sm-291">
         <name>__aeabi_memset8</name>
         <value>0x123f</value>
         <object_component_ref idref="oc-50"/>
      </symbol>
      <symbol id="sm-292">
         <name>__aeabi_memset4</name>
         <value>0x123f</value>
         <object_component_ref idref="oc-50"/>
      </symbol>
      <symbol id="sm-293">
         <name>__aeabi_memclr8</name>
         <value>0x123d</value>
         <object_component_ref idref="oc-50"/>
      </symbol>
      <symbol id="sm-294">
         <name>__aeabi_memclr4</name>
         <value>0x123d</value>
         <object_component_ref idref="oc-50"/>
      </symbol>
      <symbol id="sm-295">
         <name>__aeabi_memclr</name>
         <value>0x123d</value>
         <object_component_ref idref="oc-50"/>
      </symbol>
      <symbol id="sm-29f">
         <name>__mpu_init</name>
         <value>0x13ff</value>
         <object_component_ref idref="oc-5c"/>
      </symbol>
      <symbol id="sm-2bb">
         <name>_Znwj</name>
         <value>0x1761</value>
         <object_component_ref idref="oc-104"/>
      </symbol>
      <symbol id="sm-2c5">
         <name>_Z21__default_new_handlerv</name>
         <value>0x17df</value>
         <object_component_ref idref="oc-190"/>
      </symbol>
      <symbol id="sm-2cf">
         <name>_system_pre_init</name>
         <value>0x18d7</value>
         <object_component_ref idref="oc-62"/>
      </symbol>
      <symbol id="sm-2d8">
         <name>main_func_sp</name>
         <value>0x20000898</value>
         <object_component_ref idref="oc-7a"/>
      </symbol>
      <symbol id="sm-398">
         <name>_ZSt16__dummy_typeinfo</name>
         <value>0x2000066c</value>
      </symbol>
      <symbol id="sm-399">
         <name>_ZN10__cxxabiv120__function_type_infoD1Ev</name>
         <value>0x10b5</value>
         <object_component_ref idref="oc-2ad"/>
      </symbol>
      <symbol id="sm-39a">
         <name>_ZTIN10__cxxabiv119__pointer_type_infoE</name>
         <value>0x1bbc</value>
         <object_component_ref idref="oc-2fb"/>
      </symbol>
      <symbol id="sm-39b">
         <name>_ZTSSt9type_info</name>
         <value>0x1b94</value>
         <object_component_ref idref="oc-2e2"/>
      </symbol>
      <symbol id="sm-39c">
         <name>_ZN10__cxxabiv123__fundamental_type_infoD2Ev</name>
         <value>0x1097</value>
         <object_component_ref idref="oc-2ad"/>
      </symbol>
      <symbol id="sm-39d">
         <name>_ZN10__cxxabiv117__class_type_infoD1Ev</name>
         <value>0x10d3</value>
         <object_component_ref idref="oc-2ad"/>
      </symbol>
      <symbol id="sm-39e">
         <name>_ZN10__cxxabiv129__pointer_to_member_type_infoD2Ev</name>
         <value>0x108d</value>
         <object_component_ref idref="oc-2ad"/>
      </symbol>
      <symbol id="sm-39f">
         <name>_ZN10__cxxabiv116__enum_type_infoD1Ev</name>
         <value>0x10e7</value>
         <object_component_ref idref="oc-2ad"/>
      </symbol>
      <symbol id="sm-3a0">
         <name>_ZN10__cxxabiv121__vmi_class_type_infoD1Ev</name>
         <value>0x10a1</value>
         <object_component_ref idref="oc-2ad"/>
      </symbol>
      <symbol id="sm-3a1">
         <name>_ZTSN10__cxxabiv123__fundamental_type_infoE</name>
         <value>0x1a48</value>
         <object_component_ref idref="oc-31e"/>
      </symbol>
      <symbol id="sm-3a2">
         <name>_ZN10__cxxabiv117__pbase_type_infoD1Ev</name>
         <value>0x10c9</value>
         <object_component_ref idref="oc-2ad"/>
      </symbol>
      <symbol id="sm-3a3">
         <name>_ZTVN10__cxxabiv123__fundamental_type_infoE</name>
         <value>0x1b84</value>
         <object_component_ref idref="oc-300"/>
      </symbol>
      <symbol id="sm-3a4">
         <name>_ZTSN10__cxxabiv120__si_class_type_infoE</name>
         <value>0x1a70</value>
         <object_component_ref idref="oc-2f6"/>
      </symbol>
      <symbol id="sm-3a5">
         <name>_ZN10__cxxabiv117__array_type_infoD1Ev</name>
         <value>0x10dd</value>
         <object_component_ref idref="oc-2ad"/>
      </symbol>
      <symbol id="sm-3a6">
         <name>_ZTVN10__cxxabiv119__pointer_type_infoE</name>
         <value>0x1b64</value>
         <object_component_ref idref="oc-2e7"/>
      </symbol>
      <symbol id="sm-3a7">
         <name>_ZTSPKe</name>
         <value>0x1c18</value>
         <object_component_ref idref="oc-2ec"/>
      </symbol>
      <symbol id="sm-3a8">
         <name>_ZNKSt9type_infoneERKS_</name>
         <value>0x1053</value>
         <object_component_ref idref="oc-2ad"/>
      </symbol>
      <symbol id="sm-3a9">
         <name>_ZN10__cxxabiv119__pointer_type_infoD1Ev</name>
         <value>0x10bf</value>
         <object_component_ref idref="oc-2ad"/>
      </symbol>
      <symbol id="sm-3aa">
         <name>_ZNSt9type_infoD2Ev</name>
         <value>0x1045</value>
         <object_component_ref idref="oc-2ad"/>
      </symbol>
      <symbol id="sm-3ab">
         <name>_ZNKSt9type_info6beforeERKS_</name>
         <value>0x107f</value>
         <object_component_ref idref="oc-2ad"/>
      </symbol>
      <symbol id="sm-3ac">
         <name>_ZN10__cxxabiv123__fundamental_type_infoD1Ev</name>
         <value>0x1097</value>
         <object_component_ref idref="oc-2ad"/>
      </symbol>
      <symbol id="sm-3ad">
         <name>_ZTSN10__cxxabiv119__pointer_type_infoE</name>
         <value>0x1a95</value>
         <object_component_ref idref="oc-30a"/>
      </symbol>
      <symbol id="sm-3ae">
         <name>_ZN10__cxxabiv121__vmi_class_type_infoD2Ev</name>
         <value>0x10a1</value>
         <object_component_ref idref="oc-2ad"/>
      </symbol>
      <symbol id="sm-3af">
         <name>_ZTSN10__cxxabiv117__class_type_infoE</name>
         <value>0x1ab9</value>
         <object_component_ref idref="oc-2bb"/>
      </symbol>
      <symbol id="sm-3b0">
         <name>_ZN10__cxxabiv120__function_type_infoD2Ev</name>
         <value>0x10b5</value>
         <object_component_ref idref="oc-2ad"/>
      </symbol>
      <symbol id="sm-3b1">
         <name>_ZN10__cxxabiv117__class_type_infoD2Ev</name>
         <value>0x10d3</value>
         <object_component_ref idref="oc-2ad"/>
      </symbol>
      <symbol id="sm-3b2">
         <name>_ZN10__cxxabiv116__enum_type_infoD2Ev</name>
         <value>0x10e7</value>
         <object_component_ref idref="oc-2ad"/>
      </symbol>
      <symbol id="sm-3b3">
         <name>_ZN10__cxxabiv119__pointer_type_infoD2Ev</name>
         <value>0x10bf</value>
         <object_component_ref idref="oc-2ad"/>
      </symbol>
      <symbol id="sm-3b4">
         <name>_ZN10__cxxabiv120__si_class_type_infoD2Ev</name>
         <value>0x10ab</value>
         <object_component_ref idref="oc-2ad"/>
      </symbol>
      <symbol id="sm-3b5">
         <name>_ZN10__cxxabiv117__pbase_type_infoD2Ev</name>
         <value>0x10c9</value>
         <object_component_ref idref="oc-2ad"/>
      </symbol>
      <symbol id="sm-3b6">
         <name>_ZTVN10__cxxabiv117__class_type_infoE</name>
         <value>0x1b54</value>
         <object_component_ref idref="oc-29c"/>
      </symbol>
      <symbol id="sm-3b7">
         <name>_ZN10__cxxabiv117__array_type_infoD2Ev</name>
         <value>0x10dd</value>
         <object_component_ref idref="oc-2ad"/>
      </symbol>
      <symbol id="sm-3b8">
         <name>_ZNSt9type_infoD1Ev</name>
         <value>0x1045</value>
         <object_component_ref idref="oc-2ad"/>
      </symbol>
      <symbol id="sm-3b9">
         <name>_ZTIN10__cxxabiv123__fundamental_type_infoE</name>
         <value>0x1bd4</value>
         <object_component_ref idref="oc-314"/>
      </symbol>
      <symbol id="sm-3ba">
         <name>_ZTISt9type_info</name>
         <value>0x1c00</value>
         <object_component_ref idref="oc-2c0"/>
      </symbol>
      <symbol id="sm-3bb">
         <name>_ZN10__cxxabiv123__fundamental_type_infoD0Ev</name>
         <value>0x1099</value>
         <object_component_ref idref="oc-2ad"/>
      </symbol>
      <symbol id="sm-3bc">
         <name>_ZTIN10__cxxabiv117__pbase_type_infoE</name>
         <value>0x1bb0</value>
         <object_component_ref idref="oc-30f"/>
      </symbol>
      <symbol id="sm-3bd">
         <name>_ZTSe</name>
         <value>0x1b1e</value>
         <object_component_ref idref="oc-305"/>
      </symbol>
      <symbol id="sm-3be">
         <name>_ZNKSt9type_info4nameEv</name>
         <value>0x104f</value>
         <object_component_ref idref="oc-2ad"/>
      </symbol>
      <symbol id="sm-3bf">
         <name>_ZTIN10__cxxabiv117__class_type_infoE</name>
         <value>0x1ba4</value>
         <object_component_ref idref="oc-2a8"/>
      </symbol>
      <symbol id="sm-3c0">
         <name>_ZN10__cxxabiv129__pointer_to_member_type_infoD0Ev</name>
         <value>0x108f</value>
         <object_component_ref idref="oc-2ad"/>
      </symbol>
      <symbol id="sm-3c1">
         <name>_ZN10__cxxabiv120__si_class_type_infoD1Ev</name>
         <value>0x10ab</value>
         <object_component_ref idref="oc-2ad"/>
      </symbol>
      <symbol id="sm-3c2">
         <name>_ZTIN10__cxxabiv120__si_class_type_infoE</name>
         <value>0x1bc8</value>
         <object_component_ref idref="oc-2dd"/>
      </symbol>
      <symbol id="sm-3c3">
         <name>_ZNSt9type_infoD0Ev</name>
         <value>0x1047</value>
         <object_component_ref idref="oc-2ad"/>
      </symbol>
      <symbol id="sm-3c4">
         <name>_ZN10__cxxabiv120__function_type_infoD0Ev</name>
         <value>0x10b7</value>
         <object_component_ref idref="oc-2ad"/>
      </symbol>
      <symbol id="sm-3c5">
         <name>_ZN10__cxxabiv117__class_type_infoD0Ev</name>
         <value>0x10d5</value>
         <object_component_ref idref="oc-2ad"/>
      </symbol>
      <symbol id="sm-3c6">
         <name>_ZTSN10__cxxabiv117__pbase_type_infoE</name>
         <value>0x1adb</value>
         <object_component_ref idref="oc-319"/>
      </symbol>
      <symbol id="sm-3c7">
         <name>_ZN10__cxxabiv116__enum_type_infoD0Ev</name>
         <value>0x10e9</value>
         <object_component_ref idref="oc-2ad"/>
      </symbol>
      <symbol id="sm-3c8">
         <name>_ZTIe</name>
         <value>0x1c08</value>
         <object_component_ref idref="oc-2f1"/>
      </symbol>
      <symbol id="sm-3c9">
         <name>_ZN10__cxxabiv121__vmi_class_type_infoD0Ev</name>
         <value>0x10a3</value>
         <object_component_ref idref="oc-2ad"/>
      </symbol>
      <symbol id="sm-3ca">
         <name>_ZTVN10__cxxabiv120__si_class_type_infoE</name>
         <value>0x1b74</value>
         <object_component_ref idref="oc-2b6"/>
      </symbol>
      <symbol id="sm-3cb">
         <name>_ZN10__cxxabiv117__pbase_type_infoD0Ev</name>
         <value>0x10cb</value>
         <object_component_ref idref="oc-2ad"/>
      </symbol>
      <symbol id="sm-3cc">
         <name>_ZN10__cxxabiv117__array_type_infoD0Ev</name>
         <value>0x10df</value>
         <object_component_ref idref="oc-2ad"/>
      </symbol>
      <symbol id="sm-3cd">
         <name>_ZSt21__gen_dummy_typeinfosv</name>
         <value>0x103d</value>
         <object_component_ref idref="oc-2ad"/>
      </symbol>
      <symbol id="sm-3ce">
         <name>_ZN10__cxxabiv129__pointer_to_member_type_infoD1Ev</name>
         <value>0x108d</value>
         <object_component_ref idref="oc-2ad"/>
      </symbol>
      <symbol id="sm-3cf">
         <name>_ZN10__cxxabiv119__pointer_type_infoD0Ev</name>
         <value>0x10c1</value>
         <object_component_ref idref="oc-2ad"/>
      </symbol>
      <symbol id="sm-3d0">
         <name>_ZN10__cxxabiv120__si_class_type_infoD0Ev</name>
         <value>0x10ad</value>
         <object_component_ref idref="oc-2ad"/>
      </symbol>
      <symbol id="sm-3d1">
         <name>_ZTIPKe</name>
         <value>0x1b34</value>
         <object_component_ref idref="oc-2c6"/>
      </symbol>
      <symbol id="sm-3d2">
         <name>_ZNKSt9type_infoeqERKS_</name>
         <value>0x1069</value>
         <object_component_ref idref="oc-2ad"/>
      </symbol>
      <symbol id="sm-3e1">
         <name>__aeabi_uidivmod</name>
         <value>0x1647</value>
         <object_component_ref idref="oc-171"/>
      </symbol>
      <symbol id="sm-3e2">
         <name>__aeabi_uidiv</name>
         <value>0x1647</value>
         <object_component_ref idref="oc-171"/>
      </symbol>
      <symbol id="sm-3eb">
         <name>_new_handler</name>
         <value>0x2000089c</value>
         <object_component_ref idref="oc-18d"/>
      </symbol>
      <symbol id="sm-404">
         <name>_nop</name>
         <value>0x1853</value>
         <object_component_ref idref="oc-121"/>
      </symbol>
      <symbol id="sm-405">
         <name>_lock</name>
         <value>0x20000888</value>
         <object_component_ref idref="oc-bd"/>
      </symbol>
      <symbol id="sm-406">
         <name>_unlock</name>
         <value>0x2000088c</value>
         <object_component_ref idref="oc-bd"/>
      </symbol>
      <symbol id="sm-407">
         <name>_register_lock</name>
         <value>0x184b</value>
         <object_component_ref idref="oc-121"/>
      </symbol>
      <symbol id="sm-408">
         <name>_register_unlock</name>
         <value>0x1845</value>
         <object_component_ref idref="oc-121"/>
      </symbol>
      <symbol id="sm-41c">
         <name>_args_main</name>
         <value>0x1819</value>
         <object_component_ref idref="oc-6e"/>
      </symbol>
      <symbol id="sm-441">
         <name>__TI_auto_init</name>
         <value>0x12b9</value>
         <object_component_ref idref="oc-68"/>
      </symbol>
      <symbol id="sm-45b">
         <name>copy_in</name>
         <value>0x156d</value>
         <object_component_ref idref="oc-a4"/>
      </symbol>
      <symbol id="sm-466">
         <name>__aeabi_idiv0</name>
         <value>0x12b7</value>
         <object_component_ref idref="oc-23d"/>
      </symbol>
      <symbol id="sm-470">
         <name>_system_post_cinit</name>
         <value>0x18db</value>
         <object_component_ref idref="oc-aa"/>
      </symbol>
      <symbol id="sm-4ed">
         <name>CANIntRegister</name>
         <value>0x1801</value>
         <object_component_ref idref="oc-1a8"/>
      </symbol>
      <symbol id="sm-4ee">
         <name>CANBitRateSet</name>
         <value>0x1329</value>
         <object_component_ref idref="oc-1d8"/>
      </symbol>
      <symbol id="sm-4ef">
         <name>CANEnable</name>
         <value>0x1897</value>
         <object_component_ref idref="oc-1ba"/>
      </symbol>
      <symbol id="sm-4f0">
         <name>CANMessageSet</name>
         <value>0xae5</value>
         <object_component_ref idref="oc-1c0"/>
      </symbol>
      <symbol id="sm-4f1">
         <name>CANInit</name>
         <value>0x1687</value>
         <object_component_ref idref="oc-1cc"/>
      </symbol>
      <symbol id="sm-4f2">
         <name>CANIntEnable</name>
         <value>0x18b5</value>
         <object_component_ref idref="oc-1ae"/>
      </symbol>
      <symbol id="sm-52c">
         <name>GPIOPinConfigure</name>
         <value>0x15b9</value>
         <object_component_ref idref="oc-e6"/>
      </symbol>
      <symbol id="sm-52d">
         <name>GPIOPinTypeUART</name>
         <value>0x186b</value>
         <object_component_ref idref="oc-f2"/>
      </symbol>
      <symbol id="sm-52e">
         <name>GPIODirModeSet</name>
         <value>0x1791</value>
         <object_component_ref idref="oc-13d"/>
      </symbol>
      <symbol id="sm-52f">
         <name>GPIOPadConfigSet</name>
         <value>0xc1b</value>
         <object_component_ref idref="oc-143"/>
      </symbol>
      <symbol id="sm-530">
         <name>GPIOPinTypeCAN</name>
         <value>0x1859</value>
         <object_component_ref idref="oc-1c6"/>
      </symbol>
      <symbol id="sm-56a">
         <name>IntEnable</name>
         <value>0x1401</value>
         <object_component_ref idref="oc-1b4"/>
      </symbol>
      <symbol id="sm-56b">
         <name>IntRegister</name>
         <value>0x16f9</value>
         <object_component_ref idref="oc-25a"/>
      </symbol>
      <symbol id="sm-56c">
         <name>g_pfnRAMVectors</name>
         <value>0x20000000</value>
         <object_component_ref idref="oc-28d"/>
      </symbol>
      <symbol id="sm-5ca">
         <name>SysCtlPeripheralPresent</name>
         <value>0x16c1</value>
         <object_component_ref idref="oc-14a"/>
      </symbol>
      <symbol id="sm-5cb">
         <name>SysCtlClockSet</name>
         <value>0xe5d</value>
         <object_component_ref idref="oc-fe"/>
      </symbol>
      <symbol id="sm-5cc">
         <name>SysCtlDelay</name>
         <value>0x18c5</value>
         <object_component_ref idref="oc-185"/>
      </symbol>
      <symbol id="sm-5cd">
         <name>SysCtlPeripheralEnable</name>
         <value>0x172d</value>
         <object_component_ref idref="oc-e0"/>
      </symbol>
      <symbol id="sm-5ce">
         <name>SysCtlClockGet</name>
         <value>0xd4d</value>
         <object_component_ref idref="oc-1d2"/>
      </symbol>
      <symbol id="sm-609">
         <name>UARTConfigSetExpClk</name>
         <value>0x1601</value>
         <object_component_ref idref="oc-150"/>
      </symbol>
      <symbol id="sm-60a">
         <name>UARTDisable</name>
         <value>0x17e1</value>
         <object_component_ref idref="oc-22d"/>
      </symbol>
      <symbol id="sm-60b">
         <name>UARTClockSourceSet</name>
         <value>0x18cb</value>
         <object_component_ref idref="oc-ec"/>
      </symbol>
      <symbol id="sm-60c">
         <name>UARTCharPut</name>
         <value>0x18ab</value>
         <object_component_ref idref="oc-15c"/>
      </symbol>
      <symbol id="sm-60d">
         <name>UARTEnable</name>
         <value>0x1831</value>
         <object_component_ref idref="oc-156"/>
      </symbol>
      <symbol id="sm-60e">
         <name>UARTCharGet</name>
         <value>0x18a1</value>
         <object_component_ref idref="oc-162"/>
      </symbol>
      <symbol id="sm-610">
         <name>__TI_static_base__</name>
         <value>0x0</value>
      </symbol>
      <symbol id="sm-613">
         <name>SHT$$INIT_ARRAY$$Limit</name>
         <value>0x0</value>
      </symbol>
      <symbol id="sm-614">
         <name>SHT$$INIT_ARRAY$$Base</name>
         <value>0x0</value>
      </symbol>
   </symbol_table>
   <title>Link successful</title>
</link_info>
