******************************************************************************
                  TI ARM Linker PC v15.12.3                    
******************************************************************************
>> Linked Fri Jul 29 21:29:55 2016

OUTPUT FILE NAME:   <HALClasses.out>
ENTRY POINT SYMBOL: "_c_int00"  address: 000014c5


MEMORY CONFIGURATION

         name            origin    length      used     unused   attr    fill
----------------------  --------  ---------  --------  --------  ----  --------
  FLASH                 00000000   00040000  00001c84  0003e37c  R  X
  SRAM                  20000000   00008000  000008a0  00007760  RW X


SEGMENT ALLOCATION MAP

run origin  load origin   length   init length attrs members
----------  ----------- ---------- ----------- ----- -------
00000000    00000000    00001c84   00001c84    r-x
  00000000    00000000    0000026c   0000026c    r-- .intvecs
  0000026c    0000026c    00001670   00001670    r-x .text
  000018dc    000018dc    00000344   00000344    r-- .const
  00001c20    00001c20    00000064   00000064    r-- .cinit
20000000    20000000    000008a0   00000000    rw-
  20000000    20000000    0000026c   00000000    rw- .vtable
  2000026c    2000026c    00000400   00000000    rw- .stack
  2000066c    2000066c    00000004   00000000    rw- .bss
  20000670    20000670    00000200   00000000    rw- .sysmem
  20000870    20000870    00000030   00000000    rw- .data


SECTION ALLOCATION MAP

 output                                  attributes/
section   page    origin      length       input sections
--------  ----  ----------  ----------   ----------------
.intvecs   0    00000000    0000026c     
                  00000000    0000026c     tm4c123gh6pm_startup_ccs.obj (.intvecs)

.text      0    0000026c    00001670     
                  0000026c    0000049c     uartstdio.obj (.text)
                  00000708    000003dc     rtsv7M4_T_le_v4SPD16_eabi.lib : memory.obj (.text)
                  00000ae4    00000136     driverlib.lib : can.obj (.text:CANMessageSet)
                  00000c1a    00000132                   : gpio.obj (.text:GPIOPadConfigSet)
                  00000d4c    00000110                   : sysctl.obj (.text:SysCtlClockGet)
                  00000e5c    000000f4                   : sysctl.obj (.text:SysCtlClockSet)
                  00000f50    000000ec     CanBus.obj (.text)
                  0000103c    000000bc     rtsv7M4_T_le_v4SPD16_eabi.lib : typeinfo_.obj (.text)
                  000010f8    000000a8     main.obj (.text)
                  000011a0    0000009c     rtsv7M4_T_le_v4SPD16_eabi.lib : memcpy_t2.obj (.text)
                  0000123c    0000007a                                   : memset_t2.obj (.text)
                  000012b6    00000002                                   : i_div0.obj (.text)
                  000012b8    00000070                                   : autoinit.obj (.text)
                  00001328    0000006c     driverlib.lib : can.obj (.text:CANBitRateSet)
                  00001394    0000006a     rtsv7M4_T_le_v4SPD16_eabi.lib : copy_decompress_rle.obj (.text)
                  000013fe    00000002                                   : mpu_init.obj (.text)
                  00001400    00000068     driverlib.lib : interrupt.obj (.text:IntEnable)
                  00001468    0000005c                   : can.obj (.text:_CANIntNumberGet)
                  000014c4    00000054     rtsv7M4_T_le_v4SPD16_eabi.lib : boot.obj (.text)
                  00001518    00000054                                   : exit.obj (.text)
                  0000156c    0000004c                                   : cpy_tbl.obj (.text)
                  000015b8    00000048     driverlib.lib : gpio.obj (.text:GPIOPinConfigure)
                  00001600    00000046                   : uart.obj (.text:UARTConfigSetExpClk)
                  00001646    00000040     rtsv7M4_T_le_v4SPD16_eabi.lib : u_divt2.obj (.text)
                  00001686    0000003a     driverlib.lib : can.obj (.text:CANInit)
                  000016c0    00000038                   : sysctl.obj (.text:SysCtlPeripheralPresent)
                  000016f8    00000034                   : interrupt.obj (.text:IntRegister)
                  0000172c    00000034                   : sysctl.obj (.text:SysCtlPeripheralEnable)
                  00001760    00000030     rtsv7M4_T_le_v4SPD16_eabi.lib : new_.obj (.text)
                  00001790    0000002a     driverlib.lib : gpio.obj (.text:GPIODirModeSet)
                  000017ba    00000024                   : can.obj (.text:_CANDataRegWrite)
                  000017de    00000002     rtsv7M4_T_le_v4SPD16_eabi.lib : newhandler.obj (.text)
                  000017e0    00000020     driverlib.lib : uart.obj (.text:UARTDisable)
                  00001800    00000018                   : can.obj (.text:CANIntRegister)
                  00001818    00000018     rtsv7M4_T_le_v4SPD16_eabi.lib : args_main.obj (.text)
                  00001830    00000014     driverlib.lib : uart.obj (.text:UARTEnable)
                  00001844    00000014     rtsv7M4_T_le_v4SPD16_eabi.lib : _lock.obj (.text)
                  00001858    00000012     driverlib.lib : gpio.obj (.text:GPIOPinTypeCAN)
                  0000186a    00000012                   : gpio.obj (.text:GPIOPinTypeUART)
                  0000187c    0000000e     rtsv7M4_T_le_v4SPD16_eabi.lib : copy_decompress_none.obj (.text:decompress:none)
                  0000188a    0000000c     tm4c123gh6pm_startup_ccs.obj (.text)
                  00001896    0000000a     driverlib.lib : can.obj (.text:CANEnable)
                  000018a0    0000000a                   : uart.obj (.text:UARTCharGet)
                  000018aa    0000000a                   : uart.obj (.text:UARTCharPut)
                  000018b4    00000008                   : can.obj (.text:CANIntEnable)
                  000018bc    00000008     rtsv7M4_T_le_v4SPD16_eabi.lib : delete.obj (.text)
                  000018c4    00000006     driverlib.lib : sysctl.obj (.text:SysCtlDelay)
                  000018ca    00000006                   : uart.obj (.text:UARTClockSourceSet)
                  000018d0    00000006     rtsv7M4_T_le_v4SPD16_eabi.lib : copy_decompress_rle.obj (.text:decompress:rle24)
                  000018d6    00000004                                   : pre_init.obj (.text)
                  000018da    00000002                                   : startup.obj (.text)

.const     0    000018dc    00000344     
                  000018dc    00000090     driverlib.lib : gpio.obj (.const:g_pui32GPIOBaseAddrs)
                  0000196c    00000070                   : interrupt.obj (.const)
                  000019dc    0000006c                   : sysctl.obj (.const:g_pui32Xtals)
                  00001a48    00000028     rtsv7M4_T_le_v4SPD16_eabi.lib : typeinfo_.obj (.const:.typeinfo:_ZTSN10__cxxabiv123__fundamental_type_infoE)
                  00001a70    00000025                                   : typeinfo_.obj (.const:.typeinfo:_ZTSN10__cxxabiv120__si_class_type_infoE)
                  00001a95    00000024                                   : typeinfo_.obj (.const:.typeinfo:_ZTSN10__cxxabiv119__pointer_type_infoE)
                  00001ab9    00000022                                   : typeinfo_.obj (.const:.typeinfo:_ZTSN10__cxxabiv117__class_type_infoE)
                  00001adb    00000022                                   : typeinfo_.obj (.const:.typeinfo:_ZTSN10__cxxabiv117__pbase_type_infoE)
                  00001afd    00000001     --HOLE-- [fill = 0]
                  00001afe    00000020     driverlib.lib : can.obj (.const)
                  00001b1e    00000002     rtsv7M4_T_le_v4SPD16_eabi.lib : typeinfo_.obj (.const:.typeinfo:_ZTSe)
                  00001b20    00000012     uartstdio.obj (.const:.string)
                  00001b32    00000002     --HOLE-- [fill = 0]
                  00001b34    00000010     rtsv7M4_T_le_v4SPD16_eabi.lib : typeinfo_.obj (.const:.typeinfo:_ZTIPKe)
                  00001b44    00000010     CanBus.obj (.const:_ZTV6CanBus)
                  00001b54    00000010     rtsv7M4_T_le_v4SPD16_eabi.lib : typeinfo_.obj (.const:_ZTVN10__cxxabiv117__class_type_infoE)
                  00001b64    00000010                                   : typeinfo_.obj (.const:_ZTVN10__cxxabiv119__pointer_type_infoE)
                  00001b74    00000010                                   : typeinfo_.obj (.const:_ZTVN10__cxxabiv120__si_class_type_infoE)
                  00001b84    00000010                                   : typeinfo_.obj (.const:_ZTVN10__cxxabiv123__fundamental_type_infoE)
                  00001b94    0000000d                                   : typeinfo_.obj (.const:.typeinfo:_ZTSSt9type_info)
                  00001ba1    00000003     --HOLE-- [fill = 0]
                  00001ba4    0000000c                                   : typeinfo_.obj (.const:.typeinfo:_ZTIN10__cxxabiv117__class_type_infoE)
                  00001bb0    0000000c                                   : typeinfo_.obj (.const:.typeinfo:_ZTIN10__cxxabiv117__pbase_type_infoE)
                  00001bbc    0000000c                                   : typeinfo_.obj (.const:.typeinfo:_ZTIN10__cxxabiv119__pointer_type_infoE)
                  00001bc8    0000000c                                   : typeinfo_.obj (.const:.typeinfo:_ZTIN10__cxxabiv120__si_class_type_infoE)
                  00001bd4    0000000c                                   : typeinfo_.obj (.const:.typeinfo:_ZTIN10__cxxabiv123__fundamental_type_infoE)
                  00001be0    0000000c     uartstdio.obj (.const:g_ui32UARTBase)
                  00001bec    0000000c     uartstdio.obj (.const:g_ui32UARTPeriph)
                  00001bf8    00000008     CanBus.obj (.const:.typeinfo:_ZTI6CanBus)
                  00001c00    00000008     rtsv7M4_T_le_v4SPD16_eabi.lib : typeinfo_.obj (.const:.typeinfo:_ZTISt9type_info)
                  00001c08    00000008                                   : typeinfo_.obj (.const:.typeinfo:_ZTIe)
                  00001c10    00000008     CanBus.obj (.const:.typeinfo:_ZTS6CanBus)
                  00001c18    00000004     rtsv7M4_T_le_v4SPD16_eabi.lib : typeinfo_.obj (.const:.typeinfo:_ZTSPKe)
                  00001c1c    00000004     uartstdio.obj (.const)

.cinit     0    00001c20    00000064     
                  00001c20    00000021     (.cinit..data.load) [load image, compression = rle]
                  00001c41    00000007     --HOLE-- [fill = 0]
                  00001c48    0000000b     (.cinit..vtable.load) [load image, compression = rle]
                  00001c53    00000005     --HOLE-- [fill = 0]
                  00001c58    00000009     (.cinit..bss.load) [load image, compression = rle]
                  00001c61    00000003     --HOLE-- [fill = 0]
                  00001c64    00000008     (__TI_handler_table)
                  00001c6c    00000018     (__TI_cinit_table)

.init_array 
*          0    00000000    00000000     UNINITIALIZED

.vtable    0    20000000    0000026c     UNINITIALIZED
                  20000000    0000026c     driverlib.lib : interrupt.obj (.vtable)

.stack     0    2000026c    00000400     UNINITIALIZED
                  2000026c    00000400     --HOLE--

.bss       0    2000066c    00000004     UNINITIALIZED
                  2000066c    00000004     (.common:_ZSt16__dummy_typeinfo)

.sysmem    0    20000670    00000200     UNINITIALIZED
                  20000670    00000008     rtsv7M4_T_le_v4SPD16_eabi.lib : memory.obj (.sysmem)
                  20000678    000001f8     --HOLE--

.data      0    20000870    00000030     UNINITIALIZED
                  20000870    0000000c     rtsv7M4_T_le_v4SPD16_eabi.lib : exit.obj (.data:$O1$$)
                  2000087c    0000000c                                   : memory.obj (.data:$O1$$)
                  20000888    00000008                                   : _lock.obj (.data:$O1$$)
                  20000890    00000005     uartstdio.obj (.data)
                  20000895    00000003     --HOLE--
                  20000898    00000004     rtsv7M4_T_le_v4SPD16_eabi.lib : stkdepth_vars.obj (.data)
                  2000089c    00000004                                   : vars.obj (.data)

MODULE SUMMARY

       Module                         code   ro data   rw data
       ------                         ----   -------   -------
    .\
       tm4c123gh6pm_startup_ccs.obj   12     620       0      
       main.obj                       168    0         0      
    +--+------------------------------+------+---------+---------+
       Total:                         180    620       0      
                                                              
    .\MainBus\
       CanBus.obj                     236    32        0      
    +--+------------------------------+------+---------+---------+
       Total:                         236    32        0      
                                                              
    .\utils\
       uartstdio.obj                  1180   46        5      
    +--+------------------------------+------+---------+---------+
       Total:                         1180   46        5      
                                                              
    C:\ti\TivaWare_C_Series-2.1.2.111\driverlib\ccs\Debug\driverlib.lib
       interrupt.obj                  156    112       620    
       sysctl.obj                     630    108       0      
       can.obj                        646    32        0      
       gpio.obj                       456    144       0      
       uart.obj                       148    0         0      
    +--+------------------------------+------+---------+---------+
       Total:                         2036   396       620    
                                                              
    C:\ti\ccsv6\tools\compiler\arm_15.12.3.LTS\lib\rtsv7M4_T_le_v4SPD16_eabi.lib
       memory.obj                     988    0         12     
       typeinfo_.obj                  188    356       4      
       memcpy_t2.obj                  156    0         0      
       memset_t2.obj                  122    0         0      
       autoinit.obj                   112    0         0      
       copy_decompress_rle.obj        112    0         0      
       exit.obj                       84     0         12     
       boot.obj                       84     0         0      
       cpy_tbl.obj                    76     0         0      
       u_divt2.obj                    64     0         0      
       new_.obj                       48     0         0      
       _lock.obj                      20     0         8      
       args_main.obj                  24     0         0      
       copy_decompress_none.obj       14     0         0      
       delete.obj                     8      0         0      
       pre_init.obj                   4      0         0      
       stkdepth_vars.obj              0      0         4      
       vars.obj                       0      0         4      
       i_div0.obj                     2      0         0      
       mpu_init.obj                   2      0         0      
       newhandler.obj                 2      0         0      
       startup.obj                    2      0         0      
    +--+------------------------------+------+---------+---------+
       Total:                         2112   356       44     
                                                              
       Heap:                          0      0         512    
       Stack:                         0      0         1024   
       Linker Generated:              0      85        0      
    +--+------------------------------+------+---------+---------+
       Grand Total:                   5744   1535      2205   


LINKER GENERATED COPY TABLES

__TI_cinit_table @ 00001c6c records: 3, size/record: 8, table size: 24
	.data: load addr=00001c20, load size=00000021 bytes, run addr=20000870, run size=00000030 bytes, compression=rle
	.vtable: load addr=00001c48, load size=0000000b bytes, run addr=20000000, run size=0000026c bytes, compression=rle
	.bss: load addr=00001c58, load size=00000009 bytes, run addr=2000066c, run size=00000004 bytes, compression=rle


LINKER GENERATED HANDLER TABLE

__TI_handler_table @ 00001c64 records: 2, size/record: 4, table size: 8
	index: 0, handler: __TI_decompress_rle24
	index: 1, handler: __TI_decompress_none


GLOBAL SYMBOLS: SORTED ALPHABETICALLY BY Name 

address   name                                              
-------   ----                                              
00001519  C$$EXIT                                           
00001329  CANBitRateSet                                     
00001897  CANEnable                                         
00001687  CANInit                                           
000018b5  CANIntEnable                                      
00001801  CANIntRegister                                    
00000ae5  CANMessageSet                                     
00001791  GPIODirModeSet                                    
00000c1b  GPIOPadConfigSet                                  
000015b9  GPIOPinConfigure                                  
00001859  GPIOPinTypeCAN                                    
0000186b  GPIOPinTypeUART                                   
00001401  IntEnable                                         
000016f9  IntRegister                                       
0000188b  ResetISR                                          
UNDEFED   SHT$$INIT_ARRAY$$Base                             
UNDEFED   SHT$$INIT_ARRAY$$Limit                            
00000d4d  SysCtlClockGet                                    
00000e5d  SysCtlClockSet                                    
000018c5  SysCtlDelay                                       
0000172d  SysCtlPeripheralEnable                            
000016c1  SysCtlPeripheralPresent                           
000018a1  UARTCharGet                                       
000018ab  UARTCharPut                                       
000018cb  UARTClockSourceSet                                
00001601  UARTConfigSetExpClk                               
000017e1  UARTDisable                                       
00001831  UARTEnable                                        
0000026d  UARTStdioConfig                                   
000003b3  UARTgetc                                          
000002f9  UARTgets                                          
000006d3  UARTprintf                                        
000003d9  UARTvprintf                                       
000002b3  UARTwrite                                         
00001135  _Z10canHandlerv                                   
000010f9  _Z11InitConsolev                                  
000017df  _Z21__default_new_handlerv                        
000010e9  _ZN10__cxxabiv116__enum_type_infoD0Ev             
000010e7  _ZN10__cxxabiv116__enum_type_infoD1Ev             
000010e7  _ZN10__cxxabiv116__enum_type_infoD2Ev             
000010df  _ZN10__cxxabiv117__array_type_infoD0Ev            
000010dd  _ZN10__cxxabiv117__array_type_infoD1Ev            
000010dd  _ZN10__cxxabiv117__array_type_infoD2Ev            
000010d5  _ZN10__cxxabiv117__class_type_infoD0Ev            
000010d3  _ZN10__cxxabiv117__class_type_infoD1Ev            
000010d3  _ZN10__cxxabiv117__class_type_infoD2Ev            
000010cb  _ZN10__cxxabiv117__pbase_type_infoD0Ev            
000010c9  _ZN10__cxxabiv117__pbase_type_infoD1Ev            
000010c9  _ZN10__cxxabiv117__pbase_type_infoD2Ev            
000010c1  _ZN10__cxxabiv119__pointer_type_infoD0Ev          
000010bf  _ZN10__cxxabiv119__pointer_type_infoD1Ev          
000010bf  _ZN10__cxxabiv119__pointer_type_infoD2Ev          
000010b7  _ZN10__cxxabiv120__function_type_infoD0Ev         
000010b5  _ZN10__cxxabiv120__function_type_infoD1Ev         
000010b5  _ZN10__cxxabiv120__function_type_infoD2Ev         
000010ad  _ZN10__cxxabiv120__si_class_type_infoD0Ev         
000010ab  _ZN10__cxxabiv120__si_class_type_infoD1Ev         
000010ab  _ZN10__cxxabiv120__si_class_type_infoD2Ev         
000010a3  _ZN10__cxxabiv121__vmi_class_type_infoD0Ev        
000010a1  _ZN10__cxxabiv121__vmi_class_type_infoD1Ev        
000010a1  _ZN10__cxxabiv121__vmi_class_type_infoD2Ev        
00001099  _ZN10__cxxabiv123__fundamental_type_infoD0Ev      
00001097  _ZN10__cxxabiv123__fundamental_type_infoD1Ev      
00001097  _ZN10__cxxabiv123__fundamental_type_infoD2Ev      
0000108f  _ZN10__cxxabiv129__pointer_to_member_type_infoD0Ev
0000108d  _ZN10__cxxabiv129__pointer_to_member_type_infoD1Ev
0000108d  _ZN10__cxxabiv129__pointer_to_member_type_infoD2Ev
00000f87  _ZN6CanBus17registerInterruptEPFvvE               
00000fe3  _ZN6CanBus7initCANEv                              
00000fb1  _ZN6CanBus8sendDataEPj                            
00000fa5  _ZN6CanBus9enableCanEv                            
00000f51  _ZN6CanBusC1Ev                                    
00000f51  _ZN6CanBusC2Ev                                    
00000f71  _ZN6CanBusD0Ev                                    
00000f65  _ZN6CanBusD1Ev                                    
00000f65  _ZN6CanBusD2Ev                                    
0000104f  _ZNKSt9type_info4nameEv                           
0000107f  _ZNKSt9type_info6beforeERKS_                      
00001069  _ZNKSt9type_infoeqERKS_                           
00001053  _ZNKSt9type_infoneERKS_                           
00001047  _ZNSt9type_infoD0Ev                               
00001045  _ZNSt9type_infoD1Ev                               
00001045  _ZNSt9type_infoD2Ev                               
2000066c  _ZSt16__dummy_typeinfo                            
0000103d  _ZSt21__gen_dummy_typeinfosv                      
00001bf8  _ZTI6CanBus                                       
00001ba4  _ZTIN10__cxxabiv117__class_type_infoE             
00001bb0  _ZTIN10__cxxabiv117__pbase_type_infoE             
00001bbc  _ZTIN10__cxxabiv119__pointer_type_infoE           
00001bc8  _ZTIN10__cxxabiv120__si_class_type_infoE          
00001bd4  _ZTIN10__cxxabiv123__fundamental_type_infoE       
00001b34  _ZTIPKe                                           
00001c00  _ZTISt9type_info                                  
00001c08  _ZTIe                                             
00001c10  _ZTS6CanBus                                       
00001ab9  _ZTSN10__cxxabiv117__class_type_infoE             
00001adb  _ZTSN10__cxxabiv117__pbase_type_infoE             
00001a95  _ZTSN10__cxxabiv119__pointer_type_infoE           
00001a70  _ZTSN10__cxxabiv120__si_class_type_infoE          
00001a48  _ZTSN10__cxxabiv123__fundamental_type_infoE       
00001c18  _ZTSPKe                                           
00001b94  _ZTSSt9type_info                                  
00001b1e  _ZTSe                                             
00001b44  _ZTV6CanBus                                       
00001b54  _ZTVN10__cxxabiv117__class_type_infoE             
00001b64  _ZTVN10__cxxabiv119__pointer_type_infoE           
00001b74  _ZTVN10__cxxabiv120__si_class_type_infoE          
00001b84  _ZTVN10__cxxabiv123__fundamental_type_infoE       
000018bd  _ZdlPv                                            
00001761  _Znwj                                             
2000066c  __STACK_END                                       
00000400  __STACK_SIZE                                      
2000046c  __STACK_TOP                                       
00000200  __SYSMEM_SIZE                                     
00001c6c  __TI_CINIT_Base                                   
00001c84  __TI_CINIT_Limit                                  
00001c64  __TI_Handler_Table_Base                           
00001c6c  __TI_Handler_Table_Limit                          
000012b9  __TI_auto_init                                    
20000870  __TI_cleanup_ptr                                  
0000187d  __TI_decompress_none                              
000018d1  __TI_decompress_rle24                             
20000874  __TI_dtors_ptr                                    
20000878  __TI_enable_exit_profile_output                   
ffffffff  __TI_pprof_out_hndl                               
ffffffff  __TI_prof_data_size                               
ffffffff  __TI_prof_data_start                              
00000000  __TI_static_base__                                
000012b7  __aeabi_idiv0                                     
0000123d  __aeabi_memclr                                    
0000123d  __aeabi_memclr4                                   
0000123d  __aeabi_memclr8                                   
000011a1  __aeabi_memcpy                                    
000011a1  __aeabi_memcpy4                                   
000011a1  __aeabi_memcpy8                                   
0000123f  __aeabi_memset                                    
0000123f  __aeabi_memset4                                   
0000123f  __aeabi_memset8                                   
00001647  __aeabi_uidiv                                     
00001647  __aeabi_uidivmod                                  
ffffffff  __binit__                                         
ffffffff  __c_args__                                        
000013ff  __mpu_init                                        
2000026c  __stack                                           
00001819  _args_main                                        
000014c5  _c_int00                                          
20000888  _lock                                             
2000089c  _new_handler                                      
00001853  _nop                                              
0000184b  _register_lock                                    
00001845  _register_unlock                                  
20000670  _sys_memory                                       
000018db  _system_post_cinit                                
000018d7  _system_pre_init                                  
2000088c  _unlock                                           
0000151d  abort                                             
ffffffff  binit                                             
00000ab1  calloc                                            
0000156d  copy_in                                           
00001525  exit                                              
000007ff  free                                              
20000000  g_pfnRAMVectors                                   
00000000  g_pfnVectors                                      
00001137  main                                              
20000898  main_func_sp                                      
00000797  malloc                                            
000009cd  memalign                                          
000011a1  memcpy                                            
00001245  memset                                            
00000709  minit                                             
000008c1  realloc                                           


GLOBAL SYMBOLS: SORTED BY Symbol Address 

address   name                                              
-------   ----                                              
00000000  __TI_static_base__                                
00000000  g_pfnVectors                                      
00000200  __SYSMEM_SIZE                                     
0000026d  UARTStdioConfig                                   
000002b3  UARTwrite                                         
000002f9  UARTgets                                          
000003b3  UARTgetc                                          
000003d9  UARTvprintf                                       
00000400  __STACK_SIZE                                      
000006d3  UARTprintf                                        
00000709  minit                                             
00000797  malloc                                            
000007ff  free                                              
000008c1  realloc                                           
000009cd  memalign                                          
00000ab1  calloc                                            
00000ae5  CANMessageSet                                     
00000c1b  GPIOPadConfigSet                                  
00000d4d  SysCtlClockGet                                    
00000e5d  SysCtlClockSet                                    
00000f51  _ZN6CanBusC1Ev                                    
00000f51  _ZN6CanBusC2Ev                                    
00000f65  _ZN6CanBusD1Ev                                    
00000f65  _ZN6CanBusD2Ev                                    
00000f71  _ZN6CanBusD0Ev                                    
00000f87  _ZN6CanBus17registerInterruptEPFvvE               
00000fa5  _ZN6CanBus9enableCanEv                            
00000fb1  _ZN6CanBus8sendDataEPj                            
00000fe3  _ZN6CanBus7initCANEv                              
0000103d  _ZSt21__gen_dummy_typeinfosv                      
00001045  _ZNSt9type_infoD1Ev                               
00001045  _ZNSt9type_infoD2Ev                               
00001047  _ZNSt9type_infoD0Ev                               
0000104f  _ZNKSt9type_info4nameEv                           
00001053  _ZNKSt9type_infoneERKS_                           
00001069  _ZNKSt9type_infoeqERKS_                           
0000107f  _ZNKSt9type_info6beforeERKS_                      
0000108d  _ZN10__cxxabiv129__pointer_to_member_type_infoD1Ev
0000108d  _ZN10__cxxabiv129__pointer_to_member_type_infoD2Ev
0000108f  _ZN10__cxxabiv129__pointer_to_member_type_infoD0Ev
00001097  _ZN10__cxxabiv123__fundamental_type_infoD1Ev      
00001097  _ZN10__cxxabiv123__fundamental_type_infoD2Ev      
00001099  _ZN10__cxxabiv123__fundamental_type_infoD0Ev      
000010a1  _ZN10__cxxabiv121__vmi_class_type_infoD1Ev        
000010a1  _ZN10__cxxabiv121__vmi_class_type_infoD2Ev        
000010a3  _ZN10__cxxabiv121__vmi_class_type_infoD0Ev        
000010ab  _ZN10__cxxabiv120__si_class_type_infoD1Ev         
000010ab  _ZN10__cxxabiv120__si_class_type_infoD2Ev         
000010ad  _ZN10__cxxabiv120__si_class_type_infoD0Ev         
000010b5  _ZN10__cxxabiv120__function_type_infoD1Ev         
000010b5  _ZN10__cxxabiv120__function_type_infoD2Ev         
000010b7  _ZN10__cxxabiv120__function_type_infoD0Ev         
000010bf  _ZN10__cxxabiv119__pointer_type_infoD1Ev          
000010bf  _ZN10__cxxabiv119__pointer_type_infoD2Ev          
000010c1  _ZN10__cxxabiv119__pointer_type_infoD0Ev          
000010c9  _ZN10__cxxabiv117__pbase_type_infoD1Ev            
000010c9  _ZN10__cxxabiv117__pbase_type_infoD2Ev            
000010cb  _ZN10__cxxabiv117__pbase_type_infoD0Ev            
000010d3  _ZN10__cxxabiv117__class_type_infoD1Ev            
000010d3  _ZN10__cxxabiv117__class_type_infoD2Ev            
000010d5  _ZN10__cxxabiv117__class_type_infoD0Ev            
000010dd  _ZN10__cxxabiv117__array_type_infoD1Ev            
000010dd  _ZN10__cxxabiv117__array_type_infoD2Ev            
000010df  _ZN10__cxxabiv117__array_type_infoD0Ev            
000010e7  _ZN10__cxxabiv116__enum_type_infoD1Ev             
000010e7  _ZN10__cxxabiv116__enum_type_infoD2Ev             
000010e9  _ZN10__cxxabiv116__enum_type_infoD0Ev             
000010f9  _Z11InitConsolev                                  
00001135  _Z10canHandlerv                                   
00001137  main                                              
000011a1  __aeabi_memcpy                                    
000011a1  __aeabi_memcpy4                                   
000011a1  __aeabi_memcpy8                                   
000011a1  memcpy                                            
0000123d  __aeabi_memclr                                    
0000123d  __aeabi_memclr4                                   
0000123d  __aeabi_memclr8                                   
0000123f  __aeabi_memset                                    
0000123f  __aeabi_memset4                                   
0000123f  __aeabi_memset8                                   
00001245  memset                                            
000012b7  __aeabi_idiv0                                     
000012b9  __TI_auto_init                                    
00001329  CANBitRateSet                                     
000013ff  __mpu_init                                        
00001401  IntEnable                                         
000014c5  _c_int00                                          
00001519  C$$EXIT                                           
0000151d  abort                                             
00001525  exit                                              
0000156d  copy_in                                           
000015b9  GPIOPinConfigure                                  
00001601  UARTConfigSetExpClk                               
00001647  __aeabi_uidiv                                     
00001647  __aeabi_uidivmod                                  
00001687  CANInit                                           
000016c1  SysCtlPeripheralPresent                           
000016f9  IntRegister                                       
0000172d  SysCtlPeripheralEnable                            
00001761  _Znwj                                             
00001791  GPIODirModeSet                                    
000017df  _Z21__default_new_handlerv                        
000017e1  UARTDisable                                       
00001801  CANIntRegister                                    
00001819  _args_main                                        
00001831  UARTEnable                                        
00001845  _register_unlock                                  
0000184b  _register_lock                                    
00001853  _nop                                              
00001859  GPIOPinTypeCAN                                    
0000186b  GPIOPinTypeUART                                   
0000187d  __TI_decompress_none                              
0000188b  ResetISR                                          
00001897  CANEnable                                         
000018a1  UARTCharGet                                       
000018ab  UARTCharPut                                       
000018b5  CANIntEnable                                      
000018bd  _ZdlPv                                            
000018c5  SysCtlDelay                                       
000018cb  UARTClockSourceSet                                
000018d1  __TI_decompress_rle24                             
000018d7  _system_pre_init                                  
000018db  _system_post_cinit                                
00001a48  _ZTSN10__cxxabiv123__fundamental_type_infoE       
00001a70  _ZTSN10__cxxabiv120__si_class_type_infoE          
00001a95  _ZTSN10__cxxabiv119__pointer_type_infoE           
00001ab9  _ZTSN10__cxxabiv117__class_type_infoE             
00001adb  _ZTSN10__cxxabiv117__pbase_type_infoE             
00001b1e  _ZTSe                                             
00001b34  _ZTIPKe                                           
00001b44  _ZTV6CanBus                                       
00001b54  _ZTVN10__cxxabiv117__class_type_infoE             
00001b64  _ZTVN10__cxxabiv119__pointer_type_infoE           
00001b74  _ZTVN10__cxxabiv120__si_class_type_infoE          
00001b84  _ZTVN10__cxxabiv123__fundamental_type_infoE       
00001b94  _ZTSSt9type_info                                  
00001ba4  _ZTIN10__cxxabiv117__class_type_infoE             
00001bb0  _ZTIN10__cxxabiv117__pbase_type_infoE             
00001bbc  _ZTIN10__cxxabiv119__pointer_type_infoE           
00001bc8  _ZTIN10__cxxabiv120__si_class_type_infoE          
00001bd4  _ZTIN10__cxxabiv123__fundamental_type_infoE       
00001bf8  _ZTI6CanBus                                       
00001c00  _ZTISt9type_info                                  
00001c08  _ZTIe                                             
00001c10  _ZTS6CanBus                                       
00001c18  _ZTSPKe                                           
00001c64  __TI_Handler_Table_Base                           
00001c6c  __TI_CINIT_Base                                   
00001c6c  __TI_Handler_Table_Limit                          
00001c84  __TI_CINIT_Limit                                  
20000000  g_pfnRAMVectors                                   
2000026c  __stack                                           
2000046c  __STACK_TOP                                       
2000066c  _ZSt16__dummy_typeinfo                            
2000066c  __STACK_END                                       
20000670  _sys_memory                                       
20000870  __TI_cleanup_ptr                                  
20000874  __TI_dtors_ptr                                    
20000878  __TI_enable_exit_profile_output                   
20000888  _lock                                             
2000088c  _unlock                                           
20000898  main_func_sp                                      
2000089c  _new_handler                                      
ffffffff  __TI_pprof_out_hndl                               
ffffffff  __TI_prof_data_size                               
ffffffff  __TI_prof_data_start                              
ffffffff  __binit__                                         
ffffffff  __c_args__                                        
ffffffff  binit                                             
UNDEFED   SHT$$INIT_ARRAY$$Base                             
UNDEFED   SHT$$INIT_ARRAY$$Limit                            

[171 symbols]
