******************************************************************************
                  TI ARM Linker PC v15.12.3                    
******************************************************************************
>> Linked Sat Jul 30 22:43:57 2016

OUTPUT FILE NAME:   <HALClasses.out>
ENTRY POINT SYMBOL: "_c_int00"  address: 00001529


MEMORY CONFIGURATION

         name            origin    length      used     unused   attr    fill
----------------------  --------  ---------  --------  --------  ----  --------
  FLASH                 00000000   00040000  00001d6a  0003e296  R  X
  SRAM                  20000000   00008000  000008a8  00007758  RW X


SEGMENT ALLOCATION MAP

run origin  load origin   length   init length attrs members
----------  ----------- ---------- ----------- ----- -------
00000000    00000000    00001d6c   00001d6c    r-x
  00000000    00000000    0000026c   0000026c    r-- .intvecs
  0000026c    0000026c    00001756   00001756    r-x .text
  000019c4    000019c4    00000344   00000344    r-- .const
  00001d08    00001d08    00000064   00000064    r-- .cinit
20000000    20000000    000008a8   00000000    rw-
  20000000    20000000    0000026c   00000000    rw- .vtable
  2000026c    2000026c    00000400   00000000    rw- .stack
  2000066c    2000066c    00000004   00000000    rw- .bss
  20000670    20000670    00000200   00000000    rw- .sysmem
  20000870    20000870    00000038   00000000    rw- .data


SECTION ALLOCATION MAP

 output                                  attributes/
section   page    origin      length       input sections
--------  ----  ----------  ----------   ----------------
.intvecs   0    00000000    0000026c     
                  00000000    0000026c     tm4c123gh6pm_startup_ccs.obj (.intvecs)

.text      0    0000026c    00001756     
                  0000026c    0000049c     uartstdio.obj (.text)
                  00000708    000003dc     rtsv7M4_T_le_v4SPD16_eabi.lib : memory.obj (.text)
                  00000ae4    00000136     driverlib.lib : can.obj (.text:CANMessageSet)
                  00000c1a    00000132                   : gpio.obj (.text:GPIOPadConfigSet)
                  00000d4c    00000110                   : sysctl.obj (.text:SysCtlClockGet)
                  00000e5c    0000010c     main.obj (.text)
                  00000f68    000000f4     driverlib.lib : sysctl.obj (.text:SysCtlClockSet)
                  0000105c    000000ec     CanBus.obj (.text)
                  00001148    000000bc     rtsv7M4_T_le_v4SPD16_eabi.lib : typeinfo_.obj (.text)
                  00001204    0000009c                                   : memcpy_t2.obj (.text)
                  000012a0    0000007a                                   : memset_t2.obj (.text)
                  0000131a    00000002                                   : i_div0.obj (.text)
                  0000131c    00000070                                   : autoinit.obj (.text)
                  0000138c    0000006c     driverlib.lib : can.obj (.text:CANBitRateSet)
                  000013f8    0000006a     rtsv7M4_T_le_v4SPD16_eabi.lib : copy_decompress_rle.obj (.text)
                  00001462    00000002                                   : mpu_init.obj (.text)
                  00001464    00000068     driverlib.lib : interrupt.obj (.text:IntEnable)
                  000014cc    0000005c                   : can.obj (.text:_CANIntNumberGet)
                  00001528    00000054     rtsv7M4_T_le_v4SPD16_eabi.lib : boot.obj (.text)
                  0000157c    00000054                                   : exit.obj (.text)
                  000015d0    0000004c                                   : cpy_tbl.obj (.text)
                  0000161c    00000048     driverlib.lib : gpio.obj (.text:GPIOPinConfigure)
                  00001664    00000046                   : uart.obj (.text:UARTConfigSetExpClk)
                  000016aa    00000040                   : can.obj (.text:CANStatusGet)
                  000016ea    00000040     rtsv7M4_T_le_v4SPD16_eabi.lib : u_divt2.obj (.text)
                  0000172a    0000003a     driverlib.lib : can.obj (.text:CANInit)
                  00001764    00000038                   : sysctl.obj (.text:SysCtlPeripheralPresent)
                  0000179c    00000034                   : interrupt.obj (.text:IntRegister)
                  000017d0    00000034                   : sysctl.obj (.text:SysCtlPeripheralEnable)
                  00001804    00000030     rtsv7M4_T_le_v4SPD16_eabi.lib : new_.obj (.text)
                  00001834    0000002a     driverlib.lib : gpio.obj (.text:GPIODirModeSet)
                  0000185e    00000024                   : can.obj (.text:_CANDataRegWrite)
                  00001882    00000022                   : can.obj (.text:CANIntClear)
                  000018a4    00000020                   : can.obj (.text:CANIntStatus)
                  000018c4    00000020                   : uart.obj (.text:UARTDisable)
                  000018e4    00000018                   : can.obj (.text:CANIntRegister)
                  000018fc    00000018     rtsv7M4_T_le_v4SPD16_eabi.lib : args_main.obj (.text)
                  00001914    00000014     driverlib.lib : uart.obj (.text:UARTEnable)
                  00001928    00000014     rtsv7M4_T_le_v4SPD16_eabi.lib : _lock.obj (.text)
                  0000193c    00000012     driverlib.lib : gpio.obj (.text:GPIOPinTypeCAN)
                  0000194e    00000012                   : gpio.obj (.text:GPIOPinTypeUART)
                  00001960    0000000e     rtsv7M4_T_le_v4SPD16_eabi.lib : copy_decompress_none.obj (.text:decompress:none)
                  0000196e    0000000c     tm4c123gh6pm_startup_ccs.obj (.text)
                  0000197a    0000000a     driverlib.lib : can.obj (.text:CANEnable)
                  00001984    0000000a                   : uart.obj (.text:UARTCharGet)
                  0000198e    0000000a                   : uart.obj (.text:UARTCharPut)
                  00001998    00000008                   : can.obj (.text:CANIntEnable)
                  000019a0    00000008     rtsv7M4_T_le_v4SPD16_eabi.lib : delete.obj (.text)
                  000019a8    00000006     driverlib.lib : sysctl.obj (.text:SysCtlDelay)
                  000019ae    00000006                   : uart.obj (.text:UARTClockSourceSet)
                  000019b4    00000006     rtsv7M4_T_le_v4SPD16_eabi.lib : copy_decompress_rle.obj (.text:decompress:rle24)
                  000019ba    00000004                                   : pre_init.obj (.text)
                  000019be    00000002                                   : newhandler.obj (.text)
                  000019c0    00000002                                   : startup.obj (.text)

.const     0    000019c4    00000344     
                  000019c4    00000090     driverlib.lib : gpio.obj (.const:g_pui32GPIOBaseAddrs)
                  00001a54    00000070                   : interrupt.obj (.const)
                  00001ac4    0000006c                   : sysctl.obj (.const:g_pui32Xtals)
                  00001b30    00000028     rtsv7M4_T_le_v4SPD16_eabi.lib : typeinfo_.obj (.const:.typeinfo:_ZTSN10__cxxabiv123__fundamental_type_infoE)
                  00001b58    00000025                                   : typeinfo_.obj (.const:.typeinfo:_ZTSN10__cxxabiv120__si_class_type_infoE)
                  00001b7d    00000024                                   : typeinfo_.obj (.const:.typeinfo:_ZTSN10__cxxabiv119__pointer_type_infoE)
                  00001ba1    00000022                                   : typeinfo_.obj (.const:.typeinfo:_ZTSN10__cxxabiv117__class_type_infoE)
                  00001bc3    00000022                                   : typeinfo_.obj (.const:.typeinfo:_ZTSN10__cxxabiv117__pbase_type_infoE)
                  00001be5    00000001     --HOLE-- [fill = 0]
                  00001be6    00000020     driverlib.lib : can.obj (.const)
                  00001c06    00000002     rtsv7M4_T_le_v4SPD16_eabi.lib : typeinfo_.obj (.const:.typeinfo:_ZTSe)
                  00001c08    00000012     uartstdio.obj (.const:.string)
                  00001c1a    00000002     --HOLE-- [fill = 0]
                  00001c1c    00000010     rtsv7M4_T_le_v4SPD16_eabi.lib : typeinfo_.obj (.const:.typeinfo:_ZTIPKe)
                  00001c2c    00000010     CanBus.obj (.const:_ZTV6CanBus)
                  00001c3c    00000010     rtsv7M4_T_le_v4SPD16_eabi.lib : typeinfo_.obj (.const:_ZTVN10__cxxabiv117__class_type_infoE)
                  00001c4c    00000010                                   : typeinfo_.obj (.const:_ZTVN10__cxxabiv119__pointer_type_infoE)
                  00001c5c    00000010                                   : typeinfo_.obj (.const:_ZTVN10__cxxabiv120__si_class_type_infoE)
                  00001c6c    00000010                                   : typeinfo_.obj (.const:_ZTVN10__cxxabiv123__fundamental_type_infoE)
                  00001c7c    0000000d                                   : typeinfo_.obj (.const:.typeinfo:_ZTSSt9type_info)
                  00001c89    00000003     --HOLE-- [fill = 0]
                  00001c8c    0000000c                                   : typeinfo_.obj (.const:.typeinfo:_ZTIN10__cxxabiv117__class_type_infoE)
                  00001c98    0000000c                                   : typeinfo_.obj (.const:.typeinfo:_ZTIN10__cxxabiv117__pbase_type_infoE)
                  00001ca4    0000000c                                   : typeinfo_.obj (.const:.typeinfo:_ZTIN10__cxxabiv119__pointer_type_infoE)
                  00001cb0    0000000c                                   : typeinfo_.obj (.const:.typeinfo:_ZTIN10__cxxabiv120__si_class_type_infoE)
                  00001cbc    0000000c                                   : typeinfo_.obj (.const:.typeinfo:_ZTIN10__cxxabiv123__fundamental_type_infoE)
                  00001cc8    0000000c     uartstdio.obj (.const:g_ui32UARTBase)
                  00001cd4    0000000c     uartstdio.obj (.const:g_ui32UARTPeriph)
                  00001ce0    00000008     CanBus.obj (.const:.typeinfo:_ZTI6CanBus)
                  00001ce8    00000008     rtsv7M4_T_le_v4SPD16_eabi.lib : typeinfo_.obj (.const:.typeinfo:_ZTISt9type_info)
                  00001cf0    00000008                                   : typeinfo_.obj (.const:.typeinfo:_ZTIe)
                  00001cf8    00000008     CanBus.obj (.const:.typeinfo:_ZTS6CanBus)
                  00001d00    00000004     rtsv7M4_T_le_v4SPD16_eabi.lib : typeinfo_.obj (.const:.typeinfo:_ZTSPKe)
                  00001d04    00000004     uartstdio.obj (.const)

.cinit     0    00001d08    00000064     
                  00001d08    00000027     (.cinit..data.load) [load image, compression = rle]
                  00001d2f    00000001     --HOLE-- [fill = 0]
                  00001d30    0000000b     (.cinit..vtable.load) [load image, compression = rle]
                  00001d3b    00000005     --HOLE-- [fill = 0]
                  00001d40    00000009     (.cinit..bss.load) [load image, compression = rle]
                  00001d49    00000003     --HOLE-- [fill = 0]
                  00001d4c    00000008     (__TI_handler_table)
                  00001d54    00000018     (__TI_cinit_table)

.init_array 
*          0    00000000    00000000     UNINITIALIZED

.vtable    0    20000000    0000026c     UNINITIALIZED
                  20000000    0000026c     driverlib.lib : interrupt.obj (.vtable)

.stack     0    2000026c    00000400     UNINITIALIZED
                  2000026c    00000400     --HOLE--

.bss       0    2000066c    00000004     UNINITIALIZED
                  2000066c    00000004     (.common:_ZSt16__dummy_typeinfo)

.sysmem    0    20000670    00000200     UNINITIALIZED
                  20000670    00000008     rtsv7M4_T_le_v4SPD16_eabi.lib : memory.obj (.sysmem)
                  20000678    000001f8     --HOLE--

.data      0    20000870    00000038     UNINITIALIZED
                  20000870    0000000c     rtsv7M4_T_le_v4SPD16_eabi.lib : exit.obj (.data:$O1$$)
                  2000087c    0000000c                                   : memory.obj (.data:$O1$$)
                  20000888    00000008                                   : _lock.obj (.data:$O1$$)
                  20000890    00000008     main.obj (.data)
                  20000898    00000005     uartstdio.obj (.data)
                  2000089d    00000003     --HOLE--
                  200008a0    00000004     rtsv7M4_T_le_v4SPD16_eabi.lib : stkdepth_vars.obj (.data)
                  200008a4    00000004                                   : vars.obj (.data)

MODULE SUMMARY

       Module                         code   ro data   rw data
       ------                         ----   -------   -------
    .\
       tm4c123gh6pm_startup_ccs.obj   12     620       0      
       main.obj                       268    0         8      
    +--+------------------------------+------+---------+---------+
       Total:                         280    620       8      
                                                              
    .\MainBus\
       CanBus.obj                     236    32        0      
    +--+------------------------------+------+---------+---------+
       Total:                         236    32        0      
                                                              
    .\utils\
       uartstdio.obj                  1180   46        5      
    +--+------------------------------+------+---------+---------+
       Total:                         1180   46        5      
                                                              
    C:\ti\TivaWare_C_Series-2.1.2.111\driverlib\ccs\Debug\driverlib.lib
       interrupt.obj                  156    112       620    
       can.obj                        776    32        0      
       sysctl.obj                     630    108       0      
       gpio.obj                       456    144       0      
       uart.obj                       148    0         0      
    +--+------------------------------+------+---------+---------+
       Total:                         2166   396       620    
                                                              
    C:\ti\ccsv6\tools\compiler\arm_15.12.3.LTS\lib\rtsv7M4_T_le_v4SPD16_eabi.lib
       memory.obj                     988    0         12     
       typeinfo_.obj                  188    356       4      
       memcpy_t2.obj                  156    0         0      
       memset_t2.obj                  122    0         0      
       autoinit.obj                   112    0         0      
       copy_decompress_rle.obj        112    0         0      
       exit.obj                       84     0         12     
       boot.obj                       84     0         0      
       cpy_tbl.obj                    76     0         0      
       u_divt2.obj                    64     0         0      
       new_.obj                       48     0         0      
       _lock.obj                      20     0         8      
       args_main.obj                  24     0         0      
       copy_decompress_none.obj       14     0         0      
       delete.obj                     8      0         0      
       pre_init.obj                   4      0         0      
       stkdepth_vars.obj              0      0         4      
       vars.obj                       0      0         4      
       i_div0.obj                     2      0         0      
       mpu_init.obj                   2      0         0      
       newhandler.obj                 2      0         0      
       startup.obj                    2      0         0      
    +--+------------------------------+------+---------+---------+
       Total:                         2112   356       44     
                                                              
       Heap:                          0      0         512    
       Stack:                         0      0         1024   
       Linker Generated:              0      91        0      
    +--+------------------------------+------+---------+---------+
       Grand Total:                   5974   1541      2213   


LINKER GENERATED COPY TABLES

__TI_cinit_table @ 00001d54 records: 3, size/record: 8, table size: 24
	.data: load addr=00001d08, load size=00000027 bytes, run addr=20000870, run size=00000038 bytes, compression=rle
	.vtable: load addr=00001d30, load size=0000000b bytes, run addr=20000000, run size=0000026c bytes, compression=rle
	.bss: load addr=00001d40, load size=00000009 bytes, run addr=2000066c, run size=00000004 bytes, compression=rle


LINKER GENERATED HANDLER TABLE

__TI_handler_table @ 00001d4c records: 2, size/record: 4, table size: 8
	index: 0, handler: __TI_decompress_rle24
	index: 1, handler: __TI_decompress_none


GLOBAL SYMBOLS: SORTED ALPHABETICALLY BY Name 

address   name                                              
-------   ----                                              
0000157d  C$$EXIT                                           
0000138d  CANBitRateSet                                     
0000197b  CANEnable                                         
0000172b  CANInit                                           
00001883  CANIntClear                                       
00001999  CANIntEnable                                      
000018e5  CANIntRegister                                    
000018a5  CANIntStatus                                      
00000ae5  CANMessageSet                                     
000016ab  CANStatusGet                                      
00001835  GPIODirModeSet                                    
00000c1b  GPIOPadConfigSet                                  
0000161d  GPIOPinConfigure                                  
0000193d  GPIOPinTypeCAN                                    
0000194f  GPIOPinTypeUART                                   
00001465  IntEnable                                         
0000179d  IntRegister                                       
0000196f  ResetISR                                          
UNDEFED   SHT$$INIT_ARRAY$$Base                             
UNDEFED   SHT$$INIT_ARRAY$$Limit                            
00000d4d  SysCtlClockGet                                    
00000f69  SysCtlClockSet                                    
000019a9  SysCtlDelay                                       
000017d1  SysCtlPeripheralEnable                            
00001765  SysCtlPeripheralPresent                           
00001985  UARTCharGet                                       
0000198f  UARTCharPut                                       
000019af  UARTClockSourceSet                                
00001665  UARTConfigSetExpClk                               
000018c5  UARTDisable                                       
00001915  UARTEnable                                        
0000026d  UARTStdioConfig                                   
000003b3  UARTgetc                                          
000002f9  UARTgets                                          
000006d3  UARTprintf                                        
000003d9  UARTvprintf                                       
000002b3  UARTwrite                                         
00000e99  _Z10canHandlerv                                   
00000e5d  _Z11InitConsolev                                  
00000edf  _Z11SimpleDelayv                                  
000019bf  _Z21__default_new_handlerv                        
000011f5  _ZN10__cxxabiv116__enum_type_infoD0Ev             
000011f3  _ZN10__cxxabiv116__enum_type_infoD1Ev             
000011f3  _ZN10__cxxabiv116__enum_type_infoD2Ev             
000011eb  _ZN10__cxxabiv117__array_type_infoD0Ev            
000011e9  _ZN10__cxxabiv117__array_type_infoD1Ev            
000011e9  _ZN10__cxxabiv117__array_type_infoD2Ev            
000011e1  _ZN10__cxxabiv117__class_type_infoD0Ev            
000011df  _ZN10__cxxabiv117__class_type_infoD1Ev            
000011df  _ZN10__cxxabiv117__class_type_infoD2Ev            
000011d7  _ZN10__cxxabiv117__pbase_type_infoD0Ev            
000011d5  _ZN10__cxxabiv117__pbase_type_infoD1Ev            
000011d5  _ZN10__cxxabiv117__pbase_type_infoD2Ev            
000011cd  _ZN10__cxxabiv119__pointer_type_infoD0Ev          
000011cb  _ZN10__cxxabiv119__pointer_type_infoD1Ev          
000011cb  _ZN10__cxxabiv119__pointer_type_infoD2Ev          
000011c3  _ZN10__cxxabiv120__function_type_infoD0Ev         
000011c1  _ZN10__cxxabiv120__function_type_infoD1Ev         
000011c1  _ZN10__cxxabiv120__function_type_infoD2Ev         
000011b9  _ZN10__cxxabiv120__si_class_type_infoD0Ev         
000011b7  _ZN10__cxxabiv120__si_class_type_infoD1Ev         
000011b7  _ZN10__cxxabiv120__si_class_type_infoD2Ev         
000011af  _ZN10__cxxabiv121__vmi_class_type_infoD0Ev        
000011ad  _ZN10__cxxabiv121__vmi_class_type_infoD1Ev        
000011ad  _ZN10__cxxabiv121__vmi_class_type_infoD2Ev        
000011a5  _ZN10__cxxabiv123__fundamental_type_infoD0Ev      
000011a3  _ZN10__cxxabiv123__fundamental_type_infoD1Ev      
000011a3  _ZN10__cxxabiv123__fundamental_type_infoD2Ev      
0000119b  _ZN10__cxxabiv129__pointer_to_member_type_infoD0Ev
00001199  _ZN10__cxxabiv129__pointer_to_member_type_infoD1Ev
00001199  _ZN10__cxxabiv129__pointer_to_member_type_infoD2Ev
00001093  _ZN6CanBus17registerInterruptEPFvvE               
000010ef  _ZN6CanBus7initCANEv                              
000010bd  _ZN6CanBus8sendDataEPj                            
000010b1  _ZN6CanBus9enableCANEv                            
0000105d  _ZN6CanBusC1Ev                                    
0000105d  _ZN6CanBusC2Ev                                    
0000107d  _ZN6CanBusD0Ev                                    
00001071  _ZN6CanBusD1Ev                                    
00001071  _ZN6CanBusD2Ev                                    
0000115b  _ZNKSt9type_info4nameEv                           
0000118b  _ZNKSt9type_info6beforeERKS_                      
00001175  _ZNKSt9type_infoeqERKS_                           
0000115f  _ZNKSt9type_infoneERKS_                           
00001153  _ZNSt9type_infoD0Ev                               
00001151  _ZNSt9type_infoD1Ev                               
00001151  _ZNSt9type_infoD2Ev                               
2000066c  _ZSt16__dummy_typeinfo                            
00001149  _ZSt21__gen_dummy_typeinfosv                      
00001ce0  _ZTI6CanBus                                       
00001c8c  _ZTIN10__cxxabiv117__class_type_infoE             
00001c98  _ZTIN10__cxxabiv117__pbase_type_infoE             
00001ca4  _ZTIN10__cxxabiv119__pointer_type_infoE           
00001cb0  _ZTIN10__cxxabiv120__si_class_type_infoE          
00001cbc  _ZTIN10__cxxabiv123__fundamental_type_infoE       
00001c1c  _ZTIPKe                                           
00001ce8  _ZTISt9type_info                                  
00001cf0  _ZTIe                                             
00001cf8  _ZTS6CanBus                                       
00001ba1  _ZTSN10__cxxabiv117__class_type_infoE             
00001bc3  _ZTSN10__cxxabiv117__pbase_type_infoE             
00001b7d  _ZTSN10__cxxabiv119__pointer_type_infoE           
00001b58  _ZTSN10__cxxabiv120__si_class_type_infoE          
00001b30  _ZTSN10__cxxabiv123__fundamental_type_infoE       
00001d00  _ZTSPKe                                           
00001c7c  _ZTSSt9type_info                                  
00001c06  _ZTSe                                             
00001c2c  _ZTV6CanBus                                       
00001c3c  _ZTVN10__cxxabiv117__class_type_infoE             
00001c4c  _ZTVN10__cxxabiv119__pointer_type_infoE           
00001c5c  _ZTVN10__cxxabiv120__si_class_type_infoE          
00001c6c  _ZTVN10__cxxabiv123__fundamental_type_infoE       
000019a1  _ZdlPv                                            
00001805  _Znwj                                             
2000066c  __STACK_END                                       
00000400  __STACK_SIZE                                      
2000046c  __STACK_TOP                                       
00000200  __SYSMEM_SIZE                                     
00001d54  __TI_CINIT_Base                                   
00001d6c  __TI_CINIT_Limit                                  
00001d4c  __TI_Handler_Table_Base                           
00001d54  __TI_Handler_Table_Limit                          
0000131d  __TI_auto_init                                    
20000870  __TI_cleanup_ptr                                  
00001961  __TI_decompress_none                              
000019b5  __TI_decompress_rle24                             
20000874  __TI_dtors_ptr                                    
20000878  __TI_enable_exit_profile_output                   
ffffffff  __TI_pprof_out_hndl                               
ffffffff  __TI_prof_data_size                               
ffffffff  __TI_prof_data_start                              
00000000  __TI_static_base__                                
0000131b  __aeabi_idiv0                                     
000012a1  __aeabi_memclr                                    
000012a1  __aeabi_memclr4                                   
000012a1  __aeabi_memclr8                                   
00001205  __aeabi_memcpy                                    
00001205  __aeabi_memcpy4                                   
00001205  __aeabi_memcpy8                                   
000012a3  __aeabi_memset                                    
000012a3  __aeabi_memset4                                   
000012a3  __aeabi_memset8                                   
000016eb  __aeabi_uidiv                                     
000016eb  __aeabi_uidivmod                                  
ffffffff  __binit__                                         
ffffffff  __c_args__                                        
00001463  __mpu_init                                        
2000026c  __stack                                           
000018fd  _args_main                                        
00001529  _c_int00                                          
20000888  _lock                                             
200008a4  _new_handler                                      
00001937  _nop                                              
0000192f  _register_lock                                    
00001929  _register_unlock                                  
20000670  _sys_memory                                       
000019c1  _system_post_cinit                                
000019bb  _system_pre_init                                  
2000088c  _unlock                                           
00001581  abort                                             
ffffffff  binit                                             
00000ab1  calloc                                            
000015d1  copy_in                                           
00001589  exit                                              
000007ff  free                                              
20000890  g_bErrFlag                                        
20000000  g_pfnRAMVectors                                   
00000000  g_pfnVectors                                      
20000894  g_ui32MsgCount                                    
00000ee9  main                                              
200008a0  main_func_sp                                      
00000797  malloc                                            
000009cd  memalign                                          
00001205  memcpy                                            
000012a9  memset                                            
00000709  minit                                             
000008c1  realloc                                           


GLOBAL SYMBOLS: SORTED BY Symbol Address 

address   name                                              
-------   ----                                              
00000000  __TI_static_base__                                
00000000  g_pfnVectors                                      
00000200  __SYSMEM_SIZE                                     
0000026d  UARTStdioConfig                                   
000002b3  UARTwrite                                         
000002f9  UARTgets                                          
000003b3  UARTgetc                                          
000003d9  UARTvprintf                                       
00000400  __STACK_SIZE                                      
000006d3  UARTprintf                                        
00000709  minit                                             
00000797  malloc                                            
000007ff  free                                              
000008c1  realloc                                           
000009cd  memalign                                          
00000ab1  calloc                                            
00000ae5  CANMessageSet                                     
00000c1b  GPIOPadConfigSet                                  
00000d4d  SysCtlClockGet                                    
00000e5d  _Z11InitConsolev                                  
00000e99  _Z10canHandlerv                                   
00000edf  _Z11SimpleDelayv                                  
00000ee9  main                                              
00000f69  SysCtlClockSet                                    
0000105d  _ZN6CanBusC1Ev                                    
0000105d  _ZN6CanBusC2Ev                                    
00001071  _ZN6CanBusD1Ev                                    
00001071  _ZN6CanBusD2Ev                                    
0000107d  _ZN6CanBusD0Ev                                    
00001093  _ZN6CanBus17registerInterruptEPFvvE               
000010b1  _ZN6CanBus9enableCANEv                            
000010bd  _ZN6CanBus8sendDataEPj                            
000010ef  _ZN6CanBus7initCANEv                              
00001149  _ZSt21__gen_dummy_typeinfosv                      
00001151  _ZNSt9type_infoD1Ev                               
00001151  _ZNSt9type_infoD2Ev                               
00001153  _ZNSt9type_infoD0Ev                               
0000115b  _ZNKSt9type_info4nameEv                           
0000115f  _ZNKSt9type_infoneERKS_                           
00001175  _ZNKSt9type_infoeqERKS_                           
0000118b  _ZNKSt9type_info6beforeERKS_                      
00001199  _ZN10__cxxabiv129__pointer_to_member_type_infoD1Ev
00001199  _ZN10__cxxabiv129__pointer_to_member_type_infoD2Ev
0000119b  _ZN10__cxxabiv129__pointer_to_member_type_infoD0Ev
000011a3  _ZN10__cxxabiv123__fundamental_type_infoD1Ev      
000011a3  _ZN10__cxxabiv123__fundamental_type_infoD2Ev      
000011a5  _ZN10__cxxabiv123__fundamental_type_infoD0Ev      
000011ad  _ZN10__cxxabiv121__vmi_class_type_infoD1Ev        
000011ad  _ZN10__cxxabiv121__vmi_class_type_infoD2Ev        
000011af  _ZN10__cxxabiv121__vmi_class_type_infoD0Ev        
000011b7  _ZN10__cxxabiv120__si_class_type_infoD1Ev         
000011b7  _ZN10__cxxabiv120__si_class_type_infoD2Ev         
000011b9  _ZN10__cxxabiv120__si_class_type_infoD0Ev         
000011c1  _ZN10__cxxabiv120__function_type_infoD1Ev         
000011c1  _ZN10__cxxabiv120__function_type_infoD2Ev         
000011c3  _ZN10__cxxabiv120__function_type_infoD0Ev         
000011cb  _ZN10__cxxabiv119__pointer_type_infoD1Ev          
000011cb  _ZN10__cxxabiv119__pointer_type_infoD2Ev          
000011cd  _ZN10__cxxabiv119__pointer_type_infoD0Ev          
000011d5  _ZN10__cxxabiv117__pbase_type_infoD1Ev            
000011d5  _ZN10__cxxabiv117__pbase_type_infoD2Ev            
000011d7  _ZN10__cxxabiv117__pbase_type_infoD0Ev            
000011df  _ZN10__cxxabiv117__class_type_infoD1Ev            
000011df  _ZN10__cxxabiv117__class_type_infoD2Ev            
000011e1  _ZN10__cxxabiv117__class_type_infoD0Ev            
000011e9  _ZN10__cxxabiv117__array_type_infoD1Ev            
000011e9  _ZN10__cxxabiv117__array_type_infoD2Ev            
000011eb  _ZN10__cxxabiv117__array_type_infoD0Ev            
000011f3  _ZN10__cxxabiv116__enum_type_infoD1Ev             
000011f3  _ZN10__cxxabiv116__enum_type_infoD2Ev             
000011f5  _ZN10__cxxabiv116__enum_type_infoD0Ev             
00001205  __aeabi_memcpy                                    
00001205  __aeabi_memcpy4                                   
00001205  __aeabi_memcpy8                                   
00001205  memcpy                                            
000012a1  __aeabi_memclr                                    
000012a1  __aeabi_memclr4                                   
000012a1  __aeabi_memclr8                                   
000012a3  __aeabi_memset                                    
000012a3  __aeabi_memset4                                   
000012a3  __aeabi_memset8                                   
000012a9  memset                                            
0000131b  __aeabi_idiv0                                     
0000131d  __TI_auto_init                                    
0000138d  CANBitRateSet                                     
00001463  __mpu_init                                        
00001465  IntEnable                                         
00001529  _c_int00                                          
0000157d  C$$EXIT                                           
00001581  abort                                             
00001589  exit                                              
000015d1  copy_in                                           
0000161d  GPIOPinConfigure                                  
00001665  UARTConfigSetExpClk                               
000016ab  CANStatusGet                                      
000016eb  __aeabi_uidiv                                     
000016eb  __aeabi_uidivmod                                  
0000172b  CANInit                                           
00001765  SysCtlPeripheralPresent                           
0000179d  IntRegister                                       
000017d1  SysCtlPeripheralEnable                            
00001805  _Znwj                                             
00001835  GPIODirModeSet                                    
00001883  CANIntClear                                       
000018a5  CANIntStatus                                      
000018c5  UARTDisable                                       
000018e5  CANIntRegister                                    
000018fd  _args_main                                        
00001915  UARTEnable                                        
00001929  _register_unlock                                  
0000192f  _register_lock                                    
00001937  _nop                                              
0000193d  GPIOPinTypeCAN                                    
0000194f  GPIOPinTypeUART                                   
00001961  __TI_decompress_none                              
0000196f  ResetISR                                          
0000197b  CANEnable                                         
00001985  UARTCharGet                                       
0000198f  UARTCharPut                                       
00001999  CANIntEnable                                      
000019a1  _ZdlPv                                            
000019a9  SysCtlDelay                                       
000019af  UARTClockSourceSet                                
000019b5  __TI_decompress_rle24                             
000019bb  _system_pre_init                                  
000019bf  _Z21__default_new_handlerv                        
000019c1  _system_post_cinit                                
00001b30  _ZTSN10__cxxabiv123__fundamental_type_infoE       
00001b58  _ZTSN10__cxxabiv120__si_class_type_infoE          
00001b7d  _ZTSN10__cxxabiv119__pointer_type_infoE           
00001ba1  _ZTSN10__cxxabiv117__class_type_infoE             
00001bc3  _ZTSN10__cxxabiv117__pbase_type_infoE             
00001c06  _ZTSe                                             
00001c1c  _ZTIPKe                                           
00001c2c  _ZTV6CanBus                                       
00001c3c  _ZTVN10__cxxabiv117__class_type_infoE             
00001c4c  _ZTVN10__cxxabiv119__pointer_type_infoE           
00001c5c  _ZTVN10__cxxabiv120__si_class_type_infoE          
00001c6c  _ZTVN10__cxxabiv123__fundamental_type_infoE       
00001c7c  _ZTSSt9type_info                                  
00001c8c  _ZTIN10__cxxabiv117__class_type_infoE             
00001c98  _ZTIN10__cxxabiv117__pbase_type_infoE             
00001ca4  _ZTIN10__cxxabiv119__pointer_type_infoE           
00001cb0  _ZTIN10__cxxabiv120__si_class_type_infoE          
00001cbc  _ZTIN10__cxxabiv123__fundamental_type_infoE       
00001ce0  _ZTI6CanBus                                       
00001ce8  _ZTISt9type_info                                  
00001cf0  _ZTIe                                             
00001cf8  _ZTS6CanBus                                       
00001d00  _ZTSPKe                                           
00001d4c  __TI_Handler_Table_Base                           
00001d54  __TI_CINIT_Base                                   
00001d54  __TI_Handler_Table_Limit                          
00001d6c  __TI_CINIT_Limit                                  
20000000  g_pfnRAMVectors                                   
2000026c  __stack                                           
2000046c  __STACK_TOP                                       
2000066c  _ZSt16__dummy_typeinfo                            
2000066c  __STACK_END                                       
20000670  _sys_memory                                       
20000870  __TI_cleanup_ptr                                  
20000874  __TI_dtors_ptr                                    
20000878  __TI_enable_exit_profile_output                   
20000888  _lock                                             
2000088c  _unlock                                           
20000890  g_bErrFlag                                        
20000894  g_ui32MsgCount                                    
200008a0  main_func_sp                                      
200008a4  _new_handler                                      
ffffffff  __TI_pprof_out_hndl                               
ffffffff  __TI_prof_data_size                               
ffffffff  __TI_prof_data_start                              
ffffffff  __binit__                                         
ffffffff  __c_args__                                        
ffffffff  binit                                             
UNDEFED   SHT$$INIT_ARRAY$$Base                             
UNDEFED   SHT$$INIT_ARRAY$$Limit                            

[177 symbols]
