<?xml version="1.0"?>
<link_info>
   <banner>TI ARM Linker PC v15.12.3.LTS</banner>
   <copyright>Copyright (c) 1996-2015 Texas Instruments Incorporated</copyright>
   <link_time>0x579ce055</link_time>
   <link_errors>0x0</link_errors>
   <output_file>HALClasses.out</output_file>
   <entry_point>
      <name>_c_int00</name>
      <address>0x1529</address>
   </entry_point>
   <input_file_list>
      <input_file id="fl-2">
         <path>.\</path>
         <kind>object</kind>
         <file>main.obj</file>
         <name>main.obj</name>
      </input_file>
      <input_file id="fl-3">
         <path>.\</path>
         <kind>object</kind>
         <file>tm4c123gh6pm_startup_ccs.obj</file>
         <name>tm4c123gh6pm_startup_ccs.obj</name>
      </input_file>
      <input_file id="fl-4">
         <path>.\utils\</path>
         <kind>object</kind>
         <file>uartstdio.obj</file>
         <name>uartstdio.obj</name>
      </input_file>
      <input_file id="fl-5">
         <path>.\MotorDriver\</path>
         <kind>object</kind>
         <file>MotorDriver.obj</file>
         <name>MotorDriver.obj</name>
      </input_file>
      <input_file id="fl-6">
         <path>.\MotorDriver\</path>
         <kind>object</kind>
         <file>MotorDriver5015a.obj</file>
         <name>MotorDriver5015a.obj</name>
      </input_file>
      <input_file id="fl-7">
         <path>.\MainBus\</path>
         <kind>object</kind>
         <file>CanBus.obj</file>
         <name>CanBus.obj</name>
      </input_file>
      <input_file id="fl-8">
         <path>.\MainBus\</path>
         <kind>object</kind>
         <file>MainBus.obj</file>
         <name>MainBus.obj</name>
      </input_file>
      <input_file id="fl-9">
         <path>.\ForceSensor\</path>
         <kind>object</kind>
         <file>CurrentForceSensor.obj</file>
         <name>CurrentForceSensor.obj</name>
      </input_file>
      <input_file id="fl-a">
         <path>.\ForceSensor\</path>
         <kind>object</kind>
         <file>ForceSensor.obj</file>
         <name>ForceSensor.obj</name>
      </input_file>
      <input_file id="fl-b">
         <path>.\Encoder\</path>
         <kind>object</kind>
         <file>AMSPositionEncoder.obj</file>
         <name>AMSPositionEncoder.obj</name>
      </input_file>
      <input_file id="fl-c">
         <path>.\Encoder\</path>
         <kind>object</kind>
         <file>PositionEncoder.obj</file>
         <name>PositionEncoder.obj</name>
      </input_file>
      <input_file id="fl-c7">
         <path>C:\ti\ccsv6\tools\compiler\arm_15.12.3.LTS\lib\</path>
         <kind>archive</kind>
         <file>rtsv7M4_T_le_v4SPD16_eabi.lib</file>
         <name>boot.obj</name>
      </input_file>
      <input_file id="fl-c8">
         <path>C:\ti\ccsv6\tools\compiler\arm_15.12.3.LTS\lib\</path>
         <kind>archive</kind>
         <file>rtsv7M4_T_le_v4SPD16_eabi.lib</file>
         <name>copy_decompress_none.obj</name>
      </input_file>
      <input_file id="fl-c9">
         <path>C:\ti\ccsv6\tools\compiler\arm_15.12.3.LTS\lib\</path>
         <kind>archive</kind>
         <file>rtsv7M4_T_le_v4SPD16_eabi.lib</file>
         <name>copy_decompress_rle.obj</name>
      </input_file>
      <input_file id="fl-ca">
         <path>C:\ti\ccsv6\tools\compiler\arm_15.12.3.LTS\lib\</path>
         <kind>archive</kind>
         <file>rtsv7M4_T_le_v4SPD16_eabi.lib</file>
         <name>copy_zero_init.obj</name>
      </input_file>
      <input_file id="fl-cb">
         <path>C:\ti\ccsv6\tools\compiler\arm_15.12.3.LTS\lib\</path>
         <kind>archive</kind>
         <file>rtsv7M4_T_le_v4SPD16_eabi.lib</file>
         <name>delete.obj</name>
      </input_file>
      <input_file id="fl-cc">
         <path>C:\ti\ccsv6\tools\compiler\arm_15.12.3.LTS\lib\</path>
         <kind>archive</kind>
         <file>rtsv7M4_T_le_v4SPD16_eabi.lib</file>
         <name>exit.obj</name>
      </input_file>
      <input_file id="fl-cd">
         <path>C:\ti\ccsv6\tools\compiler\arm_15.12.3.LTS\lib\</path>
         <kind>archive</kind>
         <file>rtsv7M4_T_le_v4SPD16_eabi.lib</file>
         <name>fd_mul_t2.obj</name>
      </input_file>
      <input_file id="fl-ce">
         <path>C:\ti\ccsv6\tools\compiler\arm_15.12.3.LTS\lib\</path>
         <kind>archive</kind>
         <file>rtsv7M4_T_le_v4SPD16_eabi.lib</file>
         <name>fd_tos_t2.obj</name>
      </input_file>
      <input_file id="fl-cf">
         <path>C:\ti\ccsv6\tools\compiler\arm_15.12.3.LTS\lib\</path>
         <kind>archive</kind>
         <file>rtsv7M4_T_le_v4SPD16_eabi.lib</file>
         <name>fs_tod_t2.obj</name>
      </input_file>
      <input_file id="fl-d0">
         <path>C:\ti\ccsv6\tools\compiler\arm_15.12.3.LTS\lib\</path>
         <kind>archive</kind>
         <file>rtsv7M4_T_le_v4SPD16_eabi.lib</file>
         <name>memcpy_t2.obj</name>
      </input_file>
      <input_file id="fl-d1">
         <path>C:\ti\ccsv6\tools\compiler\arm_15.12.3.LTS\lib\</path>
         <kind>archive</kind>
         <file>rtsv7M4_T_le_v4SPD16_eabi.lib</file>
         <name>memory.obj</name>
      </input_file>
      <input_file id="fl-d2">
         <path>C:\ti\ccsv6\tools\compiler\arm_15.12.3.LTS\lib\</path>
         <kind>archive</kind>
         <file>rtsv7M4_T_le_v4SPD16_eabi.lib</file>
         <name>memset_t2.obj</name>
      </input_file>
      <input_file id="fl-d3">
         <path>C:\ti\ccsv6\tools\compiler\arm_15.12.3.LTS\lib\</path>
         <kind>archive</kind>
         <file>rtsv7M4_T_le_v4SPD16_eabi.lib</file>
         <name>mpu_init.obj</name>
      </input_file>
      <input_file id="fl-d4">
         <path>C:\ti\ccsv6\tools\compiler\arm_15.12.3.LTS\lib\</path>
         <kind>archive</kind>
         <file>rtsv7M4_T_le_v4SPD16_eabi.lib</file>
         <name>new_.obj</name>
      </input_file>
      <input_file id="fl-d5">
         <path>C:\ti\ccsv6\tools\compiler\arm_15.12.3.LTS\lib\</path>
         <kind>archive</kind>
         <file>rtsv7M4_T_le_v4SPD16_eabi.lib</file>
         <name>newhandler.obj</name>
      </input_file>
      <input_file id="fl-d6">
         <path>C:\ti\ccsv6\tools\compiler\arm_15.12.3.LTS\lib\</path>
         <kind>archive</kind>
         <file>rtsv7M4_T_le_v4SPD16_eabi.lib</file>
         <name>pre_init.obj</name>
      </input_file>
      <input_file id="fl-d7">
         <path>C:\ti\ccsv6\tools\compiler\arm_15.12.3.LTS\lib\</path>
         <kind>archive</kind>
         <file>rtsv7M4_T_le_v4SPD16_eabi.lib</file>
         <name>pure_virt.obj</name>
      </input_file>
      <input_file id="fl-d8">
         <path>C:\ti\ccsv6\tools\compiler\arm_15.12.3.LTS\lib\</path>
         <kind>archive</kind>
         <file>rtsv7M4_T_le_v4SPD16_eabi.lib</file>
         <name>stkdepth_vars.obj</name>
      </input_file>
      <input_file id="fl-d9">
         <path>C:\ti\ccsv6\tools\compiler\arm_15.12.3.LTS\lib\</path>
         <kind>archive</kind>
         <file>rtsv7M4_T_le_v4SPD16_eabi.lib</file>
         <name>typeinfo_.obj</name>
      </input_file>
      <input_file id="fl-da">
         <path>C:\ti\ccsv6\tools\compiler\arm_15.12.3.LTS\lib\</path>
         <kind>archive</kind>
         <file>rtsv7M4_T_le_v4SPD16_eabi.lib</file>
         <name>u_divt2.obj</name>
      </input_file>
      <input_file id="fl-db">
         <path>C:\ti\ccsv6\tools\compiler\arm_15.12.3.LTS\lib\</path>
         <kind>archive</kind>
         <file>rtsv7M4_T_le_v4SPD16_eabi.lib</file>
         <name>u_tofd_t2.obj</name>
      </input_file>
      <input_file id="fl-dc">
         <path>C:\ti\ccsv6\tools\compiler\arm_15.12.3.LTS\lib\</path>
         <kind>archive</kind>
         <file>rtsv7M4_T_le_v4SPD16_eabi.lib</file>
         <name>vars.obj</name>
      </input_file>
      <input_file id="fl-dd">
         <path>C:\ti\ccsv6\tools\compiler\arm_15.12.3.LTS\lib\</path>
         <kind>archive</kind>
         <file>rtsv7M4_T_le_v4SPD16_eabi.lib</file>
         <name>_lock.obj</name>
      </input_file>
      <input_file id="fl-de">
         <path>C:\ti\ccsv6\tools\compiler\arm_15.12.3.LTS\lib\</path>
         <kind>archive</kind>
         <file>rtsv7M4_T_le_v4SPD16_eabi.lib</file>
         <name>args_main.obj</name>
      </input_file>
      <input_file id="fl-df">
         <path>C:\ti\ccsv6\tools\compiler\arm_15.12.3.LTS\lib\</path>
         <kind>archive</kind>
         <file>rtsv7M4_T_le_v4SPD16_eabi.lib</file>
         <name>autoinit.obj</name>
      </input_file>
      <input_file id="fl-e0">
         <path>C:\ti\ccsv6\tools\compiler\arm_15.12.3.LTS\lib\</path>
         <kind>archive</kind>
         <file>rtsv7M4_T_le_v4SPD16_eabi.lib</file>
         <name>cpy_tbl.obj</name>
      </input_file>
      <input_file id="fl-e1">
         <path>C:\ti\ccsv6\tools\compiler\arm_15.12.3.LTS\lib\</path>
         <kind>archive</kind>
         <file>rtsv7M4_T_le_v4SPD16_eabi.lib</file>
         <name>error.obj</name>
      </input_file>
      <input_file id="fl-e2">
         <path>C:\ti\ccsv6\tools\compiler\arm_15.12.3.LTS\lib\</path>
         <kind>archive</kind>
         <file>rtsv7M4_T_le_v4SPD16_eabi.lib</file>
         <name>i_div0.obj</name>
      </input_file>
      <input_file id="fl-e3">
         <path>C:\ti\ccsv6\tools\compiler\arm_15.12.3.LTS\lib\</path>
         <kind>archive</kind>
         <file>rtsv7M4_T_le_v4SPD16_eabi.lib</file>
         <name>startup.obj</name>
      </input_file>
      <input_file id="fl-e4">
         <path>C:\ti\TivaWare_C_Series-2.1.2.111\driverlib\ccs\Debug\</path>
         <kind>archive</kind>
         <file>driverlib.lib</file>
         <name>adc.obj</name>
      </input_file>
      <input_file id="fl-e5">
         <path>C:\ti\TivaWare_C_Series-2.1.2.111\driverlib\ccs\Debug\</path>
         <kind>archive</kind>
         <file>driverlib.lib</file>
         <name>can.obj</name>
      </input_file>
      <input_file id="fl-e6">
         <path>C:\ti\TivaWare_C_Series-2.1.2.111\driverlib\ccs\Debug\</path>
         <kind>archive</kind>
         <file>driverlib.lib</file>
         <name>gpio.obj</name>
      </input_file>
      <input_file id="fl-e7">
         <path>C:\ti\TivaWare_C_Series-2.1.2.111\driverlib\ccs\Debug\</path>
         <kind>archive</kind>
         <file>driverlib.lib</file>
         <name>i2c.obj</name>
      </input_file>
      <input_file id="fl-e8">
         <path>C:\ti\TivaWare_C_Series-2.1.2.111\driverlib\ccs\Debug\</path>
         <kind>archive</kind>
         <file>driverlib.lib</file>
         <name>interrupt.obj</name>
      </input_file>
      <input_file id="fl-e9">
         <path>C:\ti\TivaWare_C_Series-2.1.2.111\driverlib\ccs\Debug\</path>
         <kind>archive</kind>
         <file>driverlib.lib</file>
         <name>pwm.obj</name>
      </input_file>
      <input_file id="fl-ea">
         <path>C:\ti\TivaWare_C_Series-2.1.2.111\driverlib\ccs\Debug\</path>
         <kind>archive</kind>
         <file>driverlib.lib</file>
         <name>sysctl.obj</name>
      </input_file>
      <input_file id="fl-eb">
         <path>C:\ti\TivaWare_C_Series-2.1.2.111\driverlib\ccs\Debug\</path>
         <kind>archive</kind>
         <file>driverlib.lib</file>
         <name>uart.obj</name>
      </input_file>
      <input_file id="fl-ec">
         <path>C:\ti\TivaWare_C_Series-2.1.2.111\driverlib\ccs\Debug\</path>
         <kind>archive</kind>
         <file>driverlib.lib</file>
         <name>cpu.obj</name>
      </input_file>
   </input_file_list>
   <object_component_list>
      <object_component id="oc-f">
         <name>.intvecs</name>
         <load_address>0x0</load_address>
         <run_address>0x0</run_address>
         <size>0x26c</size>
         <input_file_ref idref="fl-3"/>
      </object_component>
      <object_component id="oc-f8">
         <name>.text</name>
         <load_address>0x26c</load_address>
         <run_address>0x26c</run_address>
         <size>0x49c</size>
         <input_file_ref idref="fl-4"/>
      </object_component>
      <object_component id="oc-1a5">
         <name>.text</name>
         <load_address>0x708</load_address>
         <run_address>0x708</run_address>
         <size>0x3dc</size>
         <input_file_ref idref="fl-d1"/>
      </object_component>
      <object_component id="oc-1de">
         <name>.text:CANMessageSet</name>
         <load_address>0xae4</load_address>
         <run_address>0xae4</run_address>
         <size>0x136</size>
         <input_file_ref idref="fl-e5"/>
      </object_component>
      <object_component id="oc-15e">
         <name>.text:GPIOPadConfigSet</name>
         <load_address>0xc1a</load_address>
         <run_address>0xc1a</run_address>
         <size>0x132</size>
         <input_file_ref idref="fl-e6"/>
      </object_component>
      <object_component id="oc-1f0">
         <name>.text:SysCtlClockGet</name>
         <load_address>0xd4c</load_address>
         <run_address>0xd4c</run_address>
         <size>0x110</size>
         <input_file_ref idref="fl-ea"/>
      </object_component>
      <object_component id="oc-b2">
         <name>.text</name>
         <load_address>0xe5c</load_address>
         <run_address>0xe5c</run_address>
         <size>0x10c</size>
         <input_file_ref idref="fl-2"/>
      </object_component>
      <object_component id="oc-111">
         <name>.text:SysCtlClockSet</name>
         <load_address>0xf68</load_address>
         <run_address>0xf68</run_address>
         <size>0xf4</size>
         <input_file_ref idref="fl-ea"/>
      </object_component>
      <object_component id="oc-11d">
         <name>.text</name>
         <load_address>0x105c</load_address>
         <run_address>0x105c</run_address>
         <size>0xec</size>
         <input_file_ref idref="fl-7"/>
      </object_component>
      <object_component id="oc-2c7">
         <name>.text</name>
         <load_address>0x1148</load_address>
         <run_address>0x1148</run_address>
         <size>0xbc</size>
         <input_file_ref idref="fl-d9"/>
      </object_component>
      <object_component id="oc-37">
         <name>.text</name>
         <load_address>0x1204</load_address>
         <run_address>0x1204</run_address>
         <size>0x9c</size>
         <input_file_ref idref="fl-d0"/>
      </object_component>
      <object_component id="oc-50">
         <name>.text</name>
         <load_address>0x12a0</load_address>
         <run_address>0x12a0</run_address>
         <size>0x7a</size>
         <input_file_ref idref="fl-d2"/>
      </object_component>
      <object_component id="oc-25d">
         <name>.text</name>
         <load_address>0x131a</load_address>
         <run_address>0x131a</run_address>
         <size>0x2</size>
         <input_file_ref idref="fl-e2"/>
      </object_component>
      <object_component id="oc-68">
         <name>.text</name>
         <load_address>0x131c</load_address>
         <run_address>0x131c</run_address>
         <size>0x70</size>
         <input_file_ref idref="fl-df"/>
      </object_component>
      <object_component id="oc-1f6">
         <name>.text:CANBitRateSet</name>
         <load_address>0x138c</load_address>
         <run_address>0x138c</run_address>
         <size>0x6c</size>
         <input_file_ref idref="fl-e5"/>
      </object_component>
      <object_component id="oc-43">
         <name>.text</name>
         <load_address>0x13f8</load_address>
         <run_address>0x13f8</run_address>
         <size>0x6a</size>
         <input_file_ref idref="fl-c9"/>
      </object_component>
      <object_component id="oc-5c">
         <name>.text</name>
         <load_address>0x1462</load_address>
         <run_address>0x1462</run_address>
         <size>0x2</size>
         <input_file_ref idref="fl-d3"/>
      </object_component>
      <object_component id="oc-1d2">
         <name>.text:IntEnable</name>
         <load_address>0x1464</load_address>
         <run_address>0x1464</run_address>
         <size>0x68</size>
         <input_file_ref idref="fl-e8"/>
      </object_component>
      <object_component id="oc-276">
         <name>.text:_CANIntNumberGet</name>
         <load_address>0x14cc</load_address>
         <run_address>0x14cc</run_address>
         <size>0x5c</size>
         <input_file_ref idref="fl-e5"/>
      </object_component>
      <object_component id="oc-24">
         <name>.text</name>
         <load_address>0x1528</load_address>
         <run_address>0x1528</run_address>
         <size>0x54</size>
         <input_file_ref idref="fl-c7"/>
      </object_component>
      <object_component id="oc-74">
         <name>.text</name>
         <load_address>0x157c</load_address>
         <run_address>0x157c</run_address>
         <size>0x54</size>
         <input_file_ref idref="fl-cc"/>
      </object_component>
      <object_component id="oc-a4">
         <name>.text</name>
         <load_address>0x15d0</load_address>
         <run_address>0x15d0</run_address>
         <size>0x4c</size>
         <input_file_ref idref="fl-e0"/>
      </object_component>
      <object_component id="oc-e6">
         <name>.text:GPIOPinConfigure</name>
         <load_address>0x161c</load_address>
         <run_address>0x161c</run_address>
         <size>0x48</size>
         <input_file_ref idref="fl-e6"/>
      </object_component>
      <object_component id="oc-16b">
         <name>.text:UARTConfigSetExpClk</name>
         <load_address>0x1664</load_address>
         <run_address>0x1664</run_address>
         <size>0x46</size>
         <input_file_ref idref="fl-eb"/>
      </object_component>
      <object_component id="oc-104">
         <name>.text:CANStatusGet</name>
         <load_address>0x16aa</load_address>
         <run_address>0x16aa</run_address>
         <size>0x40</size>
         <input_file_ref idref="fl-e5"/>
      </object_component>
      <object_component id="oc-18c">
         <name>.text</name>
         <load_address>0x16ea</load_address>
         <run_address>0x16ea</run_address>
         <size>0x40</size>
         <input_file_ref idref="fl-da"/>
      </object_component>
      <object_component id="oc-1ea">
         <name>.text:CANInit</name>
         <load_address>0x172a</load_address>
         <run_address>0x172a</run_address>
         <size>0x3a</size>
         <input_file_ref idref="fl-e5"/>
      </object_component>
      <object_component id="oc-165">
         <name>.text:SysCtlPeripheralPresent</name>
         <load_address>0x1764</load_address>
         <run_address>0x1764</run_address>
         <size>0x38</size>
         <input_file_ref idref="fl-ea"/>
      </object_component>
      <object_component id="oc-27c">
         <name>.text:IntRegister</name>
         <load_address>0x179c</load_address>
         <run_address>0x179c</run_address>
         <size>0x34</size>
         <input_file_ref idref="fl-e8"/>
      </object_component>
      <object_component id="oc-e0">
         <name>.text:SysCtlPeripheralEnable</name>
         <load_address>0x17d0</load_address>
         <run_address>0x17d0</run_address>
         <size>0x34</size>
         <input_file_ref idref="fl-ea"/>
      </object_component>
      <object_component id="oc-117">
         <name>.text</name>
         <load_address>0x1804</load_address>
         <run_address>0x1804</run_address>
         <size>0x30</size>
         <input_file_ref idref="fl-d4"/>
      </object_component>
      <object_component id="oc-158">
         <name>.text:GPIODirModeSet</name>
         <load_address>0x1834</load_address>
         <run_address>0x1834</run_address>
         <size>0x2a</size>
         <input_file_ref idref="fl-e6"/>
      </object_component>
      <object_component id="oc-28a">
         <name>.text:_CANDataRegWrite</name>
         <load_address>0x185e</load_address>
         <run_address>0x185e</run_address>
         <size>0x24</size>
         <input_file_ref idref="fl-e5"/>
      </object_component>
      <object_component id="oc-10a">
         <name>.text:CANIntClear</name>
         <load_address>0x1882</load_address>
         <run_address>0x1882</run_address>
         <size>0x22</size>
         <input_file_ref idref="fl-e5"/>
      </object_component>
      <object_component id="oc-fe">
         <name>.text:CANIntStatus</name>
         <load_address>0x18a4</load_address>
         <run_address>0x18a4</run_address>
         <size>0x20</size>
         <input_file_ref idref="fl-e5"/>
      </object_component>
      <object_component id="oc-24d">
         <name>.text:UARTDisable</name>
         <load_address>0x18c4</load_address>
         <run_address>0x18c4</run_address>
         <size>0x20</size>
         <input_file_ref idref="fl-eb"/>
      </object_component>
      <object_component id="oc-1c6">
         <name>.text:CANIntRegister</name>
         <load_address>0x18e4</load_address>
         <run_address>0x18e4</run_address>
         <size>0x18</size>
         <input_file_ref idref="fl-e5"/>
      </object_component>
      <object_component id="oc-6e">
         <name>.text</name>
         <load_address>0x18fc</load_address>
         <run_address>0x18fc</run_address>
         <size>0x18</size>
         <input_file_ref idref="fl-de"/>
      </object_component>
      <object_component id="oc-171">
         <name>.text:UARTEnable</name>
         <load_address>0x1914</load_address>
         <run_address>0x1914</run_address>
         <size>0x14</size>
         <input_file_ref idref="fl-eb"/>
      </object_component>
      <object_component id="oc-13c">
         <name>.text</name>
         <load_address>0x1928</load_address>
         <run_address>0x1928</run_address>
         <size>0x14</size>
         <input_file_ref idref="fl-dd"/>
      </object_component>
      <object_component id="oc-1e4">
         <name>.text:GPIOPinTypeCAN</name>
         <load_address>0x193c</load_address>
         <run_address>0x193c</run_address>
         <size>0x12</size>
         <input_file_ref idref="fl-e6"/>
      </object_component>
      <object_component id="oc-f2">
         <name>.text:GPIOPinTypeUART</name>
         <load_address>0x194e</load_address>
         <run_address>0x194e</run_address>
         <size>0x12</size>
         <input_file_ref idref="fl-e6"/>
      </object_component>
      <object_component id="oc-12">
         <name>.text:decompress:none</name>
         <load_address>0x1960</load_address>
         <run_address>0x1960</run_address>
         <size>0xe</size>
         <input_file_ref idref="fl-c8"/>
      </object_component>
      <object_component id="oc-2e">
         <name>.text</name>
         <load_address>0x196e</load_address>
         <run_address>0x196e</run_address>
         <size>0xc</size>
         <input_file_ref idref="fl-3"/>
      </object_component>
      <object_component id="oc-1d8">
         <name>.text:CANEnable</name>
         <load_address>0x197a</load_address>
         <run_address>0x197a</run_address>
         <size>0xa</size>
         <input_file_ref idref="fl-e5"/>
      </object_component>
      <object_component id="oc-17d">
         <name>.text:UARTCharGet</name>
         <load_address>0x1984</load_address>
         <run_address>0x1984</run_address>
         <size>0xa</size>
         <input_file_ref idref="fl-eb"/>
      </object_component>
      <object_component id="oc-177">
         <name>.text:UARTCharPut</name>
         <load_address>0x198e</load_address>
         <run_address>0x198e</run_address>
         <size>0xa</size>
         <input_file_ref idref="fl-eb"/>
      </object_component>
      <object_component id="oc-1cc">
         <name>.text:CANIntEnable</name>
         <load_address>0x1998</load_address>
         <run_address>0x1998</run_address>
         <size>0x8</size>
         <input_file_ref idref="fl-e5"/>
      </object_component>
      <object_component id="oc-1c0">
         <name>.text</name>
         <load_address>0x19a0</load_address>
         <run_address>0x19a0</run_address>
         <size>0x8</size>
         <input_file_ref idref="fl-cb"/>
      </object_component>
      <object_component id="oc-110">
         <name>.text:SysCtlDelay</name>
         <load_address>0x19a8</load_address>
         <run_address>0x19a8</run_address>
         <size>0x6</size>
         <input_file_ref idref="fl-ea"/>
      </object_component>
      <object_component id="oc-ec">
         <name>.text:UARTClockSourceSet</name>
         <load_address>0x19ae</load_address>
         <run_address>0x19ae</run_address>
         <size>0x6</size>
         <input_file_ref idref="fl-eb"/>
      </object_component>
      <object_component id="oc-18">
         <name>.text:decompress:rle24</name>
         <load_address>0x19b4</load_address>
         <run_address>0x19b4</run_address>
         <size>0x6</size>
         <input_file_ref idref="fl-c9"/>
      </object_component>
      <object_component id="oc-62">
         <name>.text</name>
         <load_address>0x19ba</load_address>
         <run_address>0x19ba</run_address>
         <size>0x4</size>
         <input_file_ref idref="fl-d6"/>
      </object_component>
      <object_component id="oc-1ae">
         <name>.text</name>
         <load_address>0x19be</load_address>
         <run_address>0x19be</run_address>
         <size>0x2</size>
         <input_file_ref idref="fl-d5"/>
      </object_component>
      <object_component id="oc-aa">
         <name>.text</name>
         <load_address>0x19c0</load_address>
         <run_address>0x19c0</run_address>
         <size>0x2</size>
         <input_file_ref idref="fl-e3"/>
      </object_component>
      <object_component id="oc-151">
         <name>.const:g_pui32GPIOBaseAddrs</name>
         <load_address>0x19c4</load_address>
         <run_address>0x19c4</run_address>
         <size>0x90</size>
         <input_file_ref idref="fl-e6"/>
      </object_component>
      <object_component id="oc-284">
         <name>.const</name>
         <load_address>0x1a54</load_address>
         <run_address>0x1a54</run_address>
         <size>0x70</size>
         <input_file_ref idref="fl-e8"/>
      </object_component>
      <object_component id="oc-293">
         <name>.const:g_pui32Xtals</name>
         <load_address>0x1ac4</load_address>
         <run_address>0x1ac4</run_address>
         <size>0x6c</size>
         <input_file_ref idref="fl-ea"/>
      </object_component>
      <object_component id="oc-338">
         <name>.const:.typeinfo:_ZTSN10__cxxabiv123__fundamental_type_infoE</name>
         <load_address>0x1b30</load_address>
         <run_address>0x1b30</run_address>
         <size>0x28</size>
         <input_file_ref idref="fl-d9"/>
      </object_component>
      <object_component id="oc-310">
         <name>.const:.typeinfo:_ZTSN10__cxxabiv120__si_class_type_infoE</name>
         <load_address>0x1b58</load_address>
         <run_address>0x1b58</run_address>
         <size>0x25</size>
         <input_file_ref idref="fl-d9"/>
      </object_component>
      <object_component id="oc-324">
         <name>.const:.typeinfo:_ZTSN10__cxxabiv119__pointer_type_infoE</name>
         <load_address>0x1b7d</load_address>
         <run_address>0x1b7d</run_address>
         <size>0x24</size>
         <input_file_ref idref="fl-d9"/>
      </object_component>
      <object_component id="oc-2d5">
         <name>.const:.typeinfo:_ZTSN10__cxxabiv117__class_type_infoE</name>
         <load_address>0x1ba1</load_address>
         <run_address>0x1ba1</run_address>
         <size>0x22</size>
         <input_file_ref idref="fl-d9"/>
      </object_component>
      <object_component id="oc-333">
         <name>.const:.typeinfo:_ZTSN10__cxxabiv117__pbase_type_infoE</name>
         <load_address>0x1bc3</load_address>
         <run_address>0x1bc3</run_address>
         <size>0x22</size>
         <input_file_ref idref="fl-d9"/>
      </object_component>
      <object_component id="oc-297">
         <name>.const</name>
         <load_address>0x1be6</load_address>
         <run_address>0x1be6</run_address>
         <size>0x20</size>
         <input_file_ref idref="fl-e5"/>
      </object_component>
      <object_component id="oc-31f">
         <name>.const:.typeinfo:_ZTSe</name>
         <load_address>0x1c06</load_address>
         <run_address>0x1c06</run_address>
         <size>0x2</size>
         <input_file_ref idref="fl-d9"/>
      </object_component>
      <object_component id="oc-264">
         <name>.const:.string</name>
         <load_address>0x1c08</load_address>
         <run_address>0x1c08</run_address>
         <size>0x12</size>
         <input_file_ref idref="fl-4"/>
      </object_component>
      <object_component id="oc-2e0">
         <name>.const:.typeinfo:_ZTIPKe</name>
         <load_address>0x1c1c</load_address>
         <run_address>0x1c1c</run_address>
         <size>0x10</size>
         <input_file_ref idref="fl-d9"/>
      </object_component>
      <object_component id="oc-1fc">
         <name>.const:_ZTV6CanBus</name>
         <load_address>0x1c2c</load_address>
         <run_address>0x1c2c</run_address>
         <size>0x10</size>
         <input_file_ref idref="fl-7"/>
      </object_component>
      <object_component id="oc-2b6">
         <name>.const:_ZTVN10__cxxabiv117__class_type_infoE</name>
         <load_address>0x1c3c</load_address>
         <run_address>0x1c3c</run_address>
         <size>0x10</size>
         <input_file_ref idref="fl-d9"/>
      </object_component>
      <object_component id="oc-301">
         <name>.const:_ZTVN10__cxxabiv119__pointer_type_infoE</name>
         <load_address>0x1c4c</load_address>
         <run_address>0x1c4c</run_address>
         <size>0x10</size>
         <input_file_ref idref="fl-d9"/>
      </object_component>
      <object_component id="oc-2d0">
         <name>.const:_ZTVN10__cxxabiv120__si_class_type_infoE</name>
         <load_address>0x1c5c</load_address>
         <run_address>0x1c5c</run_address>
         <size>0x10</size>
         <input_file_ref idref="fl-d9"/>
      </object_component>
      <object_component id="oc-31a">
         <name>.const:_ZTVN10__cxxabiv123__fundamental_type_infoE</name>
         <load_address>0x1c6c</load_address>
         <run_address>0x1c6c</run_address>
         <size>0x10</size>
         <input_file_ref idref="fl-d9"/>
      </object_component>
      <object_component id="oc-2fc">
         <name>.const:.typeinfo:_ZTSSt9type_info</name>
         <load_address>0x1c7c</load_address>
         <run_address>0x1c7c</run_address>
         <size>0xd</size>
         <input_file_ref idref="fl-d9"/>
      </object_component>
      <object_component id="oc-2c2">
         <name>.const:.typeinfo:_ZTIN10__cxxabiv117__class_type_infoE</name>
         <load_address>0x1c8c</load_address>
         <run_address>0x1c8c</run_address>
         <size>0xc</size>
         <input_file_ref idref="fl-d9"/>
      </object_component>
      <object_component id="oc-329">
         <name>.const:.typeinfo:_ZTIN10__cxxabiv117__pbase_type_infoE</name>
         <load_address>0x1c98</load_address>
         <run_address>0x1c98</run_address>
         <size>0xc</size>
         <input_file_ref idref="fl-d9"/>
      </object_component>
      <object_component id="oc-315">
         <name>.const:.typeinfo:_ZTIN10__cxxabiv119__pointer_type_infoE</name>
         <load_address>0x1ca4</load_address>
         <run_address>0x1ca4</run_address>
         <size>0xc</size>
         <input_file_ref idref="fl-d9"/>
      </object_component>
      <object_component id="oc-2f7">
         <name>.const:.typeinfo:_ZTIN10__cxxabiv120__si_class_type_infoE</name>
         <load_address>0x1cb0</load_address>
         <run_address>0x1cb0</run_address>
         <size>0xc</size>
         <input_file_ref idref="fl-d9"/>
      </object_component>
      <object_component id="oc-32e">
         <name>.const:.typeinfo:_ZTIN10__cxxabiv123__fundamental_type_infoE</name>
         <load_address>0x1cbc</load_address>
         <run_address>0x1cbc</run_address>
         <size>0xc</size>
         <input_file_ref idref="fl-d9"/>
      </object_component>
      <object_component id="oc-189">
         <name>.const:g_ui32UARTBase</name>
         <load_address>0x1cc8</load_address>
         <run_address>0x1cc8</run_address>
         <size>0xc</size>
         <input_file_ref idref="fl-4"/>
      </object_component>
      <object_component id="oc-183">
         <name>.const:g_ui32UARTPeriph</name>
         <load_address>0x1cd4</load_address>
         <run_address>0x1cd4</run_address>
         <size>0xc</size>
         <input_file_ref idref="fl-4"/>
      </object_component>
      <object_component id="oc-29b">
         <name>.const:.typeinfo:_ZTI6CanBus</name>
         <load_address>0x1ce0</load_address>
         <run_address>0x1ce0</run_address>
         <size>0x8</size>
         <input_file_ref idref="fl-7"/>
      </object_component>
      <object_component id="oc-2da">
         <name>.const:.typeinfo:_ZTISt9type_info</name>
         <load_address>0x1ce8</load_address>
         <run_address>0x1ce8</run_address>
         <size>0x8</size>
         <input_file_ref idref="fl-d9"/>
      </object_component>
      <object_component id="oc-30b">
         <name>.const:.typeinfo:_ZTIe</name>
         <load_address>0x1cf0</load_address>
         <run_address>0x1cf0</run_address>
         <size>0x8</size>
         <input_file_ref idref="fl-d9"/>
      </object_component>
      <object_component id="oc-2bb">
         <name>.const:.typeinfo:_ZTS6CanBus</name>
         <load_address>0x1cf8</load_address>
         <run_address>0x1cf8</run_address>
         <size>0x8</size>
         <input_file_ref idref="fl-7"/>
      </object_component>
      <object_component id="oc-306">
         <name>.const:.typeinfo:_ZTSPKe</name>
         <load_address>0x1d00</load_address>
         <run_address>0x1d00</run_address>
         <size>0x4</size>
         <input_file_ref idref="fl-d9"/>
      </object_component>
      <object_component id="oc-191">
         <name>.const</name>
         <load_address>0x1d04</load_address>
         <run_address>0x1d04</run_address>
         <size>0x4</size>
         <input_file_ref idref="fl-4"/>
      </object_component>
      <object_component id="oc-35f">
         <name>.cinit..data.load</name>
         <load_address>0x1d08</load_address>
         <run_address>0x1d08</run_address>
         <size>0x27</size>
      </object_component>
      <object_component id="oc-35e">
         <name>.cinit..vtable.load</name>
         <load_address>0x1d30</load_address>
         <run_address>0x1d30</run_address>
         <size>0xb</size>
      </object_component>
      <object_component id="oc-360">
         <name>.cinit..bss.load</name>
         <load_address>0x1d40</load_address>
         <run_address>0x1d40</run_address>
         <size>0x9</size>
      </object_component>
      <object_component id="oc-35c">
         <name>__TI_handler_table</name>
         <load_address>0x1d4c</load_address>
         <run_address>0x1d4c</run_address>
         <size>0x8</size>
      </object_component>
      <object_component id="oc-35d">
         <name>__TI_cinit_table</name>
         <load_address>0x1d54</load_address>
         <run_address>0x1d54</run_address>
         <size>0x18</size>
      </object_component>
      <object_component id="oc-2a9">
         <name>.vtable</name>
         <uninitialized>true</uninitialized>
         <run_address>0x20000000</run_address>
         <size>0x26c</size>
         <input_file_ref idref="fl-e8"/>
      </object_component>
      <object_component id="oc-123">
         <name>.data</name>
         <load_address>0x20000890</load_address>
         <run_address>0x20000890</run_address>
         <size>0x8</size>
         <input_file_ref idref="fl-2"/>
      </object_component>
      <object_component id="oc-186">
         <name>.data</name>
         <load_address>0x20000898</load_address>
         <run_address>0x20000898</run_address>
         <size>0x5</size>
         <input_file_ref idref="fl-4"/>
      </object_component>
      <object_component id="oc-ba">
         <name>.data:$O1$$</name>
         <load_address>0x20000870</load_address>
         <run_address>0x20000870</run_address>
         <size>0xc</size>
         <input_file_ref idref="fl-cc"/>
      </object_component>
      <object_component id="oc-26b">
         <name>.data:$O1$$</name>
         <load_address>0x2000087c</load_address>
         <run_address>0x2000087c</run_address>
         <size>0xc</size>
         <input_file_ref idref="fl-d1"/>
      </object_component>
      <object_component id="oc-7a">
         <name>.data</name>
         <load_address>0x200008a0</load_address>
         <run_address>0x200008a0</run_address>
         <size>0x4</size>
         <input_file_ref idref="fl-d8"/>
      </object_component>
      <object_component id="oc-1ab">
         <name>.data</name>
         <load_address>0x200008a4</load_address>
         <run_address>0x200008a4</run_address>
         <size>0x4</size>
         <input_file_ref idref="fl-dc"/>
      </object_component>
      <object_component id="oc-bd">
         <name>.data:$O1$$</name>
         <load_address>0x20000888</load_address>
         <run_address>0x20000888</run_address>
         <size>0x8</size>
         <input_file_ref idref="fl-dd"/>
      </object_component>
      <object_component id="oc-2df">
         <name>.common:_ZSt16__dummy_typeinfo</name>
         <uninitialized>true</uninitialized>
         <run_address>0x2000066c</run_address>
         <size>0x4</size>
      </object_component>
      <object_component id="oc-2b">
         <name>.sysmem</name>
         <uninitialized>true</uninitialized>
         <run_address>0x20000670</run_address>
         <size>0x8</size>
         <input_file_ref idref="fl-d1"/>
      </object_component>
      <object_component id="oc-362">
         <name>.sysmem</name>
         <uninitialized>true</uninitialized>
         <run_address>0x20000670</run_address>
         <size>0x0</size>
      </object_component>
      <object_component id="oc-2a">
         <name>.stack</name>
         <uninitialized>true</uninitialized>
         <run_address>0x2000026c</run_address>
         <size>0x0</size>
         <input_file_ref idref="fl-c7"/>
      </object_component>
      <object_component id="oc-361">
         <name>.stack</name>
         <uninitialized>true</uninitialized>
         <run_address>0x2000026c</run_address>
         <size>0x0</size>
      </object_component>
      <object_component id="oc-131">
         <name>.debug_info</name>
         <load_address>0x0</load_address>
         <run_address>0x0</run_address>
         <size>0x679</size>
         <input_file_ref idref="fl-2"/>
      </object_component>
      <object_component id="oc-124">
         <name>.debug_info</name>
         <load_address>0x679</load_address>
         <run_address>0x679</run_address>
         <size>0x100</size>
         <input_file_ref idref="fl-2"/>
      </object_component>
      <object_component id="oc-b3">
         <name>.debug_info</name>
         <load_address>0x779</load_address>
         <run_address>0x779</run_address>
         <size>0x409</size>
         <input_file_ref idref="fl-2"/>
      </object_component>
      <object_component id="oc-212">
         <name>.debug_info</name>
         <load_address>0xb82</load_address>
         <run_address>0xb82</run_address>
         <size>0x147</size>
         <input_file_ref idref="fl-2"/>
      </object_component>
      <object_component id="oc-202">
         <name>.debug_info</name>
         <load_address>0xcc9</load_address>
         <run_address>0xcc9</run_address>
         <size>0xc9</size>
         <input_file_ref idref="fl-2"/>
      </object_component>
      <object_component id="oc-217">
         <name>.debug_info</name>
         <load_address>0xd92</load_address>
         <run_address>0xd92</run_address>
         <size>0xb5</size>
         <input_file_ref idref="fl-2"/>
      </object_component>
      <object_component id="oc-21c">
         <name>.debug_info</name>
         <load_address>0xe47</load_address>
         <run_address>0xe47</run_address>
         <size>0x110</size>
         <input_file_ref idref="fl-2"/>
      </object_component>
      <object_component id="oc-221">
         <name>.debug_info</name>
         <load_address>0xf57</load_address>
         <run_address>0xf57</run_address>
         <size>0xe5</size>
         <input_file_ref idref="fl-2"/>
      </object_component>
      <object_component id="oc-226">
         <name>.debug_info</name>
         <load_address>0x103c</load_address>
         <run_address>0x103c</run_address>
         <size>0x9c</size>
         <input_file_ref idref="fl-2"/>
      </object_component>
      <object_component id="oc-22b">
         <name>.debug_info</name>
         <load_address>0x10d8</load_address>
         <run_address>0x10d8</run_address>
         <size>0x189</size>
         <input_file_ref idref="fl-2"/>
      </object_component>
      <object_component id="oc-230">
         <name>.debug_info</name>
         <load_address>0x1261</load_address>
         <run_address>0x1261</run_address>
         <size>0x9c</size>
         <input_file_ref idref="fl-2"/>
      </object_component>
      <object_component id="oc-12c">
         <name>.debug_info</name>
         <load_address>0x12fd</load_address>
         <run_address>0x12fd</run_address>
         <size>0x8b</size>
         <input_file_ref idref="fl-2"/>
      </object_component>
      <object_component id="oc-127">
         <name>.debug_info</name>
         <load_address>0x1388</load_address>
         <run_address>0x1388</run_address>
         <size>0x18b</size>
         <input_file_ref idref="fl-2"/>
      </object_component>
      <object_component id="oc-235">
         <name>.debug_info</name>
         <load_address>0x1513</load_address>
         <run_address>0x1513</run_address>
         <size>0x67</size>
         <input_file_ref idref="fl-2"/>
      </object_component>
      <object_component id="oc-209">
         <name>.debug_info</name>
         <load_address>0x157a</load_address>
         <run_address>0x157a</run_address>
         <size>0x1f9</size>
         <input_file_ref idref="fl-2"/>
      </object_component>
      <object_component id="oc-36">
         <name>.debug_info</name>
         <load_address>0x1773</load_address>
         <run_address>0x1773</run_address>
         <size>0x100</size>
         <input_file_ref idref="fl-3"/>
      </object_component>
      <object_component id="oc-10">
         <name>.debug_info</name>
         <load_address>0x1873</load_address>
         <run_address>0x1873</run_address>
         <size>0xeb</size>
         <input_file_ref idref="fl-3"/>
      </object_component>
      <object_component id="oc-2f">
         <name>.debug_info</name>
         <load_address>0x195e</load_address>
         <run_address>0x195e</run_address>
         <size>0x267</size>
         <input_file_ref idref="fl-3"/>
      </object_component>
      <object_component id="oc-92">
         <name>.debug_info</name>
         <load_address>0x1bc5</load_address>
         <run_address>0x1bc5</run_address>
         <size>0x84</size>
         <input_file_ref idref="fl-3"/>
      </object_component>
      <object_component id="oc-85">
         <name>.debug_info</name>
         <load_address>0x1c49</load_address>
         <run_address>0x1c49</run_address>
         <size>0x18b</size>
         <input_file_ref idref="fl-3"/>
      </object_component>
      <object_component id="oc-195">
         <name>.debug_info</name>
         <load_address>0x1dd4</load_address>
         <run_address>0x1dd4</run_address>
         <size>0x25f</size>
         <input_file_ref idref="fl-4"/>
      </object_component>
      <object_component id="oc-187">
         <name>.debug_info</name>
         <load_address>0x2033</load_address>
         <run_address>0x2033</run_address>
         <size>0xfc</size>
         <input_file_ref idref="fl-4"/>
      </object_component>
      <object_component id="oc-192">
         <name>.debug_info</name>
         <load_address>0x212f</load_address>
         <run_address>0x212f</run_address>
         <size>0xf6</size>
         <input_file_ref idref="fl-4"/>
      </object_component>
      <object_component id="oc-18a">
         <name>.debug_info</name>
         <load_address>0x2225</load_address>
         <run_address>0x2225</run_address>
         <size>0x104</size>
         <input_file_ref idref="fl-4"/>
      </object_component>
      <object_component id="oc-184">
         <name>.debug_info</name>
         <load_address>0x2329</load_address>
         <run_address>0x2329</run_address>
         <size>0x108</size>
         <input_file_ref idref="fl-4"/>
      </object_component>
      <object_component id="oc-f9">
         <name>.debug_info</name>
         <load_address>0x2431</load_address>
         <run_address>0x2431</run_address>
         <size>0x961</size>
         <input_file_ref idref="fl-4"/>
      </object_component>
      <object_component id="oc-196">
         <name>.debug_info</name>
         <load_address>0x2d92</load_address>
         <run_address>0x2d92</run_address>
         <size>0x4e</size>
         <input_file_ref idref="fl-4"/>
      </object_component>
      <object_component id="oc-207">
         <name>.debug_info</name>
         <load_address>0x2de0</load_address>
         <run_address>0x2de0</run_address>
         <size>0x7df</size>
         <input_file_ref idref="fl-7"/>
      </object_component>
      <object_component id="oc-1fd">
         <name>.debug_info</name>
         <load_address>0x35bf</load_address>
         <run_address>0x35bf</run_address>
         <size>0xf5</size>
         <input_file_ref idref="fl-7"/>
      </object_component>
      <object_component id="oc-29c">
         <name>.debug_info</name>
         <load_address>0x36b4</load_address>
         <run_address>0x36b4</run_address>
         <size>0xe7</size>
         <input_file_ref idref="fl-7"/>
      </object_component>
      <object_component id="oc-2bc">
         <name>.debug_info</name>
         <load_address>0x379b</load_address>
         <run_address>0x379b</run_address>
         <size>0xec</size>
         <input_file_ref idref="fl-7"/>
      </object_component>
      <object_component id="oc-11e">
         <name>.debug_info</name>
         <load_address>0x3887</load_address>
         <run_address>0x3887</run_address>
         <size>0x648</size>
         <input_file_ref idref="fl-7"/>
      </object_component>
      <object_component id="oc-26">
         <name>.debug_info</name>
         <load_address>0x3ecf</load_address>
         <run_address>0x3ecf</run_address>
         <size>0x161</size>
         <input_file_ref idref="fl-c7"/>
      </object_component>
      <object_component id="oc-42">
         <name>.debug_info</name>
         <load_address>0x4030</load_address>
         <run_address>0x4030</run_address>
         <size>0x141</size>
         <input_file_ref idref="fl-c8"/>
      </object_component>
      <object_component id="oc-13">
         <name>.debug_info</name>
         <load_address>0x4171</load_address>
         <run_address>0x4171</run_address>
         <size>0x1e0</size>
         <input_file_ref idref="fl-c8"/>
      </object_component>
      <object_component id="oc-3d">
         <name>.debug_info</name>
         <load_address>0x4351</load_address>
         <run_address>0x4351</run_address>
         <size>0x46</size>
         <input_file_ref idref="fl-c8"/>
      </object_component>
      <object_component id="oc-8b">
         <name>.debug_info</name>
         <load_address>0x4397</load_address>
         <run_address>0x4397</run_address>
         <size>0x2c</size>
         <input_file_ref idref="fl-c8"/>
      </object_component>
      <object_component id="oc-4a">
         <name>.debug_info</name>
         <load_address>0x43c3</load_address>
         <run_address>0x43c3</run_address>
         <size>0x135</size>
         <input_file_ref idref="fl-c9"/>
      </object_component>
      <object_component id="oc-47">
         <name>.debug_info</name>
         <load_address>0x44f8</load_address>
         <run_address>0x44f8</run_address>
         <size>0x248</size>
         <input_file_ref idref="fl-c9"/>
      </object_component>
      <object_component id="oc-1c">
         <name>.debug_info</name>
         <load_address>0x4740</load_address>
         <run_address>0x4740</run_address>
         <size>0x1b2</size>
         <input_file_ref idref="fl-c9"/>
      </object_component>
      <object_component id="oc-4b">
         <name>.debug_info</name>
         <load_address>0x48f2</load_address>
         <run_address>0x48f2</run_address>
         <size>0x39</size>
         <input_file_ref idref="fl-c9"/>
      </object_component>
      <object_component id="oc-9a">
         <name>.debug_info</name>
         <load_address>0x492b</load_address>
         <run_address>0x492b</run_address>
         <size>0x2c</size>
         <input_file_ref idref="fl-c9"/>
      </object_component>
      <object_component id="oc-275">
         <name>.debug_info</name>
         <load_address>0x4957</load_address>
         <run_address>0x4957</run_address>
         <size>0xfd</size>
         <input_file_ref idref="fl-cb"/>
      </object_component>
      <object_component id="oc-1c1">
         <name>.debug_info</name>
         <load_address>0x4a54</load_address>
         <run_address>0x4a54</run_address>
         <size>0x165</size>
         <input_file_ref idref="fl-cb"/>
      </object_component>
      <object_component id="oc-c1">
         <name>.debug_info</name>
         <load_address>0x4bb9</load_address>
         <run_address>0x4bb9</run_address>
         <size>0x235</size>
         <input_file_ref idref="fl-cc"/>
      </object_component>
      <object_component id="oc-bb">
         <name>.debug_info</name>
         <load_address>0x4dee</load_address>
         <run_address>0x4dee</run_address>
         <size>0x186</size>
         <input_file_ref idref="fl-cc"/>
      </object_component>
      <object_component id="oc-76">
         <name>.debug_info</name>
         <load_address>0x4f74</load_address>
         <run_address>0x4f74</run_address>
         <size>0x215</size>
         <input_file_ref idref="fl-cc"/>
      </object_component>
      <object_component id="oc-38">
         <name>.debug_info</name>
         <load_address>0x5189</load_address>
         <run_address>0x5189</run_address>
         <size>0x112</size>
         <input_file_ref idref="fl-d0"/>
      </object_component>
      <object_component id="oc-80">
         <name>.debug_info</name>
         <load_address>0x529b</load_address>
         <run_address>0x529b</run_address>
         <size>0x223</size>
         <input_file_ref idref="fl-d1"/>
      </object_component>
      <object_component id="oc-2c">
         <name>.debug_info</name>
         <load_address>0x54be</load_address>
         <run_address>0x54be</run_address>
         <size>0x102</size>
         <input_file_ref idref="fl-d1"/>
      </object_component>
      <object_component id="oc-26c">
         <name>.debug_info</name>
         <load_address>0x55c0</load_address>
         <run_address>0x55c0</run_address>
         <size>0x14d</size>
         <input_file_ref idref="fl-d1"/>
      </object_component>
      <object_component id="oc-1a6">
         <name>.debug_info</name>
         <load_address>0x570d</load_address>
         <run_address>0x570d</run_address>
         <size>0x88c</size>
         <input_file_ref idref="fl-d1"/>
      </object_component>
      <object_component id="oc-c7">
         <name>.debug_info</name>
         <load_address>0x5f99</load_address>
         <run_address>0x5f99</run_address>
         <size>0x2c</size>
         <input_file_ref idref="fl-d1"/>
      </object_component>
      <object_component id="oc-cc">
         <name>.debug_info</name>
         <load_address>0x5fc5</load_address>
         <run_address>0x5fc5</run_address>
         <size>0x62</size>
         <input_file_ref idref="fl-d1"/>
      </object_component>
      <object_component id="oc-51">
         <name>.debug_info</name>
         <load_address>0x6027</load_address>
         <run_address>0x6027</run_address>
         <size>0x140</size>
         <input_file_ref idref="fl-d2"/>
      </object_component>
      <object_component id="oc-5d">
         <name>.debug_info</name>
         <load_address>0x6167</load_address>
         <run_address>0x6167</run_address>
         <size>0x139</size>
         <input_file_ref idref="fl-d3"/>
      </object_component>
      <object_component id="oc-1b5">
         <name>.debug_info</name>
         <load_address>0x62a0</load_address>
         <run_address>0x62a0</run_address>
         <size>0x166</size>
         <input_file_ref idref="fl-d4"/>
      </object_component>
      <object_component id="oc-118">
         <name>.debug_info</name>
         <load_address>0x6406</load_address>
         <run_address>0x6406</run_address>
         <size>0x199</size>
         <input_file_ref idref="fl-d4"/>
      </object_component>
      <object_component id="oc-1bb">
         <name>.debug_info</name>
         <load_address>0x659f</load_address>
         <run_address>0x659f</run_address>
         <size>0x2c</size>
         <input_file_ref idref="fl-d4"/>
      </object_component>
      <object_component id="oc-1b6">
         <name>.debug_info</name>
         <load_address>0x65cb</load_address>
         <run_address>0x65cb</run_address>
         <size>0x2c</size>
         <input_file_ref idref="fl-d4"/>
      </object_component>
      <object_component id="oc-1af">
         <name>.debug_info</name>
         <load_address>0x65f7</load_address>
         <run_address>0x65f7</run_address>
         <size>0x160</size>
         <input_file_ref idref="fl-d5"/>
      </object_component>
      <object_component id="oc-63">
         <name>.debug_info</name>
         <load_address>0x6757</load_address>
         <run_address>0x6757</run_address>
         <size>0x149</size>
         <input_file_ref idref="fl-d6"/>
      </object_component>
      <object_component id="oc-7b">
         <name>.debug_info</name>
         <load_address>0x68a0</load_address>
         <run_address>0x68a0</run_address>
         <size>0x10a</size>
         <input_file_ref idref="fl-d8"/>
      </object_component>
      <object_component id="oc-2cd">
         <name>.debug_info</name>
         <load_address>0x69aa</load_address>
         <run_address>0x69aa</run_address>
         <size>0x67e</size>
         <input_file_ref idref="fl-d9"/>
      </object_component>
      <object_component id="oc-2b7">
         <name>.debug_info</name>
         <load_address>0x7028</load_address>
         <run_address>0x7028</run_address>
         <size>0x14e</size>
         <input_file_ref idref="fl-d9"/>
      </object_component>
      <object_component id="oc-31b">
         <name>.debug_info</name>
         <load_address>0x7176</load_address>
         <run_address>0x7176</run_address>
         <size>0x15a</size>
         <input_file_ref idref="fl-d9"/>
      </object_component>
      <object_component id="oc-302">
         <name>.debug_info</name>
         <load_address>0x72d0</load_address>
         <run_address>0x72d0</run_address>
         <size>0x152</size>
         <input_file_ref idref="fl-d9"/>
      </object_component>
      <object_component id="oc-30c">
         <name>.debug_info</name>
         <load_address>0x7422</load_address>
         <run_address>0x7422</run_address>
         <size>0x10e</size>
         <input_file_ref idref="fl-d9"/>
      </object_component>
      <object_component id="oc-320">
         <name>.debug_info</name>
         <load_address>0x7530</load_address>
         <run_address>0x7530</run_address>
         <size>0x113</size>
         <input_file_ref idref="fl-d9"/>
      </object_component>
      <object_component id="oc-2e1">
         <name>.debug_info</name>
         <load_address>0x7643</load_address>
         <run_address>0x7643</run_address>
         <size>0x118</size>
         <input_file_ref idref="fl-d9"/>
      </object_component>
      <object_component id="oc-307">
         <name>.debug_info</name>
         <load_address>0x775b</load_address>
         <run_address>0x775b</run_address>
         <size>0x11d</size>
         <input_file_ref idref="fl-d9"/>
      </object_component>
      <object_component id="oc-2d1">
         <name>.debug_info</name>
         <load_address>0x7878</load_address>
         <run_address>0x7878</run_address>
         <size>0x154</size>
         <input_file_ref idref="fl-d9"/>
      </object_component>
      <object_component id="oc-2db">
         <name>.debug_info</name>
         <load_address>0x79cc</load_address>
         <run_address>0x79cc</run_address>
         <size>0x11c</size>
         <input_file_ref idref="fl-d9"/>
      </object_component>
      <object_component id="oc-32f">
         <name>.debug_info</name>
         <load_address>0x7ae8</load_address>
         <run_address>0x7ae8</run_address>
         <size>0x14c</size>
         <input_file_ref idref="fl-d9"/>
      </object_component>
      <object_component id="oc-2c3">
         <name>.debug_info</name>
         <load_address>0x7c34</load_address>
         <run_address>0x7c34</run_address>
         <size>0x140</size>
         <input_file_ref idref="fl-d9"/>
      </object_component>
      <object_component id="oc-2f8">
         <name>.debug_info</name>
         <load_address>0x7d74</load_address>
         <run_address>0x7d74</run_address>
         <size>0x146</size>
         <input_file_ref idref="fl-d9"/>
      </object_component>
      <object_component id="oc-32a">
         <name>.debug_info</name>
         <load_address>0x7eba</load_address>
         <run_address>0x7eba</run_address>
         <size>0x140</size>
         <input_file_ref idref="fl-d9"/>
      </object_component>
      <object_component id="oc-316">
         <name>.debug_info</name>
         <load_address>0x7ffa</load_address>
         <run_address>0x7ffa</run_address>
         <size>0x144</size>
         <input_file_ref idref="fl-d9"/>
      </object_component>
      <object_component id="oc-2fd">
         <name>.debug_info</name>
         <load_address>0x813e</load_address>
         <run_address>0x813e</run_address>
         <size>0x121</size>
         <input_file_ref idref="fl-d9"/>
      </object_component>
      <object_component id="oc-339">
         <name>.debug_info</name>
         <load_address>0x825f</load_address>
         <run_address>0x825f</run_address>
         <size>0x151</size>
         <input_file_ref idref="fl-d9"/>
      </object_component>
      <object_component id="oc-2d6">
         <name>.debug_info</name>
         <load_address>0x83b0</load_address>
         <run_address>0x83b0</run_address>
         <size>0x145</size>
         <input_file_ref idref="fl-d9"/>
      </object_component>
      <object_component id="oc-311">
         <name>.debug_info</name>
         <load_address>0x84f5</load_address>
         <run_address>0x84f5</run_address>
         <size>0x14b</size>
         <input_file_ref idref="fl-d9"/>
      </object_component>
      <object_component id="oc-334">
         <name>.debug_info</name>
         <load_address>0x8640</load_address>
         <run_address>0x8640</run_address>
         <size>0x145</size>
         <input_file_ref idref="fl-d9"/>
      </object_component>
      <object_component id="oc-325">
         <name>.debug_info</name>
         <load_address>0x8785</load_address>
         <run_address>0x8785</run_address>
         <size>0x149</size>
         <input_file_ref idref="fl-d9"/>
      </object_component>
      <object_component id="oc-2c8">
         <name>.debug_info</name>
         <load_address>0x88ce</load_address>
         <run_address>0x88ce</run_address>
         <size>0x10ae</size>
         <input_file_ref idref="fl-d9"/>
      </object_component>
      <object_component id="oc-2eb">
         <name>.debug_info</name>
         <load_address>0x997c</load_address>
         <run_address>0x997c</run_address>
         <size>0x582</size>
         <input_file_ref idref="fl-d9"/>
      </object_component>
      <object_component id="oc-2f2">
         <name>.debug_info</name>
         <load_address>0x9efe</load_address>
         <run_address>0x9efe</run_address>
         <size>0x2c</size>
         <input_file_ref idref="fl-d9"/>
      </object_component>
      <object_component id="oc-2e6">
         <name>.debug_info</name>
         <load_address>0x9f2a</load_address>
         <run_address>0x9f2a</run_address>
         <size>0xec</size>
         <input_file_ref idref="fl-d9"/>
      </object_component>
      <object_component id="oc-18d">
         <name>.debug_info</name>
         <load_address>0xa016</load_address>
         <run_address>0xa016</run_address>
         <size>0x13b</size>
         <input_file_ref idref="fl-da"/>
      </object_component>
      <object_component id="oc-1ac">
         <name>.debug_info</name>
         <load_address>0xa151</load_address>
         <run_address>0xa151</run_address>
         <size>0x104</size>
         <input_file_ref idref="fl-dc"/>
      </object_component>
      <object_component id="oc-144">
         <name>.debug_info</name>
         <load_address>0xa255</load_address>
         <run_address>0xa255</run_address>
         <size>0x125</size>
         <input_file_ref idref="fl-dd"/>
      </object_component>
      <object_component id="oc-be">
         <name>.debug_info</name>
         <load_address>0xa37a</load_address>
         <run_address>0xa37a</run_address>
         <size>0x114</size>
         <input_file_ref idref="fl-dd"/>
      </object_component>
      <object_component id="oc-13f">
         <name>.debug_info</name>
         <load_address>0xa48e</load_address>
         <run_address>0xa48e</run_address>
         <size>0x220</size>
         <input_file_ref idref="fl-dd"/>
      </object_component>
      <object_component id="oc-b9">
         <name>.debug_info</name>
         <load_address>0xa6ae</load_address>
         <run_address>0xa6ae</run_address>
         <size>0x167</size>
         <input_file_ref idref="fl-de"/>
      </object_component>
      <object_component id="oc-6f">
         <name>.debug_info</name>
         <load_address>0xa815</load_address>
         <run_address>0xa815</run_address>
         <size>0x168</size>
         <input_file_ref idref="fl-de"/>
      </object_component>
      <object_component id="oc-135">
         <name>.debug_info</name>
         <load_address>0xa97d</load_address>
         <run_address>0xa97d</run_address>
         <size>0x5e</size>
         <input_file_ref idref="fl-de"/>
      </object_component>
      <object_component id="oc-b1">
         <name>.debug_info</name>
         <load_address>0xa9db</load_address>
         <run_address>0xa9db</run_address>
         <size>0x2ea</size>
         <input_file_ref idref="fl-df"/>
      </object_component>
      <object_component id="oc-69">
         <name>.debug_info</name>
         <load_address>0xacc5</load_address>
         <run_address>0xacc5</run_address>
         <size>0x191</size>
         <input_file_ref idref="fl-df"/>
      </object_component>
      <object_component id="oc-d6">
         <name>.debug_info</name>
         <load_address>0xae56</load_address>
         <run_address>0xae56</run_address>
         <size>0x39</size>
         <input_file_ref idref="fl-df"/>
      </object_component>
      <object_component id="oc-db">
         <name>.debug_info</name>
         <load_address>0xae8f</load_address>
         <run_address>0xae8f</run_address>
         <size>0xcd</size>
         <input_file_ref idref="fl-df"/>
      </object_component>
      <object_component id="oc-d2">
         <name>.debug_info</name>
         <load_address>0xaf5c</load_address>
         <run_address>0xaf5c</run_address>
         <size>0x1e1</size>
         <input_file_ref idref="fl-e0"/>
      </object_component>
      <object_component id="oc-a5">
         <name>.debug_info</name>
         <load_address>0xb13d</load_address>
         <run_address>0xb13d</run_address>
         <size>0x184</size>
         <input_file_ref idref="fl-e0"/>
      </object_component>
      <object_component id="oc-14a">
         <name>.debug_info</name>
         <load_address>0xb2c1</load_address>
         <run_address>0xb2c1</run_address>
         <size>0x2c</size>
         <input_file_ref idref="fl-e0"/>
      </object_component>
      <object_component id="oc-25e">
         <name>.debug_info</name>
         <load_address>0xb2ed</load_address>
         <run_address>0xb2ed</run_address>
         <size>0x148</size>
         <input_file_ref idref="fl-e2"/>
      </object_component>
      <object_component id="oc-ab">
         <name>.debug_info</name>
         <load_address>0xb435</load_address>
         <run_address>0xb435</run_address>
         <size>0x146</size>
         <input_file_ref idref="fl-e3"/>
      </object_component>
      <object_component id="oc-1a1">
         <name>.debug_info</name>
         <load_address>0xb57b</load_address>
         <run_address>0xb57b</run_address>
         <size>0x227</size>
         <input_file_ref idref="fl-e5"/>
      </object_component>
      <object_component id="oc-298">
         <name>.debug_info</name>
         <load_address>0xb7a2</load_address>
         <run_address>0xb7a2</run_address>
         <size>0x156</size>
         <input_file_ref idref="fl-e5"/>
      </object_component>
      <object_component id="oc-105">
         <name>.debug_info</name>
         <load_address>0xb8f8</load_address>
         <run_address>0xb8f8</run_address>
         <size>0x286</size>
         <input_file_ref idref="fl-e5"/>
      </object_component>
      <object_component id="oc-28b">
         <name>.debug_info</name>
         <load_address>0xbb7e</load_address>
         <run_address>0xbb7e</run_address>
         <size>0x2dd</size>
         <input_file_ref idref="fl-e5"/>
      </object_component>
      <object_component id="oc-1df">
         <name>.debug_info</name>
         <load_address>0xbe5b</load_address>
         <run_address>0xbe5b</run_address>
         <size>0x413</size>
         <input_file_ref idref="fl-e5"/>
      </object_component>
      <object_component id="oc-277">
         <name>.debug_info</name>
         <load_address>0xc26e</load_address>
         <run_address>0xc26e</run_address>
         <size>0x265</size>
         <input_file_ref idref="fl-e5"/>
      </object_component>
      <object_component id="oc-ff">
         <name>.debug_info</name>
         <load_address>0xc4d3</load_address>
         <run_address>0xc4d3</run_address>
         <size>0x28c</size>
         <input_file_ref idref="fl-e5"/>
      </object_component>
      <object_component id="oc-1c7">
         <name>.debug_info</name>
         <load_address>0xc75f</load_address>
         <run_address>0xc75f</run_address>
         <size>0x2c7</size>
         <input_file_ref idref="fl-e5"/>
      </object_component>
      <object_component id="oc-1cd">
         <name>.debug_info</name>
         <load_address>0xca26</load_address>
         <run_address>0xca26</run_address>
         <size>0x28a</size>
         <input_file_ref idref="fl-e5"/>
      </object_component>
      <object_component id="oc-10b">
         <name>.debug_info</name>
         <load_address>0xccb0</load_address>
         <run_address>0xccb0</run_address>
         <size>0x286</size>
         <input_file_ref idref="fl-e5"/>
      </object_component>
      <object_component id="oc-1eb">
         <name>.debug_info</name>
         <load_address>0xcf36</load_address>
         <run_address>0xcf36</run_address>
         <size>0x26c</size>
         <input_file_ref idref="fl-e5"/>
      </object_component>
      <object_component id="oc-1d9">
         <name>.debug_info</name>
         <load_address>0xd1a2</load_address>
         <run_address>0xd1a2</run_address>
         <size>0x242</size>
         <input_file_ref idref="fl-e5"/>
      </object_component>
      <object_component id="oc-1f7">
         <name>.debug_info</name>
         <load_address>0xd3e4</load_address>
         <run_address>0xd3e4</run_address>
         <size>0x360</size>
         <input_file_ref idref="fl-e5"/>
      </object_component>
      <object_component id="oc-19c">
         <name>.debug_info</name>
         <load_address>0xd744</load_address>
         <run_address>0xd744</run_address>
         <size>0x1b3</size>
         <input_file_ref idref="fl-e5"/>
      </object_component>
      <object_component id="oc-155">
         <name>.debug_info</name>
         <load_address>0xd8f7</load_address>
         <run_address>0xd8f7</run_address>
         <size>0x230</size>
         <input_file_ref idref="fl-e6"/>
      </object_component>
      <object_component id="oc-152">
         <name>.debug_info</name>
         <load_address>0xdb27</load_address>
         <run_address>0xdb27</run_address>
         <size>0x15b</size>
         <input_file_ref idref="fl-e6"/>
      </object_component>
      <object_component id="oc-159">
         <name>.debug_info</name>
         <load_address>0xdc82</load_address>
         <run_address>0xdc82</run_address>
         <size>0x2b3</size>
         <input_file_ref idref="fl-e6"/>
      </object_component>
      <object_component id="oc-15f">
         <name>.debug_info</name>
         <load_address>0xdf35</load_address>
         <run_address>0xdf35</run_address>
         <size>0x316</size>
         <input_file_ref idref="fl-e6"/>
      </object_component>
      <object_component id="oc-f3">
         <name>.debug_info</name>
         <load_address>0xe24b</load_address>
         <run_address>0xe24b</run_address>
         <size>0x27b</size>
         <input_file_ref idref="fl-e6"/>
      </object_component>
      <object_component id="oc-1e5">
         <name>.debug_info</name>
         <load_address>0xe4c6</load_address>
         <run_address>0xe4c6</run_address>
         <size>0x279</size>
         <input_file_ref idref="fl-e6"/>
      </object_component>
      <object_component id="oc-e7">
         <name>.debug_info</name>
         <load_address>0xe73f</load_address>
         <run_address>0xe73f</run_address>
         <size>0x280</size>
         <input_file_ref idref="fl-e6"/>
      </object_component>
      <object_component id="oc-288">
         <name>.debug_info</name>
         <load_address>0xe9bf</load_address>
         <run_address>0xe9bf</run_address>
         <size>0x20e</size>
         <input_file_ref idref="fl-e8"/>
      </object_component>
      <object_component id="oc-285">
         <name>.debug_info</name>
         <load_address>0xebcd</load_address>
         <run_address>0xebcd</run_address>
         <size>0x210</size>
         <input_file_ref idref="fl-e8"/>
      </object_component>
      <object_component id="oc-2aa">
         <name>.debug_info</name>
         <load_address>0xeddd</load_address>
         <run_address>0xeddd</run_address>
         <size>0x157</size>
         <input_file_ref idref="fl-e8"/>
      </object_component>
      <object_component id="oc-27e">
         <name>.debug_info</name>
         <load_address>0xef34</load_address>
         <run_address>0xef34</run_address>
         <size>0x2c1</size>
         <input_file_ref idref="fl-e8"/>
      </object_component>
      <object_component id="oc-1d4">
         <name>.debug_info</name>
         <load_address>0xf1f5</load_address>
         <run_address>0xf1f5</run_address>
         <size>0x268</size>
         <input_file_ref idref="fl-e8"/>
      </object_component>
      <object_component id="oc-150">
         <name>.debug_info</name>
         <load_address>0xf45d</load_address>
         <run_address>0xf45d</run_address>
         <size>0x27f</size>
         <input_file_ref idref="fl-ea"/>
      </object_component>
      <object_component id="oc-294">
         <name>.debug_info</name>
         <load_address>0xf6dc</load_address>
         <run_address>0xf6dc</run_address>
         <size>0x14d</size>
         <input_file_ref idref="fl-ea"/>
      </object_component>
      <object_component id="oc-166">
         <name>.debug_info</name>
         <load_address>0xf829</load_address>
         <run_address>0xf829</run_address>
         <size>0x283</size>
         <input_file_ref idref="fl-ea"/>
      </object_component>
      <object_component id="oc-e1">
         <name>.debug_info</name>
         <load_address>0xfaac</load_address>
         <run_address>0xfaac</run_address>
         <size>0x27d</size>
         <input_file_ref idref="fl-ea"/>
      </object_component>
      <object_component id="oc-112">
         <name>.debug_info</name>
         <load_address>0xfd29</load_address>
         <run_address>0xfd29</run_address>
         <size>0x2db</size>
         <input_file_ref idref="fl-ea"/>
      </object_component>
      <object_component id="oc-1f1">
         <name>.debug_info</name>
         <load_address>0x10004</load_address>
         <run_address>0x10004</run_address>
         <size>0x2b5</size>
         <input_file_ref idref="fl-ea"/>
      </object_component>
      <object_component id="oc-23f">
         <name>.debug_info</name>
         <load_address>0x102b9</load_address>
         <run_address>0x102b9</run_address>
         <size>0x5f</size>
         <input_file_ref idref="fl-ea"/>
      </object_component>
      <object_component id="oc-157">
         <name>.debug_info</name>
         <load_address>0x10318</load_address>
         <run_address>0x10318</run_address>
         <size>0x227</size>
         <input_file_ref idref="fl-eb"/>
      </object_component>
      <object_component id="oc-172">
         <name>.debug_info</name>
         <load_address>0x1053f</load_address>
         <run_address>0x1053f</run_address>
         <size>0x247</size>
         <input_file_ref idref="fl-eb"/>
      </object_component>
      <object_component id="oc-24e">
         <name>.debug_info</name>
         <load_address>0x10786</load_address>
         <run_address>0x10786</run_address>
         <size>0x249</size>
         <input_file_ref idref="fl-eb"/>
      </object_component>
      <object_component id="oc-16c">
         <name>.debug_info</name>
         <load_address>0x109cf</load_address>
         <run_address>0x109cf</run_address>
         <size>0x326</size>
         <input_file_ref idref="fl-eb"/>
      </object_component>
      <object_component id="oc-ed">
         <name>.debug_info</name>
         <load_address>0x10cf5</load_address>
         <run_address>0x10cf5</run_address>
         <size>0x291</size>
         <input_file_ref idref="fl-eb"/>
      </object_component>
      <object_component id="oc-178">
         <name>.debug_info</name>
         <load_address>0x10f86</load_address>
         <run_address>0x10f86</run_address>
         <size>0x273</size>
         <input_file_ref idref="fl-eb"/>
      </object_component>
      <object_component id="oc-17e">
         <name>.debug_info</name>
         <load_address>0x111f9</load_address>
         <run_address>0x111f9</run_address>
         <size>0x24d</size>
         <input_file_ref idref="fl-eb"/>
      </object_component>
      <object_component id="oc-363">
         <name>.debug_info</name>
         <load_address>0x11446</load_address>
         <run_address>0x11446</run_address>
         <size>0x9f</size>
      </object_component>
      <object_component id="oc-211">
         <name>.debug_line</name>
         <load_address>0x0</load_address>
         <run_address>0x0</run_address>
         <size>0x147</size>
         <input_file_ref idref="fl-2"/>
      </object_component>
      <object_component id="oc-20f">
         <name>.debug_line</name>
         <load_address>0x147</load_address>
         <run_address>0x147</run_address>
         <size>0x2f</size>
         <input_file_ref idref="fl-2"/>
      </object_component>
      <object_component id="oc-b6">
         <name>.debug_line</name>
         <load_address>0x176</load_address>
         <run_address>0x176</run_address>
         <size>0xc4</size>
         <input_file_ref idref="fl-2"/>
      </object_component>
      <object_component id="oc-215">
         <name>.debug_line</name>
         <load_address>0x23a</load_address>
         <run_address>0x23a</run_address>
         <size>0x43</size>
         <input_file_ref idref="fl-2"/>
      </object_component>
      <object_component id="oc-205">
         <name>.debug_line</name>
         <load_address>0x27d</load_address>
         <run_address>0x27d</run_address>
         <size>0x37</size>
         <input_file_ref idref="fl-2"/>
      </object_component>
      <object_component id="oc-21a">
         <name>.debug_line</name>
         <load_address>0x2b4</load_address>
         <run_address>0x2b4</run_address>
         <size>0x47</size>
         <input_file_ref idref="fl-2"/>
      </object_component>
      <object_component id="oc-21f">
         <name>.debug_line</name>
         <load_address>0x2fb</load_address>
         <run_address>0x2fb</run_address>
         <size>0x40</size>
         <input_file_ref idref="fl-2"/>
      </object_component>
      <object_component id="oc-224">
         <name>.debug_line</name>
         <load_address>0x33b</load_address>
         <run_address>0x33b</run_address>
         <size>0x5e</size>
         <input_file_ref idref="fl-2"/>
      </object_component>
      <object_component id="oc-229">
         <name>.debug_line</name>
         <load_address>0x399</load_address>
         <run_address>0x399</run_address>
         <size>0x40</size>
         <input_file_ref idref="fl-2"/>
      </object_component>
      <object_component id="oc-22e">
         <name>.debug_line</name>
         <load_address>0x3d9</load_address>
         <run_address>0x3d9</run_address>
         <size>0x65</size>
         <input_file_ref idref="fl-2"/>
      </object_component>
      <object_component id="oc-233">
         <name>.debug_line</name>
         <load_address>0x43e</load_address>
         <run_address>0x43e</run_address>
         <size>0x40</size>
         <input_file_ref idref="fl-2"/>
      </object_component>
      <object_component id="oc-12f">
         <name>.debug_line</name>
         <load_address>0x47e</load_address>
         <run_address>0x47e</run_address>
         <size>0x20</size>
         <input_file_ref idref="fl-2"/>
      </object_component>
      <object_component id="oc-12a">
         <name>.debug_line</name>
         <load_address>0x49e</load_address>
         <run_address>0x49e</run_address>
         <size>0x5f</size>
         <input_file_ref idref="fl-2"/>
      </object_component>
      <object_component id="oc-238">
         <name>.debug_line</name>
         <load_address>0x4fd</load_address>
         <run_address>0x4fd</run_address>
         <size>0x5f</size>
         <input_file_ref idref="fl-2"/>
      </object_component>
      <object_component id="oc-20c">
         <name>.debug_line</name>
         <load_address>0x55c</load_address>
         <run_address>0x55c</run_address>
         <size>0x55</size>
         <input_file_ref idref="fl-2"/>
      </object_component>
      <object_component id="oc-84">
         <name>.debug_line</name>
         <load_address>0x5b1</load_address>
         <run_address>0x5b1</run_address>
         <size>0x41</size>
         <input_file_ref idref="fl-3"/>
      </object_component>
      <object_component id="oc-35">
         <name>.debug_line</name>
         <load_address>0x5f2</load_address>
         <run_address>0x5f2</run_address>
         <size>0x41</size>
         <input_file_ref idref="fl-3"/>
      </object_component>
      <object_component id="oc-32">
         <name>.debug_line</name>
         <load_address>0x633</load_address>
         <run_address>0x633</run_address>
         <size>0xa1</size>
         <input_file_ref idref="fl-3"/>
      </object_component>
      <object_component id="oc-95">
         <name>.debug_line</name>
         <load_address>0x6d4</load_address>
         <run_address>0x6d4</run_address>
         <size>0x20</size>
         <input_file_ref idref="fl-3"/>
      </object_component>
[...]
         <object_component_ref idref="oc-1a5"/>
      </symbol>
      <symbol id="sm-28e">
         <name>memalign</name>
         <value>0x9cd</value>
         <object_component_ref idref="oc-1a5"/>
      </symbol>
      <symbol id="sm-28f">
         <name>calloc</name>
         <value>0xab1</value>
         <object_component_ref idref="oc-1a5"/>
      </symbol>
      <symbol id="sm-290">
         <name>malloc</name>
         <value>0x797</value>
         <object_component_ref idref="oc-1a5"/>
      </symbol>
      <symbol id="sm-291">
         <name>minit</name>
         <value>0x709</value>
         <object_component_ref idref="oc-1a5"/>
      </symbol>
      <symbol id="sm-2a0">
         <name>__aeabi_memset</name>
         <value>0x12a3</value>
         <object_component_ref idref="oc-50"/>
      </symbol>
      <symbol id="sm-2a1">
         <name>memset</name>
         <value>0x12a9</value>
         <object_component_ref idref="oc-50"/>
      </symbol>
      <symbol id="sm-2a2">
         <name>__aeabi_memset8</name>
         <value>0x12a3</value>
         <object_component_ref idref="oc-50"/>
      </symbol>
      <symbol id="sm-2a3">
         <name>__aeabi_memset4</name>
         <value>0x12a3</value>
         <object_component_ref idref="oc-50"/>
      </symbol>
      <symbol id="sm-2a4">
         <name>__aeabi_memclr8</name>
         <value>0x12a1</value>
         <object_component_ref idref="oc-50"/>
      </symbol>
      <symbol id="sm-2a5">
         <name>__aeabi_memclr4</name>
         <value>0x12a1</value>
         <object_component_ref idref="oc-50"/>
      </symbol>
      <symbol id="sm-2a6">
         <name>__aeabi_memclr</name>
         <value>0x12a1</value>
         <object_component_ref idref="oc-50"/>
      </symbol>
      <symbol id="sm-2b0">
         <name>__mpu_init</name>
         <value>0x1463</value>
         <object_component_ref idref="oc-5c"/>
      </symbol>
      <symbol id="sm-2cc">
         <name>_Znwj</name>
         <value>0x1805</value>
         <object_component_ref idref="oc-117"/>
      </symbol>
      <symbol id="sm-2d6">
         <name>_Z21__default_new_handlerv</name>
         <value>0x19bf</value>
         <object_component_ref idref="oc-1ae"/>
      </symbol>
      <symbol id="sm-2e0">
         <name>_system_pre_init</name>
         <value>0x19bb</value>
         <object_component_ref idref="oc-62"/>
      </symbol>
      <symbol id="sm-2e9">
         <name>main_func_sp</name>
         <value>0x200008a0</value>
         <object_component_ref idref="oc-7a"/>
      </symbol>
      <symbol id="sm-3a9">
         <name>_ZSt16__dummy_typeinfo</name>
         <value>0x2000066c</value>
      </symbol>
      <symbol id="sm-3aa">
         <name>_ZN10__cxxabiv120__function_type_infoD1Ev</name>
         <value>0x11c1</value>
         <object_component_ref idref="oc-2c7"/>
      </symbol>
      <symbol id="sm-3ab">
         <name>_ZTIN10__cxxabiv119__pointer_type_infoE</name>
         <value>0x1ca4</value>
         <object_component_ref idref="oc-315"/>
      </symbol>
      <symbol id="sm-3ac">
         <name>_ZTSSt9type_info</name>
         <value>0x1c7c</value>
         <object_component_ref idref="oc-2fc"/>
      </symbol>
      <symbol id="sm-3ad">
         <name>_ZN10__cxxabiv123__fundamental_type_infoD2Ev</name>
         <value>0x11a3</value>
         <object_component_ref idref="oc-2c7"/>
      </symbol>
      <symbol id="sm-3ae">
         <name>_ZN10__cxxabiv117__class_type_infoD1Ev</name>
         <value>0x11df</value>
         <object_component_ref idref="oc-2c7"/>
      </symbol>
      <symbol id="sm-3af">
         <name>_ZN10__cxxabiv129__pointer_to_member_type_infoD2Ev</name>
         <value>0x1199</value>
         <object_component_ref idref="oc-2c7"/>
      </symbol>
      <symbol id="sm-3b0">
         <name>_ZN10__cxxabiv116__enum_type_infoD1Ev</name>
         <value>0x11f3</value>
         <object_component_ref idref="oc-2c7"/>
      </symbol>
      <symbol id="sm-3b1">
         <name>_ZN10__cxxabiv121__vmi_class_type_infoD1Ev</name>
         <value>0x11ad</value>
         <object_component_ref idref="oc-2c7"/>
      </symbol>
      <symbol id="sm-3b2">
         <name>_ZTSN10__cxxabiv123__fundamental_type_infoE</name>
         <value>0x1b30</value>
         <object_component_ref idref="oc-338"/>
      </symbol>
      <symbol id="sm-3b3">
         <name>_ZN10__cxxabiv117__pbase_type_infoD1Ev</name>
         <value>0x11d5</value>
         <object_component_ref idref="oc-2c7"/>
      </symbol>
      <symbol id="sm-3b4">
         <name>_ZTVN10__cxxabiv123__fundamental_type_infoE</name>
         <value>0x1c6c</value>
         <object_component_ref idref="oc-31a"/>
      </symbol>
      <symbol id="sm-3b5">
         <name>_ZTSN10__cxxabiv120__si_class_type_infoE</name>
         <value>0x1b58</value>
         <object_component_ref idref="oc-310"/>
      </symbol>
      <symbol id="sm-3b6">
         <name>_ZN10__cxxabiv117__array_type_infoD1Ev</name>
         <value>0x11e9</value>
         <object_component_ref idref="oc-2c7"/>
      </symbol>
      <symbol id="sm-3b7">
         <name>_ZTVN10__cxxabiv119__pointer_type_infoE</name>
         <value>0x1c4c</value>
         <object_component_ref idref="oc-301"/>
      </symbol>
      <symbol id="sm-3b8">
         <name>_ZTSPKe</name>
         <value>0x1d00</value>
         <object_component_ref idref="oc-306"/>
      </symbol>
      <symbol id="sm-3b9">
         <name>_ZNKSt9type_infoneERKS_</name>
         <value>0x115f</value>
         <object_component_ref idref="oc-2c7"/>
      </symbol>
      <symbol id="sm-3ba">
         <name>_ZN10__cxxabiv119__pointer_type_infoD1Ev</name>
         <value>0x11cb</value>
         <object_component_ref idref="oc-2c7"/>
      </symbol>
      <symbol id="sm-3bb">
         <name>_ZNSt9type_infoD2Ev</name>
         <value>0x1151</value>
         <object_component_ref idref="oc-2c7"/>
      </symbol>
      <symbol id="sm-3bc">
         <name>_ZNKSt9type_info6beforeERKS_</name>
         <value>0x118b</value>
         <object_component_ref idref="oc-2c7"/>
      </symbol>
      <symbol id="sm-3bd">
         <name>_ZN10__cxxabiv123__fundamental_type_infoD1Ev</name>
         <value>0x11a3</value>
         <object_component_ref idref="oc-2c7"/>
      </symbol>
      <symbol id="sm-3be">
         <name>_ZTSN10__cxxabiv119__pointer_type_infoE</name>
         <value>0x1b7d</value>
         <object_component_ref idref="oc-324"/>
      </symbol>
      <symbol id="sm-3bf">
         <name>_ZN10__cxxabiv121__vmi_class_type_infoD2Ev</name>
         <value>0x11ad</value>
         <object_component_ref idref="oc-2c7"/>
      </symbol>
      <symbol id="sm-3c0">
         <name>_ZTSN10__cxxabiv117__class_type_infoE</name>
         <value>0x1ba1</value>
         <object_component_ref idref="oc-2d5"/>
      </symbol>
      <symbol id="sm-3c1">
         <name>_ZN10__cxxabiv120__function_type_infoD2Ev</name>
         <value>0x11c1</value>
         <object_component_ref idref="oc-2c7"/>
      </symbol>
      <symbol id="sm-3c2">
         <name>_ZN10__cxxabiv117__class_type_infoD2Ev</name>
         <value>0x11df</value>
         <object_component_ref idref="oc-2c7"/>
      </symbol>
      <symbol id="sm-3c3">
         <name>_ZN10__cxxabiv116__enum_type_infoD2Ev</name>
         <value>0x11f3</value>
         <object_component_ref idref="oc-2c7"/>
      </symbol>
      <symbol id="sm-3c4">
         <name>_ZN10__cxxabiv119__pointer_type_infoD2Ev</name>
         <value>0x11cb</value>
         <object_component_ref idref="oc-2c7"/>
      </symbol>
      <symbol id="sm-3c5">
         <name>_ZN10__cxxabiv120__si_class_type_infoD2Ev</name>
         <value>0x11b7</value>
         <object_component_ref idref="oc-2c7"/>
      </symbol>
      <symbol id="sm-3c6">
         <name>_ZN10__cxxabiv117__pbase_type_infoD2Ev</name>
         <value>0x11d5</value>
         <object_component_ref idref="oc-2c7"/>
      </symbol>
      <symbol id="sm-3c7">
         <name>_ZTVN10__cxxabiv117__class_type_infoE</name>
         <value>0x1c3c</value>
         <object_component_ref idref="oc-2b6"/>
      </symbol>
      <symbol id="sm-3c8">
         <name>_ZN10__cxxabiv117__array_type_infoD2Ev</name>
         <value>0x11e9</value>
         <object_component_ref idref="oc-2c7"/>
      </symbol>
      <symbol id="sm-3c9">
         <name>_ZNSt9type_infoD1Ev</name>
         <value>0x1151</value>
         <object_component_ref idref="oc-2c7"/>
      </symbol>
      <symbol id="sm-3ca">
         <name>_ZTIN10__cxxabiv123__fundamental_type_infoE</name>
         <value>0x1cbc</value>
         <object_component_ref idref="oc-32e"/>
      </symbol>
      <symbol id="sm-3cb">
         <name>_ZTISt9type_info</name>
         <value>0x1ce8</value>
         <object_component_ref idref="oc-2da"/>
      </symbol>
      <symbol id="sm-3cc">
         <name>_ZN10__cxxabiv123__fundamental_type_infoD0Ev</name>
         <value>0x11a5</value>
         <object_component_ref idref="oc-2c7"/>
      </symbol>
      <symbol id="sm-3cd">
         <name>_ZTIN10__cxxabiv117__pbase_type_infoE</name>
         <value>0x1c98</value>
         <object_component_ref idref="oc-329"/>
      </symbol>
      <symbol id="sm-3ce">
         <name>_ZTSe</name>
         <value>0x1c06</value>
         <object_component_ref idref="oc-31f"/>
      </symbol>
      <symbol id="sm-3cf">
         <name>_ZNKSt9type_info4nameEv</name>
         <value>0x115b</value>
         <object_component_ref idref="oc-2c7"/>
      </symbol>
      <symbol id="sm-3d0">
         <name>_ZTIN10__cxxabiv117__class_type_infoE</name>
         <value>0x1c8c</value>
         <object_component_ref idref="oc-2c2"/>
      </symbol>
      <symbol id="sm-3d1">
         <name>_ZN10__cxxabiv129__pointer_to_member_type_infoD0Ev</name>
         <value>0x119b</value>
         <object_component_ref idref="oc-2c7"/>
      </symbol>
      <symbol id="sm-3d2">
         <name>_ZN10__cxxabiv120__si_class_type_infoD1Ev</name>
         <value>0x11b7</value>
         <object_component_ref idref="oc-2c7"/>
      </symbol>
      <symbol id="sm-3d3">
         <name>_ZTIN10__cxxabiv120__si_class_type_infoE</name>
         <value>0x1cb0</value>
         <object_component_ref idref="oc-2f7"/>
      </symbol>
      <symbol id="sm-3d4">
         <name>_ZNSt9type_infoD0Ev</name>
         <value>0x1153</value>
         <object_component_ref idref="oc-2c7"/>
      </symbol>
      <symbol id="sm-3d5">
         <name>_ZN10__cxxabiv120__function_type_infoD0Ev</name>
         <value>0x11c3</value>
         <object_component_ref idref="oc-2c7"/>
      </symbol>
      <symbol id="sm-3d6">
         <name>_ZN10__cxxabiv117__class_type_infoD0Ev</name>
         <value>0x11e1</value>
         <object_component_ref idref="oc-2c7"/>
      </symbol>
      <symbol id="sm-3d7">
         <name>_ZTSN10__cxxabiv117__pbase_type_infoE</name>
         <value>0x1bc3</value>
         <object_component_ref idref="oc-333"/>
      </symbol>
      <symbol id="sm-3d8">
         <name>_ZN10__cxxabiv116__enum_type_infoD0Ev</name>
         <value>0x11f5</value>
         <object_component_ref idref="oc-2c7"/>
      </symbol>
      <symbol id="sm-3d9">
         <name>_ZTIe</name>
         <value>0x1cf0</value>
         <object_component_ref idref="oc-30b"/>
      </symbol>
      <symbol id="sm-3da">
         <name>_ZN10__cxxabiv121__vmi_class_type_infoD0Ev</name>
         <value>0x11af</value>
         <object_component_ref idref="oc-2c7"/>
      </symbol>
      <symbol id="sm-3db">
         <name>_ZTVN10__cxxabiv120__si_class_type_infoE</name>
         <value>0x1c5c</value>
         <object_component_ref idref="oc-2d0"/>
      </symbol>
      <symbol id="sm-3dc">
         <name>_ZN10__cxxabiv117__pbase_type_infoD0Ev</name>
         <value>0x11d7</value>
         <object_component_ref idref="oc-2c7"/>
      </symbol>
      <symbol id="sm-3dd">
         <name>_ZN10__cxxabiv117__array_type_infoD0Ev</name>
         <value>0x11eb</value>
         <object_component_ref idref="oc-2c7"/>
      </symbol>
      <symbol id="sm-3de">
         <name>_ZSt21__gen_dummy_typeinfosv</name>
         <value>0x1149</value>
         <object_component_ref idref="oc-2c7"/>
      </symbol>
      <symbol id="sm-3df">
         <name>_ZN10__cxxabiv129__pointer_to_member_type_infoD1Ev</name>
         <value>0x1199</value>
         <object_component_ref idref="oc-2c7"/>
      </symbol>
      <symbol id="sm-3e0">
         <name>_ZN10__cxxabiv119__pointer_type_infoD0Ev</name>
         <value>0x11cd</value>
         <object_component_ref idref="oc-2c7"/>
      </symbol>
      <symbol id="sm-3e1">
         <name>_ZN10__cxxabiv120__si_class_type_infoD0Ev</name>
         <value>0x11b9</value>
         <object_component_ref idref="oc-2c7"/>
      </symbol>
      <symbol id="sm-3e2">
         <name>_ZTIPKe</name>
         <value>0x1c1c</value>
         <object_component_ref idref="oc-2e0"/>
      </symbol>
      <symbol id="sm-3e3">
         <name>_ZNKSt9type_infoeqERKS_</name>
         <value>0x1175</value>
         <object_component_ref idref="oc-2c7"/>
      </symbol>
      <symbol id="sm-3f2">
         <name>__aeabi_uidivmod</name>
         <value>0x16eb</value>
         <object_component_ref idref="oc-18c"/>
      </symbol>
      <symbol id="sm-3f3">
         <name>__aeabi_uidiv</name>
         <value>0x16eb</value>
         <object_component_ref idref="oc-18c"/>
      </symbol>
      <symbol id="sm-3fc">
         <name>_new_handler</name>
         <value>0x200008a4</value>
         <object_component_ref idref="oc-1ab"/>
      </symbol>
      <symbol id="sm-415">
         <name>_nop</name>
         <value>0x1937</value>
         <object_component_ref idref="oc-13c"/>
      </symbol>
      <symbol id="sm-416">
         <name>_lock</name>
         <value>0x20000888</value>
         <object_component_ref idref="oc-bd"/>
      </symbol>
      <symbol id="sm-417">
         <name>_unlock</name>
         <value>0x2000088c</value>
         <object_component_ref idref="oc-bd"/>
      </symbol>
      <symbol id="sm-418">
         <name>_register_lock</name>
         <value>0x192f</value>
         <object_component_ref idref="oc-13c"/>
      </symbol>
      <symbol id="sm-419">
         <name>_register_unlock</name>
         <value>0x1929</value>
         <object_component_ref idref="oc-13c"/>
      </symbol>
      <symbol id="sm-42d">
         <name>_args_main</name>
         <value>0x18fd</value>
         <object_component_ref idref="oc-6e"/>
      </symbol>
      <symbol id="sm-452">
         <name>__TI_auto_init</name>
         <value>0x131d</value>
         <object_component_ref idref="oc-68"/>
      </symbol>
      <symbol id="sm-46c">
         <name>copy_in</name>
         <value>0x15d1</value>
         <object_component_ref idref="oc-a4"/>
      </symbol>
      <symbol id="sm-477">
         <name>__aeabi_idiv0</name>
         <value>0x131b</value>
         <object_component_ref idref="oc-25d"/>
      </symbol>
      <symbol id="sm-481">
         <name>_system_post_cinit</name>
         <value>0x19c1</value>
         <object_component_ref idref="oc-aa"/>
      </symbol>
      <symbol id="sm-520">
         <name>CANIntRegister</name>
         <value>0x18e5</value>
         <object_component_ref idref="oc-1c6"/>
      </symbol>
      <symbol id="sm-521">
         <name>CANBitRateSet</name>
         <value>0x138d</value>
         <object_component_ref idref="oc-1f6"/>
      </symbol>
      <symbol id="sm-522">
         <name>CANEnable</name>
         <value>0x197b</value>
         <object_component_ref idref="oc-1d8"/>
      </symbol>
      <symbol id="sm-523">
         <name>CANStatusGet</name>
         <value>0x16ab</value>
         <object_component_ref idref="oc-104"/>
      </symbol>
      <symbol id="sm-524">
         <name>CANMessageSet</name>
         <value>0xae5</value>
         <object_component_ref idref="oc-1de"/>
      </symbol>
      <symbol id="sm-525">
         <name>CANIntClear</name>
         <value>0x1883</value>
         <object_component_ref idref="oc-10a"/>
      </symbol>
      <symbol id="sm-526">
         <name>CANIntStatus</name>
         <value>0x18a5</value>
         <object_component_ref idref="oc-fe"/>
      </symbol>
      <symbol id="sm-527">
         <name>CANInit</name>
         <value>0x172b</value>
         <object_component_ref idref="oc-1ea"/>
      </symbol>
      <symbol id="sm-528">
         <name>CANIntEnable</name>
         <value>0x1999</value>
         <object_component_ref idref="oc-1cc"/>
      </symbol>
      <symbol id="sm-562">
         <name>GPIOPinConfigure</name>
         <value>0x161d</value>
         <object_component_ref idref="oc-e6"/>
      </symbol>
      <symbol id="sm-563">
         <name>GPIOPinTypeUART</name>
         <value>0x194f</value>
         <object_component_ref idref="oc-f2"/>
      </symbol>
      <symbol id="sm-564">
         <name>GPIODirModeSet</name>
         <value>0x1835</value>
         <object_component_ref idref="oc-158"/>
      </symbol>
      <symbol id="sm-565">
         <name>GPIOPadConfigSet</name>
         <value>0xc1b</value>
         <object_component_ref idref="oc-15e"/>
      </symbol>
      <symbol id="sm-566">
         <name>GPIOPinTypeCAN</name>
         <value>0x193d</value>
         <object_component_ref idref="oc-1e4"/>
      </symbol>
      <symbol id="sm-5a0">
         <name>IntEnable</name>
         <value>0x1465</value>
         <object_component_ref idref="oc-1d2"/>
      </symbol>
      <symbol id="sm-5a1">
         <name>IntRegister</name>
         <value>0x179d</value>
         <object_component_ref idref="oc-27c"/>
      </symbol>
      <symbol id="sm-5a2">
         <name>g_pfnRAMVectors</name>
         <value>0x20000000</value>
         <object_component_ref idref="oc-2a9"/>
      </symbol>
      <symbol id="sm-600">
         <name>SysCtlPeripheralPresent</name>
         <value>0x1765</value>
         <object_component_ref idref="oc-165"/>
      </symbol>
      <symbol id="sm-601">
         <name>SysCtlClockSet</name>
         <value>0xf69</value>
         <object_component_ref idref="oc-111"/>
      </symbol>
      <symbol id="sm-602">
         <name>SysCtlDelay</name>
         <value>0x19a9</value>
         <object_component_ref idref="oc-110"/>
      </symbol>
      <symbol id="sm-603">
         <name>SysCtlPeripheralEnable</name>
         <value>0x17d1</value>
         <object_component_ref idref="oc-e0"/>
      </symbol>
      <symbol id="sm-604">
         <name>SysCtlClockGet</name>
         <value>0xd4d</value>
         <object_component_ref idref="oc-1f0"/>
      </symbol>
      <symbol id="sm-63f">
         <name>UARTConfigSetExpClk</name>
         <value>0x1665</value>
         <object_component_ref idref="oc-16b"/>
      </symbol>
      <symbol id="sm-640">
         <name>UARTDisable</name>
         <value>0x18c5</value>
         <object_component_ref idref="oc-24d"/>
      </symbol>
      <symbol id="sm-641">
         <name>UARTClockSourceSet</name>
         <value>0x19af</value>
         <object_component_ref idref="oc-ec"/>
      </symbol>
      <symbol id="sm-642">
         <name>UARTCharPut</name>
         <value>0x198f</value>
         <object_component_ref idref="oc-177"/>
      </symbol>
      <symbol id="sm-643">
         <name>UARTEnable</name>
         <value>0x1915</value>
         <object_component_ref idref="oc-171"/>
      </symbol>
      <symbol id="sm-644">
         <name>UARTCharGet</name>
         <value>0x1985</value>
         <object_component_ref idref="oc-17d"/>
      </symbol>
      <symbol id="sm-646">
         <name>__TI_static_base__</name>
         <value>0x0</value>
      </symbol>
      <symbol id="sm-649">
         <name>SHT$$INIT_ARRAY$$Limit</name>
         <value>0x0</value>
      </symbol>
      <symbol id="sm-64a">
         <name>SHT$$INIT_ARRAY$$Base</name>
         <value>0x0</value>
      </symbol>
   </symbol_table>
   <title>Link successful</title>
</link_info>
