******************************************************************************
                  TI ARM Linker PC v15.12.3                    
******************************************************************************
>> Linked Sat Jul 23 18:53:07 2016

OUTPUT FILE NAME:   <encoder_test.out>
ENTRY POINT SYMBOL: "_c_int00"  address: 00000465


MEMORY CONFIGURATION

         name            origin    length      used     unused   attr    fill
----------------------  --------  ---------  --------  --------  ----  --------
  FLASH                 00000000   00040000  000005e0  0003fa20  R  X
  SRAM                  20000000   00008000  00000220  00007de0  RW X


SEGMENT ALLOCATION MAP

run origin  load origin   length   init length attrs members
----------  ----------- ---------- ----------- ----- -------
00000000    00000000    000005e8   000005e8    r-x
  00000000    00000000    0000026c   0000026c    r-- .intvecs
  00000270    00000270    0000034c   0000034c    r-x .text
  000005c0    000005c0    00000028   00000028    r-- .cinit
20000000    20000000    00000220   00000000    rw-
  20000000    20000000    00000200   00000000    rw- .stack
  20000200    20000200    00000018   00000000    rw- .data
  20000218    20000218    00000008   00000000    rw- .sysmem


SECTION ALLOCATION MAP

 output                                  attributes/
section   page    origin      length       input sections
--------  ----  ----------  ----------   ----------------
.intvecs   0    00000000    0000026c     
                  00000000    0000026c     tm4c123gh6pz_startup_ccs.obj (.intvecs)

.text      0    00000270    0000034c     
                  00000270    0000009c     rtsv7M4_T_le_v4SPD16_eabi.lib : memcpy_t2.obj (.text)
                  0000030c    0000007a                                   : memset_t2.obj (.text)
                  00000386    00000002                                   : mpu_init.obj (.text)
                  00000388    00000070                                   : autoinit.obj (.text)
                  000003f8    0000006a                                   : copy_decompress_rle.obj (.text)
                  00000462    00000002                                   : startup.obj (.text)
                  00000464    00000054                                   : boot.obj (.text)
                  000004b8    00000054                                   : exit.obj (.text)
                  0000050c    0000004c                                   : cpy_tbl.obj (.text)
                  00000558    0000001a     tm4c123gh6pz_startup_ccs.obj (.text)
                  00000572    00000002     --HOLE-- [fill = 0]
                  00000574    00000018     rtsv7M4_T_le_v4SPD16_eabi.lib : args_main.obj (.text)
                  0000058c    00000014                                   : _lock.obj (.text)
                  000005a0    0000000e                                   : copy_decompress_none.obj (.text:decompress:none)
                  000005ae    00000006                                   : copy_decompress_rle.obj (.text:decompress:rle24)
                  000005b4    00000004                                   : pre_init.obj (.text)
                  000005b8    00000004     main.obj (.text)

.cinit     0    000005c0    00000028     
                  000005c0    00000016     (.cinit..data.load) [load image, compression = rle]
                  000005d6    00000002     --HOLE-- [fill = 0]
                  000005d8    00000008     (__TI_handler_table)
                  000005e0    00000008     (__TI_cinit_table)

.init_array 
*          0    00000000    00000000     UNINITIALIZED

.stack     0    20000000    00000200     UNINITIALIZED
                  20000000    00000200     --HOLE--

.data      0    20000200    00000018     UNINITIALIZED
                  20000200    0000000c     rtsv7M4_T_le_v4SPD16_eabi.lib : exit.obj (.data:$O1$$)
                  2000020c    00000008                                   : _lock.obj (.data:$O1$$)
                  20000214    00000004                                   : stkdepth_vars.obj (.data)

.sysmem    0    20000218    00000008     UNINITIALIZED
                  20000218    00000008     rtsv7M4_T_le_v4SPD16_eabi.lib : memory.obj (.sysmem)

MODULE SUMMARY

       Module                         code   ro data   rw data
       ------                         ----   -------   -------
    .\
       tm4c123gh6pz_startup_ccs.obj   26     620       0      
       main.obj                       4      0         0      
    +--+------------------------------+------+---------+---------+
       Total:                         30     620       0      
                                                              
    C:\ti\ccsv6\tools\compiler\arm_15.12.3.LTS\lib\rtsv7M4_T_le_v4SPD16_eabi.lib
       memcpy_t2.obj                  156    0         0      
       memset_t2.obj                  122    0         0      
       autoinit.obj                   112    0         0      
       copy_decompress_rle.obj        112    0         0      
       exit.obj                       84     0         12     
       boot.obj                       84     0         0      
       cpy_tbl.obj                    76     0         0      
       _lock.obj                      20     0         8      
       args_main.obj                  24     0         0      
       copy_decompress_none.obj       14     0         0      
       pre_init.obj                   4      0         0      
       stkdepth_vars.obj              0      0         4      
       mpu_init.obj                   2      0         0      
       startup.obj                    2      0         0      
    +--+------------------------------+------+---------+---------+
       Total:                         812    0         24     
                                                              
       Heap:                          0      0         8      
       Stack:                         0      0         512    
       Linker Generated:              0      38        0      
    +--+------------------------------+------+---------+---------+
       Grand Total:                   842    658       544    


LINKER GENERATED COPY TABLES

__TI_cinit_table @ 000005e0 records: 1, size/record: 8, table size: 8
	.data: load addr=000005c0, load size=00000016 bytes, run addr=20000200, run size=00000018 bytes, compression=rle


LINKER GENERATED HANDLER TABLE

__TI_handler_table @ 000005d8 records: 2, size/record: 4, table size: 8
	index: 0, handler: __TI_decompress_rle24
	index: 1, handler: __TI_decompress_none


GLOBAL SYMBOLS: SORTED ALPHABETICALLY BY Name 

address   name                           
-------   ----                           
000004b9  C$$EXIT                        
00000559  ResetISR                       
UNDEFED   SHT$$INIT_ARRAY$$Base          
UNDEFED   SHT$$INIT_ARRAY$$Limit         
20000200  __STACK_END                    
00000200  __STACK_SIZE                   
20000200  __STACK_TOP                    
00000008  __SYSMEM_SIZE                  
000005e0  __TI_CINIT_Base                
000005e8  __TI_CINIT_Limit               
000005d8  __TI_Handler_Table_Base        
000005e0  __TI_Handler_Table_Limit       
00000389  __TI_auto_init                 
20000200  __TI_cleanup_ptr               
000005a1  __TI_decompress_none           
000005af  __TI_decompress_rle24          
20000204  __TI_dtors_ptr                 
20000208  __TI_enable_exit_profile_output
ffffffff  __TI_pprof_out_hndl            
ffffffff  __TI_prof_data_size            
ffffffff  __TI_prof_data_start           
00000000  __TI_static_base__             
0000030d  __aeabi_memclr                 
0000030d  __aeabi_memclr4                
0000030d  __aeabi_memclr8                
00000271  __aeabi_memcpy                 
00000271  __aeabi_memcpy4                
00000271  __aeabi_memcpy8                
0000030f  __aeabi_memset                 
0000030f  __aeabi_memset4                
0000030f  __aeabi_memset8                
ffffffff  __binit__                      
ffffffff  __c_args__                     
00000387  __mpu_init                     
20000000  __stack                        
00000575  _args_main                     
00000465  _c_int00                       
2000020c  _lock                          
0000059b  _nop                           
00000593  _register_lock                 
0000058d  _register_unlock               
20000218  _sys_memory                    
00000463  _system_post_cinit             
000005b5  _system_pre_init               
20000210  _unlock                        
000004bd  abort                          
ffffffff  binit                          
0000050d  copy_in                        
000004c5  exit                           
00000000  g_pfnVectors                   
000005b9  main                           
20000214  main_func_sp                   
00000271  memcpy                         
00000315  memset                         


GLOBAL SYMBOLS: SORTED BY Symbol Address 

address   name                           
-------   ----                           
00000000  __TI_static_base__             
00000000  g_pfnVectors                   
00000008  __SYSMEM_SIZE                  
00000200  __STACK_SIZE                   
00000271  __aeabi_memcpy                 
00000271  __aeabi_memcpy4                
00000271  __aeabi_memcpy8                
00000271  memcpy                         
0000030d  __aeabi_memclr                 
0000030d  __aeabi_memclr4                
0000030d  __aeabi_memclr8                
0000030f  __aeabi_memset                 
0000030f  __aeabi_memset4                
0000030f  __aeabi_memset8                
00000315  memset                         
00000387  __mpu_init                     
00000389  __TI_auto_init                 
00000463  _system_post_cinit             
00000465  _c_int00                       
000004b9  C$$EXIT                        
000004bd  abort                          
000004c5  exit                           
0000050d  copy_in                        
00000559  ResetISR                       
00000575  _args_main                     
0000058d  _register_unlock               
00000593  _register_lock                 
0000059b  _nop                           
000005a1  __TI_decompress_none           
000005af  __TI_decompress_rle24          
000005b5  _system_pre_init               
000005b9  main                           
000005d8  __TI_Handler_Table_Base        
000005e0  __TI_CINIT_Base                
000005e0  __TI_Handler_Table_Limit       
000005e8  __TI_CINIT_Limit               
20000000  __stack                        
20000200  __STACK_END                    
20000200  __STACK_TOP                    
20000200  __TI_cleanup_ptr               
20000204  __TI_dtors_ptr                 
20000208  __TI_enable_exit_profile_output
2000020c  _lock                          
20000210  _unlock                        
20000214  main_func_sp                   
20000218  _sys_memory                    
ffffffff  __TI_pprof_out_hndl            
ffffffff  __TI_prof_data_size            
ffffffff  __TI_prof_data_start           
ffffffff  __binit__                      
ffffffff  __c_args__                     
ffffffff  binit                          
UNDEFED   SHT$$INIT_ARRAY$$Base          
UNDEFED   SHT$$INIT_ARRAY$$Limit         

[54 symbols]
